--------- beginning of system
07-03 17:36:15.218 W/ActivityManager(  577): Slow operation: 274ms so far, now at startProcess: done starting proc!
07-03 17:36:15.443 W/ActivityManager(  577): Slow operation: 498ms so far, now at startProcess: asking zygote to start proc
07-03 17:36:15.457 W/ActivityManager(  577): Slow operation: 512ms so far, now at startProcess: returned from zygote!
07-03 17:36:15.457 W/ActivityManager(  577): Slow operation: 512ms so far, now at startProcess: done updating battery stats
07-03 17:36:15.457 W/ActivityManager(  577): Slow operation: 512ms so far, now at startProcess: building log message
07-03 17:36:15.457 I/ActivityManager(  577): Start proc 9380:ai.elizaos.app/u0a208 for next-top-activity {ai.elizaos.app/ai.elizaos.app.MainActivity}
07-03 17:36:15.457 W/ActivityManager(  577): Slow operation: 512ms so far, now at startProcess: starting to update pids map
07-03 17:36:15.457 W/ActivityManager(  577): Slow operation: 512ms so far, now at startProcess: done updating pids map
--------- beginning of main
07-03 17:36:27.656 W/ai.elizaos.app( 9380): Verification of kotlin.Lazy kotlin.LazyKt__LazyJVMKt.lazy(kotlin.LazyThreadSafetyMode, kotlin.jvm.functions.Function0) took 142.327ms (449.67 bytecodes/s) (3928B approximate peak alloc)
07-03 17:36:28.511 W/ai.elizaos.app( 9380): Verification of java.lang.Object kotlinx.coroutines.JobSupportKt.boxIncomplete(java.lang.Object) took 309.559ms (48.46 bytecodes/s) (2456B approximate peak alloc)
07-03 17:36:29.009 W/ai.elizaos.app( 9380): Verification of void okhttp3.internal.platform.android.BouncyCastleSocketAdapter.configureTlsExtensions(javax.net.ssl.SSLSocket, java.lang.String, java.util.List) took 188.474ms (259.98 bytecodes/s) (3272B approximate peak alloc)
07-03 17:36:29.182 I/ActivityManager(  577): Background started FGS: Allowed [callingPackage: ai.elizaos.app; callingUid: 10208; uidState: TOP ; uidBFSL: [BFSL]; intent: Intent { cmp=ai.elizaos.app/.GatewayConnectionService }; code:PROC_STATE_TOP; tempAllowListReason:<null>; targetSdkVersion:35; callerTargetSdkVersion:35; startForegroundCount:0; bindFromPackage:null: isBindService:false]
07-03 17:36:29.197 I/ActivityManager(  577): Background started FGS: Allowed [callingPackage: ai.elizaos.app; callingUid: 10208; uidState: TOP ; uidBFSL: [BFSL]; intent: Intent { act=app.eliza.action.START_AGENT cmp=ai.elizaos.app/.ElizaAgentService }; code:PROC_STATE_TOP; tempAllowListReason:<null>; targetSdkVersion:35; callerTargetSdkVersion:35; startForegroundCount:0; bindFromPackage:null: isBindService:false]
07-03 17:36:29.832 W/ai.elizaos.app( 9380): Verification of android.graphics.drawable.Drawable androidx.appcompat.widget.ResourceManagerInternal.tintDrawable(android.content.Context, int, boolean, android.graphics.drawable.Drawable) took 116.297ms (429.93 bytecodes/s) (3304B approximate peak alloc)
07-03 17:36:29.834 W/ai.elizaos.app( 9380): Verification of void kotlinx.coroutines.flow.internal.SafeCollector_commonKt.checkContext(kotlinx.coroutines.flow.internal.SafeCollector, kotlin.coroutines.CoroutineContext) took 119.029ms (630.10 bytecodes/s) (3520B approximate peak alloc)
07-03 17:36:30.064 W/ai.elizaos.app( 9380): Entry not found
07-03 17:36:30.658 I/ActivityManager(  577): Start proc 9443:com.google.android.webview:sandboxed_process0:org.chromium.content.app.SandboxedProcessService0:0/u0i3 for  {ai.elizaos.app/org.chromium.content.app.SandboxedProcessService0:0}
07-03 17:36:31.713 W/ai.elizaos.app( 9380): Accessing hidden method Landroid/view/ViewGroup;->makeOptionalFitsSystemWindows()V (unsupported, reflection, allowed)
07-03 17:36:32.191 W/ai.elizaos.app( 9380): Verification of void ai.eliza.plugins.appblocker.AppBlockerPlugin.blockApps(com.getcapacitor.PluginCall) took 102.907ms (2876.38 bytecodes/s) (8424B approximate peak alloc)
07-03 17:36:34.357 W/ai.elizaos.app( 9380): Verification of boolean com.getcapacitor.CapConfig.validateScheme(java.lang.String) took 701.921ms (173.81 bytecodes/s) (3800B approximate peak alloc)
07-03 17:36:34.987 W/ai.elizaos.app( 9380): ApkAssets: Deleting an ApkAssets object '<empty> and /data/app/~~sYPcRkjxaxkfFYQbjvLW9g==/com.google.android.webview-fCGruNoNJXyZJYeMuHvPuw==/WebViewGoogle.apk' with 2 weak references
07-03 17:36:36.269 I/ActivityManager(  577): Start proc 9493:com.google.android.tts/u0a154 for service {com.google.android.tts/com.google.android.apps.speech.tts.googletts.service.GoogleTtsService}
07-03 17:36:36.965 W/ai.elizaos.app( 9380): ApkAssets: Deleting an ApkAssets object '<empty> and /product/app/GoogleTTS/GoogleTTS.apk' with 1 weak references
07-03 17:36:37.147 I/ActivityManager(  577): Start proc 9527:com.android.chrome/u0a145 for service {com.android.chrome/org.chromium.chrome.browser.customtabs.CustomTabsConnectionService}
07-03 17:36:57.150 I/ActivityManager(  577): Extending process start timeout by 9745ms for ProcessRecord{fe26552 9527:com.android.chrome/u0a145}
07-03 17:36:57.426 W/ElizaAgent( 9380): Historical process exit: pid=8501 process=com.google.android.webview:sandboxed_process0:org.chromium.content.app.SandboxedProcessService0:0 reason=EXIT_SELF status=0 importance=300 pssKb=0 rssKb=100552 description=[ISOLATED NOT NEEDED] isolated not needed
07-03 17:36:57.575 W/ElizaAgent( 9380): Historical process exit: pid=8271 process=ai.elizaos.app reason=CRASH status=0 importance=100 pssKb=0 rssKb=243616 description=crash
07-03 17:36:57.729 W/ActivityManager(  577): Timeout executing service: ServiceRecord{97624fd u0 com.google.android.tts/com.google.android.apps.speech.tts.googletts.service.GoogleTtsService c:android}
07-03 17:36:57.749 I/ActivityManager(  577): Collecting stacks for pid 9493 into temporary file temp_anr_7527867401614072695.txt
07-03 17:36:58.290 I/ActivityManager(  577): Background started FGS: Allowed [callingPackage: ai.elizaos.app; callingUid: 10208; uidState: TOP ; uidBFSL: [BFSL]; intent: Intent { act=app.eliza.action.START_AGENT cmp=ai.elizaos.app/.ElizaAgentService }; code:PROC_STATE_TOP; tempAllowListReason:<null>; targetSdkVersion:35; callerTargetSdkVersion:35; startForegroundCount:0; bindFromPackage:null: isBindService:false]; startForegroundDelayMs:29094
07-03 17:36:58.296 I/ActivityManager(  577): dumpStackTraces pids=null
07-03 17:36:58.531 I/ActivityManager(  577): Dumping to /data/anr/anr_2026-07-03-17-36-58-296
07-03 17:37:01.568 W/ai.elizaos.app( 9380): Verification of void androidx.core.app.NotificationManagerCompat.notify(java.lang.String, int, android.app.Notification) took 344.952ms (92.77 bytecodes/s) (3008B approximate peak alloc)
07-03 17:37:03.436 I/ElizaAgent( 9380): libelizainference.so present; exporting ELIZA_INFERENCE_LIBRARY=/data/app/~~wEk3UGj0q9qtZPvDrOENkw==/ai.elizaos.app-Z1EAgm0Ud27PaaEq8fmY8w==/lib/arm64/libelizainference.so
07-03 17:37:03.519 I/ElizaAgent( 9380): inference memory policy: ramClass=CONSTRAINED totalMem=2975MB availMem=1951MB lmkThreshold=216MB nCtx=4096 idleUnloadMs=300000
07-03 17:37:03.519 I/ElizaAgent( 9380): agent/arm64-v8a/libelizainference.so present; enabling native bun:ffi inference (ELIZA_LOCAL_LLAMA=1)
07-03 17:37:03.758 I/ElizaAgent( 9380): Agent launcher started (pid=-1).
07-03 17:37:06.190 I/ActivityManager(  577): dumpStackTraces nativepids=null
07-03 17:37:06.191 I/ActivityManager(  577): dumpStackTraces extraPids=null
07-03 17:37:06.191 I/ActivityManager(  577): Done dumping
07-03 17:37:07.089 E/ActivityManager(  577): ANR in com.google.android.tts
07-03 17:37:07.089 E/ActivityManager(  577): PID: 9493
07-03 17:37:07.089 E/ActivityManager(  577): Reason: executing service com.google.android.tts/com.google.android.apps.speech.tts.googletts.service.GoogleTtsService, waited 21200ms
07-03 17:37:07.089 E/ActivityManager(  577): ErrorId: 02fa1583-63d0-46f0-b965-d4340194edc7
07-03 17:37:07.089 E/ActivityManager(  577): Frozen: false
07-03 17:37:07.089 E/ActivityManager(  577): Load: 0.0 / 0.0 / 0.0
07-03 17:37:07.089 E/ActivityManager(  577): ----- Output from /proc/pressure/memory -----
07-03 17:37:07.089 E/ActivityManager(  577): some avg10=0.00 avg60=0.44 avg300=0.69 total=93768948
07-03 17:37:07.089 E/ActivityManager(  577): full avg10=0.00 avg60=0.03 avg300=0.11 total=46594879
07-03 17:37:07.089 E/ActivityManager(  577): ----- End output from /proc/pressure/memory -----
07-03 17:37:07.089 E/ActivityManager(  577): ----- Output from /proc/pressure/cpu -----
07-03 17:37:07.089 E/ActivityManager(  577): some avg10=41.12 avg60=61.20 avg300=50.59 total=1256833897
07-03 17:37:07.089 E/ActivityManager(  577): full avg10=0.00 avg60=0.00 avg300=0.00 total=0
07-03 17:37:07.089 E/ActivityManager(  577): ----- End output from /proc/pressure/cpu -----
07-03 17:37:07.089 E/ActivityManager(  577): ----- Output from /proc/pressure/io -----
07-03 17:37:07.089 E/ActivityManager(  577): some avg10=8.99 avg60=17.59 avg300=16.53 total=421503591
07-03 17:37:07.089 E/ActivityManager(  577): full avg10=0.80 avg60=3.85 avg300=2.67 total=136886704
07-03 17:37:07.089 E/ActivityManager(  577): ----- End output from /proc/pressure/io -----
07-03 17:37:07.089 E/ActivityManager(  577): 
07-03 17:37:07.089 E/ActivityManager(  577): CPU usage from 4ms to 8435ms later (2026-07-03 17:36:57.760 to 2026-07-03 17:37:06.191):
07-03 17:37:07.089 E/ActivityManager(  577):   79% 9380/ai.elizaos.app: 58% user + 21% kernel / faults: 3061 minor 6 major
07-03 17:37:07.089 E/ActivityManager(  577):   46% 406/android.hardware.graphics.composer3-service.ranchu: 1.3% user + 44% kernel
07-03 17:37:07.089 E/ActivityManager(  577):   33% 845/com.android.systemui: 26% user + 6.2% kernel / faults: 1847 minor 10 major
07-03 17:37:07.089 E/ActivityManager(  577):   24% 9493/com.google.android.tts: 17% user + 7.1% kernel / faults: 2038 minor 62 major
07-03 17:37:07.089 E/ActivityManager(  577):   14% 577/system_server: 0% user + 14% kernel / faults: 583 minor 1 major
07-03 17:37:07.089 E/ActivityManager(  577):   13% 9527/com.android.chrome: 8.5% user + 5% kernel / faults: 2868 minor 77 major
07-03 17:37:07.089 E/ActivityManager(  577):   11% 9443/com.google.android.webview:sandboxed_process0:org.chromium.content.app.SandboxedProcessService0:0: 7% user + 4.1% kernel / faults: 2030 minor 23 major
07-03 17:37:07.089 E/ActivityManager(  577):   9.9% 5833/com.google.android.gms.persistent: 6.5% user + 3.3% kernel / faults: 635 minor
07-03 17:37:07.089 E/ActivityManager(  577):   5.7% 3424/adbd: 1.9% user + 3.8% kernel / faults: 2955 minor
07-03 17:37:07.089 E/ActivityManager(  577):   4.6% 6353/com.google.android.as: 3.4% user + 1.2% kernel / faults: 173 minor 16 major
07-03 17:37:07.089 E/ActivityManager(  577): 82% TOTAL: 17% user + 17% kernel + 6.7% iowait + 38% irq + 2.6% softirq
07-03 17:37:07.089 E/ActivityManager(  577): CPU usage from 5145545ms to 5145545ms ago (1969-12-31 19:00:00.000 to 1969-12-31 19:00:00.000) with 0% awake:
07-03 17:37:07.089 E/ActivityManager(  577): 0% TOTAL: 0% user + 0% kernel
07-03 17:37:07.096 I/ActivityManager(  577): Killing 9493:com.google.android.tts/u0a154 (adj 0): bg anr
07-03 17:37:07.293 I/ActivityManager(  577): Process PhantomProcessRecord {d2de01b 9616:9380:pkill/u0a208} died
07-03 17:37:24.033 I/ActivityManager(  577): Process PhantomProcessRecord {92866ce 9610:9380:sh/u0a208} died
07-03 17:37:24.503 I/ElizaAgent( 9380): Agent launcher exited after detached start (pid=-1 alive=20748ms).
07-03 17:37:25.506 W/ActivityManager(  577): Scheduling restart of crashed service com.google.android.tts/com.google.android.apps.speech.tts.googletts.service.GoogleTtsService in 1000ms for connection
07-03 17:37:27.507 W/ActivityManager(  577): pid 5833 com.google.android.gms.persistent sent binder code 1 with flags 1 to frozen apps and got error -32
07-03 17:37:28.407 I/ActivityManager(  577): Killing 9527:com.android.chrome/u0a145 (adj 900): excessive cpu 13980 during 305711 dur=5173799 limit=2
07-03 17:37:28.917 W/ActivityManager(  577): Slow operation: 385ms so far, now at startProcess: asking zygote to start proc
07-03 17:37:28.921 W/ActivityManager(  577): Scheduling restart of crashed service com.android.chrome/org.chromium.chrome.browser.customtabs.CustomTabsConnectionService in 1000ms for connection
07-03 17:37:28.946 W/ActivityManager(  577): Slow operation: 538ms so far, now at startProcess: returned from zygote!
07-03 17:37:28.946 W/ActivityManager(  577): Slow operation: 538ms so far, now at startProcess: done updating battery stats
07-03 17:37:28.946 W/ActivityManager(  577): Slow operation: 538ms so far, now at startProcess: building log message
07-03 17:37:28.946 I/ActivityManager(  577): Start proc 9671:com.google.android.tts/u0a154 for service {com.google.android.tts/com.google.android.apps.speech.tts.googletts.service.GoogleTtsService}
07-03 17:37:28.947 W/ActivityManager(  577): Slow operation: 538ms so far, now at startProcess: starting to update pids map
07-03 17:37:28.947 W/ActivityManager(  577): Slow operation: 539ms so far, now at startProcess: done updating pids map
07-03 17:37:31.876 W/ActivityManager(  577): Slow operation: 326ms so far, now at startProcess: returned from zygote!
07-03 17:37:31.876 W/ActivityManager(  577): Slow operation: 326ms so far, now at startProcess: done updating battery stats
07-03 17:37:31.876 W/ActivityManager(  577): Slow operation: 326ms so far, now at startProcess: building log message
07-03 17:37:31.876 I/ActivityManager(  577): Start proc 9687:com.android.chrome/u0a145 for service {com.android.chrome/org.chromium.chrome.browser.customtabs.CustomTabsConnectionService}
07-03 17:37:31.876 W/ActivityManager(  577): Slow operation: 326ms so far, now at startProcess: starting to update pids map
07-03 17:37:31.876 W/ActivityManager(  577): Slow operation: 326ms so far, now at startProcess: done updating pids map
07-03 17:37:42.181 W/ActivityManager(  577): Process ProcessRecord{9d84a30 9687:com.android.chrome/u0a145} failed to attach
07-03 17:37:42.181 W/ActivityManager(  577): Forcing bringing down service: ServiceRecord{80de5dd u0 com.android.chrome/org.chromium.chrome.browser.customtabs.CustomTabsConnectionService c:ai.elizaos.app}
07-03 17:37:42.184 I/ActivityManager(  577): Killing 9687:com.android.chrome/u0a145 (adj -10000): start timeout
07-03 17:37:42.723 W/ai.elizaos.app( 9380): Verification of android.graphics.Typeface androidx.core.graphics.TypefaceCompatApi29Impl.createFromFontInfoWithFallback(android.content.Context, android.os.CancellationSignal, java.util.List, int) took 372.987ms (201.08 bytecodes/s) (4112B approximate peak alloc)
07-03 17:37:42.881 I/ElizaAgent( 9380): Service destroyed without a stop request; leaving the agent process running for adoption.
07-03 17:37:43.186 W/ai.elizaos.app( 9380): Long monitor contention with owner ThreadPoolForeg (9457) at java.lang.Object libcore.content.type.MimeMap$MemoizingSupplier.get()(MimeMap.java:475) waiters=0 in java.lang.Object libcore.content.type.MimeMap$MemoizingSupplier.get() for 39.675s
07-03 17:37:43.186 W/ai.elizaos.app( 9380): Long monitor contention with owner ThreadPoolForeg (9457) at java.lang.Object libcore.content.type.MimeMap$MemoizingSupplier.get()(MimeMap.java:475) waiters=1 in java.lang.Object libcore.content.type.MimeMap$MemoizingSupplier.get() for 39.674s
07-03 17:37:43.186 W/ai.elizaos.app( 9380): Long monitor contention with owner ThreadPoolForeg (9457) at java.lang.Object libcore.content.type.MimeMap$MemoizingSupplier.get()(MimeMap.java:475) waiters=2 in java.lang.Object libcore.content.type.MimeMap$MemoizingSupplier.get() for 39.662s
07-03 17:37:43.186 W/ai.elizaos.app( 9380): Long monitor contention with owner ThreadPoolForeg (9457) at java.lang.Object libcore.content.type.MimeMap$MemoizingSupplier.get()(MimeMap.java:475) waiters=3 in java.lang.Object libcore.content.type.MimeMap$MemoizingSupplier.get() for 39.462s
07-03 17:37:43.620 W/ActivityManager(  577): pid 9380 ai.elizaos.app sent binder code 2 with flags 2 to frozen apps and got error -32
07-03 17:37:44.725 W/ai.elizaos.app( 9380): Long monitor contention with owner ThreadPoolForeg (9461) at java.io.InputStream android.content.res.AssetManager.open(java.lang.String, int)(AssetManager.java:991) waiters=0 in java.io.InputStream android.content.res.AssetManager.open(java.lang.String, int) for 260ms
07-03 17:37:45.550 I/ActivityManager(  577): Background started FGS: Allowed [callingPackage: ai.elizaos.app; callingUid: 10208; uidState: TOP ; uidBFSL: [BFSL]; intent: Intent { act=app.eliza.action.START_AGENT cmp=ai.elizaos.app/.ElizaAgentService }; code:PROC_STATE_TOP; tempAllowListReason:<null>; targetSdkVersion:35; callerTargetSdkVersion:35; startForegroundCount:0; bindFromPackage:null: isBindService:false]
07-03 17:37:53.149 W/ai.elizaos.app( 9380): Verification of androidx.emoji2.text.flatbuffer.MetadataList androidx.emoji2.text.MetadataListReader.read(android.content.res.AssetManager, java.lang.String) took 261.510ms (99.42 bytecodes/s) (2920B approximate peak alloc)
07-03 17:37:54.750 I/ElizaAgent( 9380): Detached agent still in cold boot (launched 51081ms ago); not relaunching.
07-03 17:39:05.016 W/ai.elizaos.app( 9380): Suspending all threads took: 151.881ms
07-03 17:39:45.125 I/ActivityManager(  577): dumpStackTraces pids={}
07-03 17:39:49.801 I/ActivityManager(  577): Skipping next CPU consuming process, not a java proc: 406
07-03 17:39:49.801 I/ActivityManager(  577): Skipping next CPU consuming process, not a java proc: 944
07-03 17:39:49.801 I/ActivityManager(  577): Skipping next CPU consuming process, not a java proc: 6764
07-03 17:39:49.801 I/ActivityManager(  577): Skipping next CPU consuming process, not a java proc: 577
07-03 17:39:49.801 I/ActivityManager(  577): Skipping next CPU consuming process, not a java proc: 9380
07-03 17:39:49.801 I/ActivityManager(  577): Skipping next CPU consuming process, not a java proc: 9443
07-03 17:39:49.801 I/ActivityManager(  577): Skipping next CPU consuming process, not a java proc: 6353
07-03 17:39:49.801 I/ActivityManager(  577): Skipping next CPU consuming process, not a java proc: 16
07-03 17:39:49.801 I/ActivityManager(  577): Skipping next CPU consuming process, not a java proc: 845
07-03 17:39:49.801 I/ActivityManager(  577): Skipping next CPU consuming process, not a java proc: 163
07-03 17:39:49.801 I/ActivityManager(  577): Skipping next CPU consuming process, not a java proc: 5833
07-03 17:39:50.002 I/ActivityManager(  577): Dumping to /data/anr/anr_2026-07-03-17-39-49-801
07-03 17:39:50.002 I/ActivityManager(  577): Collecting stacks for pid 577
07-03 17:40:07.834 W/ActivityManager(  577): Dumping Java threads failed, initiating native stack dump.
07-03 17:40:11.673 W/ActivityManager(  577): Native stack dump failed!
07-03 17:40:11.674 E/ActivityManager(  577): Aborting stack trace dump (current firstPid=577); deadline exceeded.
07-03 17:40:15.345 W/ai.elizaos.app( 9380): Long monitor contention with owner ThreadPoolForeg (9457) at java.io.InputStream android.content.res.AssetManager.open(java.lang.String, int)(AssetManager.java:991) waiters=1 in java.io.InputStream android.content.res.AssetManager.open(java.lang.String, int) for 1.443s
07-03 17:41:07.179 I/ActivityManager(  577): Waited long enough for: ServiceRecord{3af5c6d u0 com.google.android.gms/.chimera.GmsIntentOperationService c:com.google.android.gms}
07-03 17:41:08.334 W/ai.elizaos.app( 9380): Long monitor contention with owner Thread-3 (9946) at com.android.okhttp.internal.io.RealConnection com.android.okhttp.internal.http.StreamAllocation.findConnection(int, int, int, boolean)(StreamAllocation.java:174) waiters=2 in com.android.okhttp.internal.io.RealConnection com.android.okhttp.internal.http.StreamAllocation.findConnection(int, int, int, boolean) for 1.080s
07-03 17:41:08.338 W/ai.elizaos.app( 9380): Long monitor contention with owner Thread-3 (9946) at com.android.okhttp.internal.io.RealConnection com.android.okhttp.internal.http.StreamAllocation.findConnection(int, int, int, boolean)(StreamAllocation.java:174) waiters=3 in com.android.okhttp.internal.io.RealConnection com.android.okhttp.internal.http.StreamAllocation.findConnection(int, int, int, boolean) for 1.084s
07-03 17:41:08.348 W/ai.elizaos.app( 9380): Long monitor contention with owner Thread-3 (9946) at com.android.okhttp.internal.io.RealConnection com.android.okhttp.internal.http.StreamAllocation.findConnection(int, int, int, boolean)(StreamAllocation.java:174) waiters=1 in com.android.okhttp.internal.io.RealConnection com.android.okhttp.internal.http.StreamAllocation.findConnection(int, int, int, boolean) for 1.169s
07-03 17:41:08.349 W/ai.elizaos.app( 9380): Long monitor contention with owner Thread-3 (9946) at com.android.okhttp.internal.io.RealConnection com.android.okhttp.internal.http.StreamAllocation.findConnection(int, int, int, boolean)(StreamAllocation.java:174) waiters=4 in com.android.okhttp.internal.io.RealConnection com.android.okhttp.internal.http.StreamAllocation.findConnection(int, int, int, boolean) for 974ms
07-03 17:41:12.817 W/ai.elizaos.app( 9380): Long monitor contention with owner Thread-7 (9952) at com.android.okhttp.internal.io.RealConnection com.android.okhttp.internal.http.StreamAllocation.findConnection(int, int, int, boolean)(StreamAllocation.java:174) waiters=2 in com.android.okhttp.internal.io.RealConnection com.android.okhttp.internal.http.StreamAllocation.findConnection(int, int, int, boolean) for 516ms
07-03 17:41:13.291 W/ai.elizaos.app( 9380): Long monitor contention with owner Thread-7 (9952) at com.android.okhttp.internal.io.RealConnection com.android.okhttp.internal.http.StreamAllocation.findConnection(int, int, int, boolean)(StreamAllocation.java:174) waiters=1 in com.android.okhttp.internal.io.RealConnection com.android.okhttp.internal.http.StreamAllocation.findConnection(int, int, int, boolean) for 1.357s
07-03 17:41:29.547 W/ActivityManager(  577): SLOW OOM ADJ: 556ms for pid 5833 = 100
07-03 17:41:34.189 W/ai.elizaos.app( 9380): Long monitor contention with owner Thread-4 (9947) at com.android.okhttp.internal.io.RealConnection com.android.okhttp.internal.http.StreamAllocation.findConnection(int, int, int, boolean)(StreamAllocation.java:174) waiters=3 in com.android.okhttp.internal.io.RealConnection com.android.okhttp.internal.http.StreamAllocation.findConnection(int, int, int, boolean) for 1.317s
07-03 17:41:43.106 W/ActivityManager(  577): Slow operation: 140ms so far, now at startProcess: done creating new process record
07-03 17:41:43.106 W/ActivityManager(  577): Slow operation: 140ms so far, now at startProcess: stepping in to startProcess
07-03 17:41:43.107 W/ActivityManager(  577): Slow operation: 141ms so far, now at startProcess: done starting proc!
07-03 17:41:43.274 W/ActivityManager(  577): Slow operation: 168ms so far, now at startProcess: asking zygote to start proc
07-03 17:41:43.718 W/ActivityManager(  577): Slow operation: 612ms so far, now at startProcess: returned from zygote!
07-03 17:41:43.730 W/ActivityManager(  577): Slow operation: 624ms so far, now at startProcess: done updating battery stats
07-03 17:41:43.736 W/ActivityManager(  577): Slow operation: 630ms so far, now at startProcess: building log message
07-03 17:41:43.736 I/ActivityManager(  577): Start proc 10076:com.android.chrome/u0a145 for service {com.android.chrome/org.chromium.chrome.browser.customtabs.CustomTabsConnectionService}
07-03 17:41:43.736 W/ActivityManager(  577): Slow operation: 630ms so far, now at startProcess: starting to update pids map
07-03 17:41:43.736 W/ActivityManager(  577): Slow operation: 630ms so far, now at startProcess: done updating pids map
07-03 17:41:44.665 W/ActivityManager(  577): Slow operation: 56ms so far, now at attachApplicationLocked: immediately before bindApplication
07-03 17:41:44.666 W/ActivityManager(  577): Slow operation: 57ms so far, now at attachApplicationLocked: immediately after bindApplication
07-03 17:41:44.666 W/ActivityManager(  577): Slow operation: 57ms so far, now at attachApplicationLocked: after updateLruProcessLocked
07-03 17:41:44.707 W/ActivityManager(  577): Slow operation: 98ms so far, now at attachApplicationLocked: after updateOomAdjLocked
07-03 17:41:45.842 W/ai.elizaos.app( 9380): Long monitor contention with owner ThreadPoolForeg (9457) at java.io.InputStream android.content.res.AssetManager.open(java.lang.String, int)(AssetManager.java:991) waiters=0 in java.io.InputStream android.content.res.AssetManager.open(java.lang.String, int) for 764ms
07-03 17:41:45.959 W/ai.elizaos.app( 9380): Long monitor contention with owner Thread-35 (10118) at com.android.okhttp.internal.io.RealConnection com.android.okhttp.internal.http.StreamAllocation.findConnection(int, int, int, boolean)(StreamAllocation.java:174) waiters=4 in com.android.okhttp.internal.io.RealConnection com.android.okhttp.internal.http.StreamAllocation.findConnection(int, int, int, boolean) for 183ms
07-03 17:41:50.584 W/ai.elizaos.app( 9380): Long monitor contention with owner Thread-31 (10107) at com.android.okhttp.internal.io.RealConnection com.android.okhttp.internal.http.StreamAllocation.findConnection(int, int, int, boolean)(StreamAllocation.java:174) waiters=2 in com.android.okhttp.internal.io.RealConnection com.android.okhttp.internal.http.StreamAllocation.findConnection(int, int, int, boolean) for 3.278s
07-03 17:41:50.585 W/ai.elizaos.app( 9380): Long monitor contention with owner Thread-31 (10107) at com.android.okhttp.internal.io.RealConnection com.android.okhttp.internal.http.StreamAllocation.findConnection(int, int, int, boolean)(StreamAllocation.java:174) waiters=4 in com.android.okhttp.internal.io.RealConnection com.android.okhttp.internal.http.StreamAllocation.findConnection(int, int, int, boolean) for 3.279s
07-03 17:41:50.586 W/ai.elizaos.app( 9380): Long monitor contention with owner Thread-31 (10107) at com.android.okhttp.internal.io.RealConnection com.android.okhttp.internal.http.StreamAllocation.findConnection(int, int, int, boolean)(StreamAllocation.java:174) waiters=6 in com.android.okhttp.internal.io.RealConnection com.android.okhttp.internal.http.StreamAllocation.findConnection(int, int, int, boolean) for 3.280s
07-03 17:41:50.590 W/ai.elizaos.app( 9380): Long monitor contention with owner Thread-31 (10107) at com.android.okhttp.internal.io.RealConnection com.android.okhttp.internal.http.StreamAllocation.findConnection(int, int, int, boolean)(StreamAllocation.java:174) waiters=7 in com.android.okhttp.internal.io.RealConnection com.android.okhttp.internal.http.StreamAllocation.findConnection(int, int, int, boolean) for 3.283s
07-03 17:41:50.590 W/ai.elizaos.app( 9380): Long monitor contention with owner Thread-31 (10107) at com.android.okhttp.internal.io.RealConnection com.android.okhttp.internal.http.StreamAllocation.findConnection(int, int, int, boolean)(StreamAllocation.java:174) waiters=8 in com.android.okhttp.internal.io.RealConnection com.android.okhttp.internal.http.StreamAllocation.findConnection(int, int, int, boolean) for 3.282s
07-03 17:41:50.590 W/ai.elizaos.app( 9380): Long monitor contention with owner Thread-31 (10107) at com.android.okhttp.internal.io.RealConnection com.android.okhttp.internal.http.StreamAllocation.findConnection(int, int, int, boolean)(StreamAllocation.java:174) waiters=10 in com.android.okhttp.internal.io.RealConnection com.android.okhttp.internal.http.StreamAllocation.findConnection(int, int, int, boolean) for 3.282s
07-03 17:41:50.592 W/ai.elizaos.app( 9380): Long monitor contention with owner Thread-31 (10107) at com.android.okhttp.internal.io.RealConnection com.android.okhttp.internal.http.StreamAllocation.findConnection(int, int, int, boolean)(StreamAllocation.java:174) waiters=13 in com.android.okhttp.internal.io.RealConnection com.android.okhttp.internal.http.StreamAllocation.findConnection(int, int, int, boolean) for 3.284s
07-03 17:41:50.593 W/ai.elizaos.app( 9380): Long monitor contention with owner Thread-31 (10107) at com.android.okhttp.internal.io.RealConnection com.android.okhttp.internal.http.StreamAllocation.findConnection(int, int, int, boolean)(StreamAllocation.java:174) waiters=14 in com.android.okhttp.internal.io.RealConnection com.android.okhttp.internal.http.StreamAllocation.findConnection(int, int, int, boolean) for 3.285s
07-03 17:41:50.594 W/ai.elizaos.app( 9380): Long monitor contention with owner Thread-31 (10107) at com.android.okhttp.internal.io.RealConnection com.android.okhttp.internal.http.StreamAllocation.findConnection(int, int, int, boolean)(StreamAllocation.java:174) waiters=9 in com.android.okhttp.internal.io.RealConnection com.android.okhttp.internal.http.StreamAllocation.findConnection(int, int, int, boolean) for 3.286s
07-03 17:41:50.594 W/ai.elizaos.app( 9380): Long monitor contention with owner Thread-31 (10107) at com.android.okhttp.internal.io.RealConnection com.android.okhttp.internal.http.StreamAllocation.findConnection(int, int, int, boolean)(StreamAllocation.java:174) waiters=19 in com.android.okhttp.internal.io.RealConnection com.android.okhttp.internal.http.StreamAllocation.findConnection(int, int, int, boolean) for 3.117s
07-03 17:41:50.594 W/ai.elizaos.app( 9380): Long monitor contention with owner Thread-31 (10107) at com.android.okhttp.internal.io.RealConnection com.android.okhttp.internal.http.StreamAllocation.findConnection(int, int, int, boolean)(StreamAllocation.java:174) waiters=20 in com.android.okhttp.internal.io.RealConnection com.android.okhttp.internal.http.StreamAllocation.findConnection(int, int, int, boolean) for 3.089s
07-03 17:41:50.655 W/ai.elizaos.app( 9380): Long monitor contention with owner Thread-31 (10107) at com.android.okhttp.internal.io.RealConnection com.android.okhttp.internal.http.StreamAllocation.findConnection(int, int, int, boolean)(StreamAllocation.java:174) waiters=24 in com.android.okhttp.internal.io.RealConnection com.android.okhttp.internal.http.StreamAllocation.findConnection(int, int, int, boolean) for 3.101s
07-03 17:41:50.657 W/ai.elizaos.app( 9380): Long monitor contention with owner Thread-31 (10107) at com.android.okhttp.internal.io.RealConnection com.android.okhttp.internal.http.StreamAllocation.findConnection(int, int, int, boolean)(StreamAllocation.java:174) waiters=11 in com.android.okhttp.internal.io.RealConnection com.android.okhttp.internal.http.StreamAllocation.findConnection(int, int, int, boolean) for 3.349s
07-03 17:41:50.660 W/ai.elizaos.app( 9380): Long monitor contention with owner Thread-31 (10107) at com.android.okhttp.internal.io.RealConnection com.android.okhttp.internal.http.StreamAllocation.findConnection(int, int, int, boolean)(StreamAllocation.java:174) waiters=12 in com.android.okhttp.internal.io.RealConnection com.android.okhttp.internal.http.StreamAllocation.findConnection(int, int, int, boolean) for 3.352s
07-03 17:41:50.660 W/ai.elizaos.app( 9380): Long monitor contention with owner Thread-31 (10107) at com.android.okhttp.internal.io.RealConnection com.android.okhttp.internal.http.StreamAllocation.findConnection(int, int, int, boolean)(StreamAllocation.java:174) waiters=18 in com.android.okhttp.internal.io.RealConnection com.android.okhttp.internal.http.StreamAllocation.findConnection(int, int, int, boolean) for 3.347s
07-03 17:41:50.662 W/ai.elizaos.app( 9380): Long monitor contention with owner Thread-31 (10107) at com.android.okhttp.internal.io.RealConnection com.android.okhttp.internal.http.StreamAllocation.findConnection(int, int, int, boolean)(StreamAllocation.java:174) waiters=15 in com.android.okhttp.internal.io.RealConnection com.android.okhttp.internal.http.StreamAllocation.findConnection(int, int, int, boolean) for 3.353s
07-03 17:41:50.676 W/ai.elizaos.app( 9380): Long monitor contention with owner Thread-31 (10107) at com.android.okhttp.internal.io.RealConnection com.android.okhttp.internal.http.StreamAllocation.findConnection(int, int, int, boolean)(StreamAllocation.java:174) waiters=5 in com.android.okhttp.internal.io.RealConnection com.android.okhttp.internal.http.StreamAllocation.findConnection(int, int, int, boolean) for 3.370s
07-03 17:41:50.677 W/ai.elizaos.app( 9380): Long monitor contention with owner Thread-31 (10107) at com.android.okhttp.internal.io.RealConnection com.android.okhttp.internal.http.StreamAllocation.findConnection(int, int, int, boolean)(StreamAllocation.java:174) waiters=23 in com.android.okhttp.internal.io.RealConnection com.android.okhttp.internal.http.StreamAllocation.findConnection(int, int, int, boolean) for 3.123s
07-03 17:41:50.681 W/ai.elizaos.app( 9380): Long monitor contention with owner Thread-31 (10107) at com.android.okhttp.internal.io.RealConnection com.android.okhttp.internal.http.StreamAllocation.findConnection(int, int, int, boolean)(StreamAllocation.java:174) waiters=16 in com.android.okhttp.internal.io.RealConnection com.android.okhttp.internal.http.StreamAllocation.findConnection(int, int, int, boolean) for 3.372s
07-03 17:41:50.682 W/ai.elizaos.app( 9380): Long monitor contention with owner Thread-31 (10107) at com.android.okhttp.internal.io.RealConnection com.android.okhttp.internal.http.StreamAllocation.findConnection(int, int, int, boolean)(StreamAllocation.java:174) waiters=3 in com.android.okhttp.internal.io.RealConnection com.android.okhttp.internal.http.StreamAllocation.findConnection(int, int, int, boolean) for 3.376s
07-03 17:41:50.683 W/ai.elizaos.app( 9380): Long monitor contention with owner Thread-31 (10107) at com.android.okhttp.internal.io.RealConnection com.android.okhttp.internal.http.StreamAllocation.findConnection(int, int, int, boolean)(StreamAllocation.java:174) waiters=17 in com.android.okhttp.internal.io.RealConnection com.android.okhttp.internal.http.StreamAllocation.findConnection(int, int, int, boolean) for 3.370s
07-03 17:41:50.684 W/ai.elizaos.app( 9380): Long monitor contention with owner Thread-31 (10107) at com.android.okhttp.internal.io.RealConnection com.android.okhttp.internal.http.StreamAllocation.findConnection(int, int, int, boolean)(StreamAllocation.java:174) waiters=21 in com.android.okhttp.internal.io.RealConnection com.android.okhttp.internal.http.StreamAllocation.findConnection(int, int, int, boolean) for 3.171s
07-03 17:41:50.685 W/ai.elizaos.app( 9380): Long monitor contention with owner Thread-31 (10107) at com.android.okhttp.internal.io.RealConnection com.android.okhttp.internal.http.StreamAllocation.findConnection(int, int, int, boolean)(StreamAllocation.java:174) waiters=26 in com.android.okhttp.internal.io.RealConnection com.android.okhttp.internal.http.StreamAllocation.findConnection(int, int, int, boolean) for 3.131s
07-03 17:41:50.686 W/ai.elizaos.app( 9380): Long monitor contention with owner Thread-31 (10107) at com.android.okhttp.internal.io.RealConnection com.android.okhttp.internal.http.StreamAllocation.findConnection(int, int, int, boolean)(StreamAllocation.java:174) waiters=1 in com.android.okhttp.internal.io.RealConnection com.android.okhttp.internal.http.StreamAllocation.findConnection(int, int, int, boolean) for 3.380s
07-03 17:41:52.267 W/ai.elizaos.app( 9380): Long monitor contention with owner Thread-42 (10128) at com.android.okhttp.internal.io.RealConnection com.android.okhttp.internal.http.StreamAllocation.findConnection(int, int, int, boolean)(StreamAllocation.java:174) waiters=34 in com.android.okhttp.internal.io.RealConnection com.android.okhttp.internal.http.StreamAllocation.findConnection(int, int, int, boolean) for 1.305s
07-03 17:41:52.270 W/ai.elizaos.app( 9380): Long monitor contention with owner Thread-42 (10128) at com.android.okhttp.internal.io.RealConnection com.android.okhttp.internal.http.StreamAllocation.findConnection(int, int, int, boolean)(StreamAllocation.java:174) waiters=43 in void com.android.okhttp.internal.http.StreamAllocation.connectionFailed(java.io.IOException) for 1.306s
07-03 17:41:52.270 W/ai.elizaos.app( 9380): Long monitor contention with owner Thread-42 (10128) at com.android.okhttp.internal.io.RealConnection com.android.okhttp.internal.http.StreamAllocation.findConnection(int, int, int, boolean)(StreamAllocation.java:174) waiters=49 in com.android.okhttp.internal.io.RealConnection com.android.okhttp.internal.http.StreamAllocation.findConnection(int, int, int, boolean) for 1.264s
07-03 17:41:52.271 W/ai.elizaos.app( 9380): Long monitor contention with owner Thread-42 (10128) at com.android.okhttp.internal.io.RealConnection com.android.okhttp.internal.http.StreamAllocation.findConnection(int, int, int, boolean)(StreamAllocation.java:174) waiters=50 in com.android.okhttp.internal.io.RealConnection com.android.okhttp.internal.http.StreamAllocation.findConnection(int, int, int, boolean) for 905ms
07-03 17:41:52.281 W/ai.elizaos.app( 9380): Long monitor contention with owner Thread-42 (10128) at com.android.okhttp.internal.io.RealConnection com.android.okhttp.internal.http.StreamAllocation.findConnection(int, int, int, boolean)(StreamAllocation.java:174) waiters=48 in com.android.okhttp.internal.io.RealConnection com.android.okhttp.internal.http.StreamAllocation.findConnection(int, int, int, boolean) for 1.283s
07-03 17:41:52.312 W/ai.elizaos.app( 9380): Long monitor contention with owner Thread-42 (10128) at com.android.okhttp.internal.io.RealConnection com.android.okhttp.internal.http.StreamAllocation.findConnection(int, int, int, boolean)(StreamAllocation.java:174) waiters=40 in com.android.okhttp.internal.io.RealConnection com.android.okhttp.internal.http.StreamAllocation.findConnection(int, int, int, boolean) for 1.348s
07-03 17:41:52.331 W/ai.elizaos.app( 9380): Long monitor contention with owner Thread-42 (10128) at com.android.okhttp.internal.io.RealConnection com.android.okhttp.internal.http.StreamAllocation.findConnection(int, int, int, boolean)(StreamAllocation.java:174) waiters=47 in com.android.okhttp.internal.io.RealConnection com.android.okhttp.internal.http.StreamAllocation.findConnection(int, int, int, boolean) for 1.333s
07-03 17:41:52.616 W/ai.elizaos.app( 9380): Suspending all threads took: 230.675ms
07-03 17:41:52.627 W/ai.elizaos.app( 9380): Long monitor contention with owner Thread-42 (10128) at com.android.okhttp.internal.io.RealConnection com.android.okhttp.internal.http.StreamAllocation.findConnection(int, int, int, boolean)(StreamAllocation.java:174) waiters=46 in com.android.okhttp.internal.io.RealConnection com.android.okhttp.internal.http.StreamAllocation.findConnection(int, int, int, boolean) for 1.387s
07-03 17:41:52.641 W/ai.elizaos.app( 9380): Long monitor contention with owner Thread-42 (10128) at com.android.okhttp.internal.io.RealConnection com.android.okhttp.internal.http.StreamAllocation.findConnection(int, int, int, boolean)(StreamAllocation.java:174) waiters=33 in void com.android.okhttp.internal.http.StreamAllocation.connectionFailed(java.io.IOException) for 1.687s
07-03 17:41:53.323 W/ai.elizaos.app( 9380): Long monitor contention with owner Thread-42 (10128) at com.android.okhttp.internal.io.RealConnection com.android.okhttp.internal.http.StreamAllocation.findConnection(int, int, int, boolean)(StreamAllocation.java:174) waiters=41 in com.android.okhttp.internal.io.RealConnection com.android.okhttp.internal.http.StreamAllocation.findConnection(int, int, int, boolean) for 2.359s
07-03 17:41:56.329 W/ai.elizaos.app( 9380): Long monitor contention with owner Thread-32 (10115) at void com.android.okhttp.internal.http.StreamAllocation.connectionFailed(java.io.IOException)(StreamAllocation.java:289) waiters=3 in void com.android.okhttp.internal.http.StreamAllocation.connectionFailed(java.io.IOException) for 1.900s
07-03 17:41:59.980 I/ActivityManager(  577): Extending process start timeout by 9791ms for ProcessRecord{a8bcdd8 10076:com.android.chrome/u0a145}
07-03 17:42:00.866 W/ai.elizaos.app( 9380): Long monitor contention with owner Thread-51 (10148) at com.android.okhttp.internal.io.RealConnection com.android.okhttp.internal.http.StreamAllocation.findConnection(int, int, int, boolean)(StreamAllocation.java:174) waiters=2 in com.android.okhttp.internal.io.RealConnection com.android.okhttp.internal.http.StreamAllocation.findConnection(int, int, int, boolean) for 3.683s
07-03 17:42:00.871 W/ai.elizaos.app( 9380): Long monitor contention with owner Thread-51 (10148) at com.android.okhttp.internal.io.RealConnection com.android.okhttp.internal.http.StreamAllocation.findConnection(int, int, int, boolean)(StreamAllocation.java:174) waiters=4 in com.android.okhttp.internal.io.RealConnection com.android.okhttp.internal.http.StreamAllocation.findConnection(int, int, int, boolean) for 3.684s
07-03 17:42:00.872 W/ai.elizaos.app( 9380): Long monitor contention with owner Thread-51 (10148) at com.android.okhttp.internal.io.RealConnection com.android.okhttp.internal.http.StreamAllocation.findConnection(int, int, int, boolean)(StreamAllocation.java:174) waiters=6 in com.android.okhttp.internal.io.RealConnection com.android.okhttp.internal.http.StreamAllocation.findConnection(int, int, int, boolean) for 3.688s
07-03 17:42:00.874 W/ai.elizaos.app( 9380): Long monitor contention with owner Thread-51 (10148) at com.android.okhttp.internal.io.RealConnection com.android.okhttp.internal.http.StreamAllocation.findConnection(int, int, int, boolean)(StreamAllocation.java:174) waiters=7 in com.android.okhttp.internal.io.RealConnection com.android.okhttp.internal.http.StreamAllocation.findConnection(int, int, int, boolean) for 3.689s
07-03 17:42:00.881 W/ai.elizaos.app( 9380): Long monitor contention with owner Thread-51 (10148) at com.android.okhttp.internal.io.RealConnection com.android.okhttp.internal.http.StreamAllocation.findConnection(int, int, int, boolean)(StreamAllocation.java:174) waiters=5 in com.android.okhttp.internal.io.RealConnection com.android.okhttp.internal.http.StreamAllocation.findConnection(int, int, int, boolean) for 3.697s
07-03 17:42:00.881 W/ai.elizaos.app( 9380): Long monitor contention with owner Thread-51 (10148) at com.android.okhttp.internal.io.RealConnection com.android.okhttp.internal.http.StreamAllocation.findConnection(int, int, int, boolean)(StreamAllocation.java:174) waiters=15 in com.android.okhttp.internal.io.RealConnection com.android.okhttp.internal.http.StreamAllocation.findConnection(int, int, int, boolean) for 3.696s
07-03 17:42:00.882 W/ai.elizaos.app( 9380): Long monitor contention with owner Thread-51 (10148) at com.android.okhttp.internal.io.RealConnection com.android.okhttp.internal.http.StreamAllocation.findConnection(int, int, int, boolean)(StreamAllocation.java:174) waiters=17 in com.android.okhttp.internal.io.RealConnection com.android.okhttp.internal.http.StreamAllocation.findConnection(int, int, int, boolean) for 3.697s
07-03 17:42:00.882 W/ai.elizaos.app( 9380): Long monitor contention with owner Thread-51 (10148) at com.android.okhttp.internal.io.RealConnection com.android.okhttp.internal.http.StreamAllocation.findConnection(int, int, int, boolean)(StreamAllocation.java:174) waiters=18 in com.android.okhttp.internal.io.RealConnection com.android.okhttp.internal.http.StreamAllocation.findConnection(int, int, int, boolean) for 3.697s
07-03 17:42:11.733 W/ai.elizaos.app( 9380): Long monitor contention with owner Thread-52 (10149) at com.android.okhttp.internal.io.RealConnection com.android.okhttp.internal.http.StreamAllocation.findConnection(int, int, int, boolean)(StreamAllocation.java:174) waiters=54 in void com.android.okhttp.internal.http.StreamAllocation.connectionFailed(java.io.IOException) for 1.942s
07-03 17:42:11.733 W/ai.elizaos.app( 9380): Long monitor contention with owner Thread-52 (10149) at com.android.okhttp.internal.io.RealConnection com.android.okhttp.internal.http.StreamAllocation.findConnection(int, int, int, boolean)(StreamAllocation.java:174) waiters=57 in com.android.okhttp.internal.io.RealConnection com.android.okhttp.internal.http.StreamAllocation.findConnection(int, int, int, boolean) for 1.876s
07-03 17:42:13.211 W/ai.elizaos.app( 9380): Long monitor contention with owner Thread-42 (10128) at boolean com.android.okhttp.internal.RouteDatabase.shouldPostpone(com.android.okhttp.Route)(RouteDatabase.java:45) waiters=1 in boolean com.android.okhttp.internal.RouteDatabase.shouldPostpone(com.android.okhttp.Route) for 161ms
07-03 17:42:13.212 W/ai.elizaos.app( 9380): Long monitor contention with owner Thread-42 (10128) at boolean com.android.okhttp.internal.RouteDatabase.shouldPostpone(com.android.okhttp.Route)(RouteDatabase.java:45) waiters=3 in boolean com.android.okhttp.internal.RouteDatabase.shouldPostpone(com.android.okhttp.Route) for 162ms
07-03 17:42:13.560 W/ai.elizaos.app( 9380): Long monitor contention with owner Thread-42 (10128) at boolean com.android.okhttp.internal.RouteDatabase.shouldPostpone(com.android.okhttp.Route)(RouteDatabase.java:45) waiters=5 in void com.android.okhttp.internal.RouteDatabase.failed(com.android.okhttp.Route) for 488ms
07-03 17:42:14.650 W/ai.elizaos.app( 9380): Long monitor contention with owner Thread-81 (10258) at com.android.okhttp.internal.io.RealConnection com.android.okhttp.internal.http.StreamAllocation.findConnection(int, int, int, boolean)(StreamAllocation.java:174) waiters=2 in com.android.okhttp.internal.io.RealConnection com.android.okhttp.internal.http.StreamAllocation.findConnection(int, int, int, boolean) for 451ms
07-03 17:42:14.673 W/ai.elizaos.app( 9380): Long monitor contention with owner Thread-81 (10258) at com.android.okhttp.internal.io.RealConnection com.android.okhttp.internal.http.StreamAllocation.findConnection(int, int, int, boolean)(StreamAllocation.java:174) waiters=3 in com.android.okhttp.internal.io.RealConnection com.android.okhttp.internal.http.StreamAllocation.findConnection(int, int, int, boolean) for 646ms
07-03 17:42:15.458 W/ai.elizaos.app( 9380): Long monitor contention with owner Thread-7 (9952) at com.android.okhttp.internal.io.RealConnection com.android.okhttp.internal.http.StreamAllocation.findConnection(int, int, int, boolean)(StreamAllocation.java:174) waiters=1 in com.android.okhttp.internal.io.RealConnection com.android.okhttp.internal.http.StreamAllocation.findConnection(int, int, int, boolean) for 220ms
07-03 17:42:17.720 W/ai.elizaos.app( 9380): Long monitor contention with owner Thread-75 (10234) at com.android.okhttp.internal.io.RealConnection com.android.okhttp.internal.http.StreamAllocation.findConnection(int, int, int, boolean)(StreamAllocation.java:174) waiters=2 in com.android.okhttp.internal.io.RealConnection com.android.okhttp.internal.http.StreamAllocation.findConnection(int, int, int, boolean) for 429ms
07-03 17:42:17.741 W/ai.elizaos.app( 9380): Long monitor contention with owner Thread-75 (10234) at com.android.okhttp.internal.io.RealConnection com.android.okhttp.internal.http.StreamAllocation.findConnection(int, int, int, boolean)(StreamAllocation.java:174) waiters=4 in com.android.okhttp.internal.io.RealConnection com.android.okhttp.internal.http.StreamAllocation.findConnection(int, int, int, boolean) for 703ms
07-03 17:42:17.741 W/ai.elizaos.app( 9380): Long monitor contention with owner Thread-75 (10234) at com.android.okhttp.internal.io.RealConnection com.android.okhttp.internal.http.StreamAllocation.findConnection(int, int, int, boolean)(StreamAllocation.java:174) waiters=5 in com.android.okhttp.internal.io.RealConnection com.android.okhttp.internal.http.StreamAllocation.findConnection(int, int, int, boolean) for 703ms
07-03 17:42:17.741 W/ai.elizaos.app( 9380): Long monitor contention with owner Thread-75 (10234) at com.android.okhttp.internal.io.RealConnection com.android.okhttp.internal.http.StreamAllocation.findConnection(int, int, int, boolean)(StreamAllocation.java:174) waiters=6 in com.android.okhttp.internal.io.RealConnection com.android.okhttp.internal.http.StreamAllocation.findConnection(int, int, int, boolean) for 703ms
07-03 17:42:17.750 W/ai.elizaos.app( 9380): Long monitor contention with owner Thread-75 (10234) at com.android.okhttp.internal.io.RealConnection com.android.okhttp.internal.http.StreamAllocation.findConnection(int, int, int, boolean)(StreamAllocation.java:174) waiters=15 in com.android.okhttp.internal.io.RealConnection com.android.okhttp.internal.http.StreamAllocation.findConnection(int, int, int, boolean) for 710ms
07-03 17:42:17.750 W/ai.elizaos.app( 9380): Long monitor contention with owner Thread-75 (10234) at com.android.okhttp.internal.io.RealConnection com.android.okhttp.internal.http.StreamAllocation.findConnection(int, int, int, boolean)(StreamAllocation.java:174) waiters=17 in com.android.okhttp.internal.io.RealConnection com.android.okhttp.internal.http.StreamAllocation.findConnection(int, int, int, boolean) for 710ms
07-03 17:42:17.751 W/ai.elizaos.app( 9380): Long monitor contention with owner Thread-75 (10234) at com.android.okhttp.internal.io.RealConnection com.android.okhttp.internal.http.StreamAllocation.findConnection(int, int, int, boolean)(StreamAllocation.java:174) waiters=18 in com.android.okhttp.internal.io.RealConnection com.android.okhttp.internal.http.StreamAllocation.findConnection(int, int, int, boolean) for 711ms
07-03 17:42:17.752 W/ai.elizaos.app( 9380): Long monitor contention with owner Thread-75 (10234) at com.android.okhttp.internal.io.RealConnection com.android.okhttp.internal.http.StreamAllocation.findConnection(int, int, int, boolean)(StreamAllocation.java:174) waiters=3 in com.android.okhttp.internal.io.RealConnection com.android.okhttp.internal.http.StreamAllocation.findConnection(int, int, int, boolean) for 714ms
07-03 17:42:17.761 W/ai.elizaos.app( 9380): Long monitor contention with owner Thread-75 (10234) at com.android.okhttp.internal.io.RealConnection com.android.okhttp.internal.http.StreamAllocation.findConnection(int, int, int, boolean)(StreamAllocation.java:174) waiters=9 in com.android.okhttp.internal.io.RealConnection com.android.okhttp.internal.http.StreamAllocation.findConnection(int, int, int, boolean) for 722ms
