07-03 17:30:54.899 I/ActivityManager(  577): Collecting stacks for pid 6596 into temporary file temp_anr_7649938792320389468.txt
07-03 17:31:00.490 E/ActivityManager(  577): Aborting stack trace dump (current native pid=386); deadline exceeded.
07-03 17:31:00.547 I/ActivityManager(  577): dumpStackTraces pids=null
07-03 17:31:13.278 I/ActivityManager(  577): Dumping to /data/anr/anr_2026-07-03-17-31-00-551
07-03 17:31:52.165 W/ActivityManager(  577): Copying the first pid timed out
07-03 17:31:52.165 W/ActivityManager(  577): java.util.concurrent.TimeoutException
07-03 17:31:52.165 W/ActivityManager(  577): 	at java.util.concurrent.FutureTask.get(FutureTask.java:204)
07-03 17:31:52.165 W/ActivityManager(  577): 	at com.android.server.am.StackTracesDumpHelper.copyFirstPidTempDump(StackTracesDumpHelper.java:419)
07-03 17:31:52.165 W/ActivityManager(  577): 	at com.android.server.am.StackTracesDumpHelper.dumpStackTraces(StackTracesDumpHelper.java:218)
07-03 17:31:52.165 W/ActivityManager(  577): 	at com.android.server.am.StackTracesDumpHelper.dumpStackTraces(StackTracesDumpHelper.java:170)
07-03 17:31:52.165 W/ActivityManager(  577): 	at com.android.server.am.ProcessErrorStateRecord.appNotResponding(ProcessErrorStateRecord.java:535)
07-03 17:31:52.165 W/ActivityManager(  577): 	at com.android.server.am.AnrHelper$AnrRecord.appNotResponding(AnrHelper.java:308)
07-03 17:31:52.165 W/ActivityManager(  577): 	at com.android.server.am.AnrHelper$AnrConsumerThread.run(AnrHelper.java:241)
07-03 17:31:52.165 E/ActivityManager(  577): Aborting stack trace dump (currently copying primary pid6596); deadline exceeded.
07-03 17:31:53.189 W/chromium( 6694): [0703/173153.189220:WARNING:dns_config_service_android.cc(81)] Failed to read DnsConfig.
07-03 17:31:53.367 E/ActivityManager(  577): ANR in com.google.android.apps.messaging
07-03 17:31:53.367 E/ActivityManager(  577): PID: 6596
07-03 17:31:53.367 E/ActivityManager(  577): Reason: No response to onStartJob
07-03 17:31:53.367 E/ActivityManager(  577): ErrorId: 5aa84849-fcf7-4729-8c4c-77080b1a7f02
07-03 17:31:53.367 E/ActivityManager(  577): Frozen: false
07-03 17:31:53.367 E/ActivityManager(  577): Load: 0.0 / 0.0 / 0.0
07-03 17:31:53.367 E/ActivityManager(  577): ----- Output from /proc/pressure/memory -----
07-03 17:31:53.367 E/ActivityManager(  577): some avg10=0.08 avg60=0.14 avg300=0.39 total=90713931
07-03 17:31:53.367 E/ActivityManager(  577): full avg10=0.02 avg60=0.05 avg300=0.22 total=46140920
07-03 17:31:53.367 E/ActivityManager(  577): ----- End output from /proc/pressure/memory -----
07-03 17:31:53.367 E/ActivityManager(  577): ----- Output from /proc/pressure/cpu -----
07-03 17:31:53.367 E/ActivityManager(  577): some avg10=34.83 avg60=37.63 avg300=23.99 total=1041601463
07-03 17:31:53.367 E/ActivityManager(  577): full avg10=0.00 avg60=0.00 avg300=0.00 total=0
07-03 17:31:53.367 E/ActivityManager(  577): ----- End output from /proc/pressure/cpu -----
07-03 17:31:53.367 E/ActivityManager(  577): ----- Output from /proc/pressure/io -----
07-03 17:31:53.367 E/ActivityManager(  577): some avg10=27.89 avg60=13.14 avg300=6.85 total=346869674
07-03 17:31:53.367 E/ActivityManager(  577): full avg10=1.11 avg60=1.24 avg300=1.27 total=124951287
07-03 17:31:53.367 E/ActivityManager(  577): ----- End output from /proc/pressure/io -----
07-03 17:31:53.367 E/ActivityManager(  577): 
07-03 17:31:53.367 E/ActivityManager(  577): CPU usage from 116ms to 51738ms later (2026-07-03 17:31:00.544 to 2026-07-03 17:31:52.166):
07-03 17:31:53.367 E/ActivityManager(  577):   86% 577/system_server: 37% user + 48% kernel / faults: 864 minor 24 major
07-03 17:31:53.367 E/ActivityManager(  577):   44% 8271/ai.elizaos.app: 27% user + 17% kernel / faults: 393 minor 39 major
07-03 17:31:53.367 E/ActivityManager(  577):   27% 406/android.hardware.graphics.composer3-service.ranchu: 2.5% user + 25% kernel
07-03 17:31:53.367 E/ActivityManager(  577):   26% 944/com.android.networkstack.process: 14% user + 11% kernel / faults: 294 minor
07-03 17:31:53.367 E/ActivityManager(  577):   9.6% 8334/kworker/u9:2-blk_crypto_wq: 0% user + 9.6% kernel
07-03 17:31:53.367 E/ActivityManager(  577):   8.3% 163/servicemanager: 3.9% user + 4.4% kernel
07-03 17:31:53.367 E/ActivityManager(  577):   8.2% 5833/com.google.android.gms.persistent: 5.3% user + 2.9% kernel / faults: 41 minor 1 major
07-03 17:31:53.367 E/ActivityManager(  577):   8.1% 8561/sh: 2.7% user + 5.4% kernel / faults: 394 minor
07-03 17:31:53.367 E/ActivityManager(  577):   7.2% 16/rcu_preempt: 0% user + 7.2% kernel
07-03 17:31:53.367 E/ActivityManager(  577):   4.2% 845/com.android.systemui: 1.3% user + 2.9% kernel / faults: 117 minor 24 major
07-03 17:31:53.367 E/ActivityManager(  577): 95% TOTAL: 1.1% user + 2.3% kernel + 10% iowait + 80% irq + 1% softirq
07-03 17:31:53.367 E/ActivityManager(  577): CPU usage from 4788217ms to 4788217ms ago (1969-12-31 19:00:00.000 to 1969-12-31 19:00:00.000) with 0% awake:
07-03 17:31:53.367 E/ActivityManager(  577): 0% TOTAL: 0% user + 0% kernel
07-03 17:31:53.373 I/ActivityManager(  577): Killing 6596:com.google.android.apps.messaging/u0a142 (adj 0): bg anr
07-03 17:31:54.836 I/ActivityManager(  577): Collecting stacks for pid 8271 into temporary file temp_anr_925811710437548014.txt
07-03 17:31:54.898 I/ActivityManager(  577): Skipping duplicate ANR: com.android.server.am.ProcessErrorStateRecord@63d0903 Broadcast of Intent { act=android.intent.action.BOOT_COMPLETED flg=0x9000030 pkg=ai.elizaos.app cmp=ai.elizaos.app/.ElizaBootReceiver (has extras) }
07-03 17:31:58.112 W/ActivityManager(  577): Dumping Java threads failed, initiating native stack dump.
07-03 17:32:10.109 I/ActivityManager(  577): dumpStackTraces pids=null
07-03 17:32:10.110 I/ActivityManager(  577): Dumping to /data/anr/anr_2026-07-03-17-32-10-109
07-03 17:32:10.122 I/ai.elizaos.app( 8271): Thread[2,tid=8273,WaitingInMainSignalCatcherLoop,Thread*=0xb4000075dea382c0,peer=0x140014e8,"Signal Catcher"]: reacting to signal 3
07-03 17:32:10.123 I/ai.elizaos.app( 8271): 
07-03 17:32:13.373 W/ActivityManager(  577): Native stack dump failed!
07-03 17:32:13.373 E/ActivityManager(  577): Aborted stack trace dump (current primary pid=6596); deadline exceeded.
07-03 17:32:13.373 I/ActivityManager(  577): Collecting stacks for pid 1305 into temporary file temp_anr_6458915789973457743.txt
07-03 17:32:13.515 W/ActivityManager(  577): pid 6566 com.google.android.apps.messaging:rcs sent binder code 21 with flags 2 to frozen apps and got error -32
07-03 17:32:13.546 I/ActivityManager(  577): Killing 6566:com.google.android.apps.messaging:rcs/u0a142 (adj 200): depends on provider com.google.android.apps.messaging/.shared.datamodel.provider.sharedstorage.SharedStorageProvider in dying proc com.google.android.apps.messaging (adj -10000)
07-03 17:32:13.554 W/ActivityManager(  577): Scheduling restart of crashed service com.google.android.apps.messaging/.shared.datamodel.action.execution.ActionExecutorImpl$EmptyService in 154976ms for start-requested
07-03 17:32:13.808 I/ActivityManager(  577): dumpStackTraces pids={}
07-03 17:32:15.218 I/ActivityManager(  577): Skipping next CPU consuming process, not a java proc: 8271
07-03 17:32:15.218 I/ActivityManager(  577): Skipping next CPU consuming process, not a java proc: 577
07-03 17:32:15.218 I/ActivityManager(  577): Skipping next CPU consuming process, not a java proc: 1305
07-03 17:32:15.218 I/ActivityManager(  577): Skipping next CPU consuming process, not a java proc: 5833
07-03 17:32:15.218 I/ActivityManager(  577): Skipping next CPU consuming process, not a java proc: 428
07-03 17:32:15.218 I/ActivityManager(  577): Skipping next CPU consuming process, not a java proc: 6660
07-03 17:32:15.218 I/ActivityManager(  577): Skipping next CPU consuming process, not a java proc: 16
07-03 17:32:15.218 I/ActivityManager(  577): Skipping next CPU consuming process, not a java proc: 6566
07-03 17:32:15.218 I/ActivityManager(  577): Skipping next CPU consuming process, not a java proc: 160
07-03 17:32:15.218 I/ActivityManager(  577): Skipping next CPU consuming process, not a java proc: 209
07-03 17:32:15.218 I/ActivityManager(  577): Skipping next CPU consuming process, not a java proc: 381
07-03 17:32:15.218 I/ActivityManager(  577): Skipping next CPU consuming process, not a java proc: 397
07-03 17:32:15.218 I/ActivityManager(  577): Skipping next CPU consuming process, not a java proc: 944
07-03 17:32:15.218 I/ActivityManager(  577): Skipping next CPU consuming process, not a java proc: 987
07-03 17:32:15.218 I/ActivityManager(  577): Skipping next CPU consuming process, not a java proc: 5632
07-03 17:32:15.218 I/ActivityManager(  577): Dumping to /data/anr/anr_2026-07-03-17-32-15-218
07-03 17:32:15.218 I/ActivityManager(  577): Collecting stacks for pid 577
07-03 17:32:15.259 I/ActivityManager(  577): Skip ANR being predumped, pid=577 Input dispatching timed out (PointerEventDispatcher0 (server) is not responding. Waited 5054ms for MotionEvent(deviceId=-1, eventTime=4801806000000, source=TOUCHSCREEN, displayId=0, action=UP, actionButton=0x00000000, flags=0x00000000, metaState=0x00000000, buttonState=0x00000000, classification=NONE, edgeFlags=0x00000000, xPrecision=1.0, yPrecision=1.0, xCursorPosition=nan, yCursorPosition=nan, pointers=[0: (429.0, 1698.0)]), policyFlags=0x6b000000).
07-03 17:32:16.185 I/ai.elizaos.app( 8271): Wrote stack traces to tombstoned
07-03 17:32:18.398 W/ActivityManager(  577): Scheduling restart of crashed service com.google.android.apps.messaging/com.google.android.ims.binding.SystemBindingService in 1000ms for connection
07-03 17:32:18.398 W/ActivityManager(  577): Scheduling restart of crashed service com.google.android.apps.messaging/com.google.android.ims.service.JibeService in 10914ms for start-requested
07-03 17:32:18.632 I/ActivityManager(  577): Collecting stacks for pid 577 into temporary file temp_anr_4484214360461488887.txt
07-03 17:32:18.684 E/ActivityManager(  577): Aborted stack trace dump (current primary pid=8271); deadline exceeded.
07-03 17:32:18.705 I/ActivityManager(  577): dumpStackTraces nativepids=null
07-03 17:32:18.706 I/ActivityManager(  577): dumpStackTraces extraPids=null
07-03 17:32:18.706 I/ActivityManager(  577): Done dumping
07-03 17:32:19.348 W/ai.elizaos.app( 8271): Verification of androidx.activity.FullyDrawnReporterOwner androidx.activity.ViewTreeFullyDrawnReporterOwner.get(android.view.View) took 372.601ms (107.35 bytecodes/s) (3328B approximate peak alloc)
07-03 17:32:19.644 W/ActivityManager(  577): Slow operation: 145ms so far, now at startProcess: done creating new process record
07-03 17:32:19.644 W/ActivityManager(  577): Slow operation: 145ms so far, now at startProcess: stepping in to startProcess
07-03 17:32:19.645 W/ActivityManager(  577): Slow operation: 146ms so far, now at startProcess: done starting proc!
07-03 17:32:19.661 E/ActivityManager(  577): ANR in com.google.android.apps.nexuslauncher
07-03 17:32:19.661 E/ActivityManager(  577): PID: 1305
07-03 17:32:19.661 E/ActivityManager(  577): Reason: Input dispatching timed out (21544ca Taskbar (server) is not responding. Waited 7783ms for MotionEvent(deviceId=-1, eventTime=4801806000000, source=TOUCHSCREEN, displayId=0, action=OUTSIDE, actionButton=0x00000000, flags=0x00000000, metaState=0x00000000, buttonState=0x00000000, classification=NONE, edgeFlags=0x00000000, xPrecision=1.0, yPrecision=1.0, xCursorPosition=nan, yCursorPosition=nan, pointers=[0: (0.0, 0.0)]), policyFlags=0x6b000000).
07-03 17:32:19.661 E/ActivityManager(  577): ErrorId: bd4218d9-ddbf-44ca-8e24-46ab783224d3
07-03 17:32:19.661 E/ActivityManager(  577): Frozen: false
07-03 17:32:19.661 E/ActivityManager(  577): Load: 0.0 / 0.0 / 0.0
07-03 17:32:19.661 E/ActivityManager(  577): ----- Output from /proc/pressure/memory -----
07-03 17:32:19.661 E/ActivityManager(  577): some avg10=0.00 avg60=0.24 avg300=0.39 total=90884691
07-03 17:32:19.661 E/ActivityManager(  577): full avg10=0.00 avg60=0.05 avg300=0.18 total=46172930
07-03 17:32:19.661 E/ActivityManager(  577): ----- End output from /proc/pressure/memory -----
07-03 17:32:19.661 E/ActivityManager(  577): ----- Output from /proc/pressure/cpu -----
07-03 17:32:19.661 E/ActivityManager(  577): some avg10=55.25 avg60=38.63 avg300=26.71 total=1066945661
07-03 17:32:19.661 E/ActivityManager(  577): full avg10=0.00 avg60=0.00 avg300=0.00 total=0
07-03 17:32:19.661 E/ActivityManager(  577): ----- End output from /proc/pressure/cpu -----
07-03 17:32:19.661 E/ActivityManager(  577): ----- Output from /proc/pressure/io -----
07-03 17:32:19.661 E/ActivityManager(  577): some avg10=16.38 avg60=14.62 avg300=8.74 total=357544031
07-03 17:32:19.661 E/ActivityManager(  577): full avg10=0.19 avg60=1.35 avg300=1.38 total=126896612
07-03 17:32:19.661 E/ActivityManager(  577): ----- End output from /proc/pressure/io -----
07-03 17:32:19.661 E/ActivityManager(  577): 
07-03 17:32:19.661 E/ActivityManager(  577): CPU usage from 4ms to 8799ms later (2026-07-03 17:32:10.104 to 2026-07-03 17:32:18.899):
07-03 17:32:19.661 E/ActivityManager(  577):   71% 577/system_server: 30% user + 41% kernel / faults: 3759 minor 25 major
07-03 17:32:19.661 E/ActivityManager(  577):   54% 406/android.hardware.graphics.composer3-service.ranchu: 1.5% user + 52% kernel
07-03 17:32:19.661 E/ActivityManager(  577):   44% 8271/ai.elizaos.app: 28% user + 15% kernel / faults: 7764 minor 35 major
07-03 17:32:19.661 E/ActivityManager(  577):   11% 5833/com.google.android.gms.persistent: 8.7% user + 2.9% kernel / faults: 880 minor 3 major
07-03 17:32:19.661 E/ActivityManager(  577):   10% 845/com.android.systemui: 5.9% user + 4.8% kernel / faults: 444 minor 6 major
07-03 17:32:19.661 E/ActivityManager(  577):   3.4% 1305/com.google.android.apps.nexuslauncher: 3.4% user + 0% kernel / faults: 2271 minor 183 major
07-03 17:32:19.661 E/ActivityManager(  577):   7% 428/surfaceflinger: 0.6% user + 6.4% kernel / faults: 2 major
07-03 17:32:19.661 E/ActivityManager(  577):   5.9% 397/android.hardware.sensors-service.multihal: 1.8% user + 4% kernel
07-03 17:32:19.661 E/ActivityManager(  577):   5% 6694/com.google.android.inputmethod.latin: 2.8% user + 2.2% kernel / faults: 334 minor
07-03 17:32:19.661 E/ActivityManager(  577):   1.6% 6660/com.google.android.gms: 1% user + 0.6% kernel / faults: 566 minor 206 major
07-03 17:32:19.661 E/ActivityManager(  577): 72% TOTAL: 15% user + 20% kernel + 11% iowait + 21% irq + 2.9% softirq
07-03 17:32:19.661 E/ActivityManager(  577): CPU usage from 4857889ms to 4857889ms ago (1969-12-31 19:00:00.000 to 1969-12-31 19:00:00.000) with 0% awake:
07-03 17:32:19.661 E/ActivityManager(  577): 0% TOTAL: 0% user + 0% kernel
07-03 17:32:19.768 W/ActivityManager(  577): Slow operation: 124ms so far, now at startProcess: returned from zygote!
07-03 17:32:19.768 W/ActivityManager(  577): Slow operation: 124ms so far, now at startProcess: done updating battery stats
07-03 17:32:19.768 W/ActivityManager(  577): Slow operation: 124ms so far, now at startProcess: building log message
07-03 17:32:19.768 I/ActivityManager(  577): Start proc 8643:com.google.android.apps.messaging:rcs/u0a142 for service {com.google.android.apps.messaging/com.google.android.ims.binding.SystemBindingService}
07-03 17:32:19.768 W/ActivityManager(  577): Slow operation: 124ms so far, now at startProcess: starting to update pids map
07-03 17:32:19.768 W/ActivityManager(  577): Slow operation: 124ms so far, now at startProcess: done updating pids map
07-03 17:32:19.770 I/ActivityManager(  577): Killing 1305:com.google.android.apps.nexuslauncher/u0a170 (adj 100): bg anr
07-03 17:32:19.810 I/ActivityManager(  577): dumpStackTraces pids={999=true, 1305=true, 1417=true, 5833=true, 6353=true, 6402=true, 6660=true, 6694=true, 6764=true, 6839=true, 6890=true, 7099=true, 7196=true, 7389=true, 8159=true, 8271=true, 8476=true, 8501=true}
07-03 17:32:19.937 I/ActivityManager(  577): Dumping to /data/anr/anr_2026-07-03-17-32-19-811
07-03 17:32:20.434 W/ai.elizaos.app( 8271): Verification of int androidx.core.view.ViewCompat.addAccessibilityAction(android.view.View, java.lang.CharSequence, androidx.core.view.accessibility.AccessibilityViewCommand) took 137.131ms (116.68 bytecodes/s) (2496B approximate peak alloc)
07-03 17:32:21.149 W/ai.elizaos.app( 8271): Verification of void androidx.core.view.ViewCompat.addAccessibilityAction(android.view.View, androidx.core.view.accessibility.AccessibilityNodeInfoCompat$AccessibilityActionCompat) took 711.109ms (32.34 bytecodes/s) (2368B approximate peak alloc)
07-03 17:32:21.660 W/ai.elizaos.app( 8271): Verification of android.view.View$AccessibilityDelegate androidx.core.view.ViewCompat.getAccessibilityDelegateInternal(android.view.View) took 502.420ms (31.85 bytecodes/s) (2464B approximate peak alloc)
07-03 17:32:21.786 W/ai.elizaos.app( 8271): Accessing hidden method Landroid/view/ViewGroup;->makeOptionalFitsSystemWindows()V (unsupported, reflection, allowed)
07-03 17:32:22.070 W/ai.elizaos.app( 8271): Verification of void androidx.coordinatorlayout.widget.CoordinatorLayout.<init>(android.content.Context, android.util.AttributeSet, int) took 145.088ms (1137.23 bytecodes/s) (5720B approximate peak alloc)
07-03 17:32:22.155 W/ActivityManager(  577): Dumping Java threads failed, initiating native stack dump.
07-03 17:32:22.240 W/ai.elizaos.app( 8271): Verification of void androidx.coordinatorlayout.widget.CoordinatorLayout.prepareChildren() took 134.681ms (668.24 bytecodes/s) (4176B approximate peak alloc)
07-03 17:32:22.997 W/ai.elizaos.app( 8271): Verification of boolean androidx.coordinatorlayout.widget.CoordinatorLayout.drawChild(android.graphics.Canvas, android.view.View, long) took 756.202ms (208.94 bytecodes/s) (4872B approximate peak alloc)
07-03 17:32:25.405 W/ActivityManager(  577): pid 577 system sent binder code 13 with flags 1 to frozen apps and got error -32
07-03 17:32:27.343 W/ActivityManager(  577): Native stack dump failed!
07-03 17:32:28.636 I/ActivityManager(  577): Collecting stacks for pid 1492
07-03 17:32:29.507 W/ActivityManager(  577): Dumping Java threads failed, initiating native stack dump.
07-03 17:32:29.772 W/ActivityManager(  577): Scheduling restart of crashed service com.google.android.apps.nexuslauncher/com.android.launcher3.notification.NotificationListener in 9550ms for connection
07-03 17:32:29.772 W/ActivityManager(  577): Scheduling restart of crashed service com.google.android.apps.nexuslauncher/com.android.quickstep.TouchInteractionService in 19540ms for connection
07-03 17:32:30.622 I/ActivityManager(  577): Skipping next CPU consuming process, not a java proc: 406
07-03 17:32:30.622 I/ActivityManager(  577): Skipping next CPU consuming process, not a java proc: 428
07-03 17:32:30.622 I/ActivityManager(  577): Skipping next CPU consuming process, not a java proc: 577
07-03 17:32:30.622 I/ActivityManager(  577): Skipping next CPU consuming process, not a java proc: 160
07-03 17:32:30.622 I/ActivityManager(  577): Skipping next CPU consuming process, not a java proc: 8643
07-03 17:32:30.622 I/ActivityManager(  577): Skipping next CPU consuming process, not a java proc: 1492
07-03 17:32:30.622 I/ActivityManager(  577): Skipping next CPU consuming process, not a java proc: 459
07-03 17:32:30.622 I/ActivityManager(  577): Skipping next CPU consuming process, not a java proc: 16
07-03 17:32:30.622 I/ActivityManager(  577): Skipping next CPU consuming process, not a java proc: 309
07-03 17:32:30.622 I/ActivityManager(  577): Skipping next CPU consuming process, not a java proc: 3424
07-03 17:32:30.622 I/ActivityManager(  577): Skipping next CPU consuming process, not a java proc: 3631
07-03 17:32:30.622 I/ActivityManager(  577): Skipping next CPU consuming process, not a java proc: 5185
07-03 17:32:30.622 I/ActivityManager(  577): Skipping next CPU consuming process, not a java proc: 7305
07-03 17:32:30.622 I/ActivityManager(  577): Skipping next CPU consuming process, not a java proc: 382
07-03 17:32:30.622 I/ActivityManager(  577): Skipping next CPU consuming process, not a java proc: 450
07-03 17:32:30.622 I/ActivityManager(  577): Skipping next CPU consuming process, not a java proc: 486
07-03 17:32:30.622 I/ActivityManager(  577): Skipping next CPU consuming process, not a java proc: 832
07-03 17:32:30.622 I/ActivityManager(  577): Skipping next CPU consuming process, not a java proc: 1
07-03 17:32:30.622 I/ActivityManager(  577): Skipping next CPU consuming process, not a java proc: 18
07-03 17:32:30.622 I/ActivityManager(  577): Skipping next CPU consuming process, not a java proc: 32
07-03 17:32:30.622 I/ActivityManager(  577): Skipping next CPU consuming process, not a java proc: 163
07-03 17:32:30.622 I/ActivityManager(  577): Skipping next CPU consuming process, not a java proc: 209
07-03 17:32:30.622 I/ActivityManager(  577): Skipping next CPU consuming process, not a java proc: 311
07-03 17:32:30.622 I/ActivityManager(  577): Skipping next CPU consuming process, not a java proc: 397
07-03 17:32:30.622 I/ActivityManager(  577): Skipping next CPU consuming process, not a java proc: 424
07-03 17:32:30.622 I/ActivityManager(  577): Skipping next CPU consuming process, not a java proc: 8662
07-03 17:32:31.005 W/ActivityManager(  577): Slow operation: 304ms so far, now at startProcess: done starting proc!
07-03 17:32:31.110 W/ActivityManager(  577): Slow operation: 390ms so far, now at startProcess: asking zygote to start proc
07-03 17:32:31.404 W/ActivityManager(  577): setHasOverlayUi called on unknown pid: 1305
07-03 17:32:31.654 W/ActivityManager(  577): Slow operation: 934ms so far, now at startProcess: returned from zygote!
07-03 17:32:32.189 W/ActivityManager(  577): Slow operation: 1469ms so far, now at startProcess: done updating battery stats
07-03 17:32:32.189 W/ActivityManager(  577): Slow operation: 1469ms so far, now at startProcess: building log message
07-03 17:32:32.189 I/ActivityManager(  577): Start proc 8681:com.google.android.apps.nexuslauncher/u0a170 for service {com.google.android.apps.nexuslauncher/com.android.quickstep.TouchInteractionService}
07-03 17:32:32.189 W/ActivityManager(  577): Slow operation: 1469ms so far, now at startProcess: starting to update pids map
07-03 17:32:32.189 W/ActivityManager(  577): Slow operation: 1469ms so far, now at startProcess: done updating pids map
07-03 17:32:32.477 W/ActivityManager(  577): Slow operation: 51ms so far, now at attachApplicationLocked: after updateOomAdjLocked
07-03 17:32:32.745 I/ActivityManager(  577): Collecting stacks for pid 987
07-03 17:32:34.137 W/chromium( 6694): [0703/173234.137607:WARNING:dns_config_service_android.cc(81)] Failed to read DnsConfig.
07-03 17:32:35.061 W/ActivityManager(  577): Slow operation: 87ms so far, now at finishAttachApplicationInner: after mServices.attachApplicationLocked
07-03 17:32:35.061 W/ActivityManager(  577): Slow operation: 87ms so far, now at finishAttachApplicationInner: after dispatching broadcasts
07-03 17:32:35.821 I/ActivityManager(  577): Collecting stacks for pid 971
07-03 17:32:35.997 W/ai.elizaos.app( 8271): Suspending all threads took: 15.787ms
07-03 17:32:36.608 I/ActivityManager(  577): Collecting stacks for pid 944
07-03 17:32:36.966 I/ai.elizaos.app( 8271): Background concurrent mark compact GC freed 2002KB AllocSpace bytes, 6(120KB) LOS objects, 49% free, 3910KB/7820KB, paused 55.554ms,3.127ms total 1.377s
07-03 17:32:37.129 W/ai.elizaos.app( 8271): ApkAssets: Deleting an ApkAssets object '<empty> and /data/app/~~sYPcRkjxaxkfFYQbjvLW9g==/com.google.android.webview-fCGruNoNJXyZJYeMuHvPuw==/WebViewGoogle.apk' with 1 weak references
07-03 17:32:37.302 W/ActivityManager(  577): Rescheduling restart of crashed service com.google.android.apps.messaging/.shared.datamodel.action.execution.ActionExecutorImpl$EmptyService in 131227ms for other
07-03 17:32:37.373 W/ActivityManager(  577): Native stack dump failed!
07-03 17:32:37.373 E/ActivityManager(  577): Aborting stack trace dump (current firstPid=577); deadline exceeded.
07-03 17:32:37.405 W/ActivityManager(  577): Slow operation: 85ms so far, now at startProcess: done starting proc!
07-03 17:32:37.415 W/ActivityManager(  577): Slow operation: 57ms so far, now at startProcess: returned from zygote!
07-03 17:32:37.421 W/ActivityManager(  577): Slow operation: 63ms so far, now at startProcess: done updating battery stats
07-03 17:32:37.421 W/ActivityManager(  577): Slow operation: 63ms so far, now at startProcess: building log message
07-03 17:32:37.421 I/ActivityManager(  577): Start proc 8760:com.google.android.apps.messaging/u0a142 for content provider {com.google.android.apps.messaging/com.google.android.apps.messaging.shared.datamodel.provider.sharedstorage.SharedStorageProvider}
07-03 17:32:37.421 W/ActivityManager(  577): Slow operation: 63ms so far, now at startProcess: starting to update pids map
07-03 17:32:37.421 W/ActivityManager(  577): Slow operation: 63ms so far, now at startProcess: done updating pids map
07-03 17:32:37.665 I/ActivityManager(  577): Collecting stacks for pid 845
07-03 17:32:38.123 W/ai.elizaos.app( 8271): Verification of void com.google.android.gms.common.api.GoogleApi.<init>(android.app.Activity, com.google.android.gms.common.api.Api, com.google.android.gms.common.api.Api$ApiOptions, com.google.android.gms.common.api.GoogleApi$Settings) took 159.813ms (68.83 bytecodes/s) (2432B approximate peak alloc)
07-03 17:32:38.921 W/ai.elizaos.app( 8271): Verification of com.google.android.gms.common.api.Api$Client com.google.android.gms.common.api.GoogleApi.zab(android.os.Looper, com.google.android.gms.common.api.internal.zabq) took 688.843ms (88.55 bytecodes/s) (4096B approximate peak alloc)
07-03 17:32:39.095 W/ai.elizaos.app( 8271): Verification of com.google.android.gms.common.api.PendingResult com.google.android.gms.internal.location.zzcr.addGeofences(com.google.android.gms.common.api.GoogleApiClient, com.google.android.gms.location.GeofencingRequest, android.app.PendingIntent) took 142.930ms (69.96 bytecodes/s) (2544B approximate peak alloc)
07-03 17:32:39.698 W/ai.elizaos.app( 8271): Verification of android.app.Dialog com.google.android.gms.common.GoogleApiAvailability.zab(android.app.Activity, android.content.DialogInterface$OnCancelListener) took 106.557ms (459.84 bytecodes/s) (3496B approximate peak alloc)
07-03 17:32:40.221 W/ai.elizaos.app( 8271): Verification of void com.google.android.gms.internal.location.zzdz.zzq(com.google.android.gms.location.LastLocationRequest, com.google.android.gms.tasks.TaskCompletionSource) took 189.749ms (337.29 bytecodes/s) (3568B approximate peak alloc)
07-03 17:32:41.504 W/ActivityManager(  577): Dumping Java threads failed, initiating native stack dump.
07-03 17:32:42.898 W/ai.elizaos.app( 8271): Suspending all threads took: 62.532ms
07-03 17:32:43.361 I/ai.elizaos.app( 8271): Background concurrent mark compact GC freed 1764KB AllocSpace bytes, 26(1776KB) LOS objects, 49% free, 4278KB/8556KB, paused 62.847ms,174.276ms total 1.760s
07-03 17:32:43.362 W/ai.elizaos.app( 8271): ApkAssets: Deleting an ApkAssets object '<empty> and /product/app/GoogleTTS/GoogleTTS.apk' with 1 weak references
07-03 17:32:44.031 W/ActivityManager(  577): Native stack dump failed!
07-03 17:32:44.031 E/ActivityManager(  577): Aborting stack trace dump (current firstPid=845); deadline exceeded.
07-03 17:32:44.154 W/chromium( 8501): [WARNING:runtime_features.cc(694)] SharedStorage for M118+ cannot be enabled in this configuration. Use --enable-features=SharedStorageAPI,SharedStorageAPIM118 in addition.
07-03 17:32:44.172 E/ActivityManager(  577): ANR in system
07-03 17:32:44.172 E/ActivityManager(  577): PID: 577
07-03 17:32:44.172 E/ActivityManager(  577): Reason: Input dispatching timed out (ca81d8f Application Not Responding: ai.elizaos.app (server) is not responding. Waited 5027ms for MotionEvent(deviceId=-1, eventTime=4801806000000, source=TOUCHSCREEN, displayId=0, action=UP, actionButton=0x00000000, flags=0x00000000, metaState=0x00000000, buttonState=0x00000000, classification=NONE, edgeFlags=0x00000000, xPrecision=1.0, yPrecision=1.0, xCursorPosition=nan, yCursorPosition=nan, pointers=[0: (429.0, 1698.0)]), policyFlags=0x6b000000).
07-03 17:32:44.172 E/ActivityManager(  577): ErrorId: 50c3cabf-3baa-41e8-81f8-0f42c2629f55
07-03 17:32:44.172 E/ActivityManager(  577): Frozen: false
07-03 17:32:44.172 E/ActivityManager(  577): Load: 47.25 / 25.49 / 13.32
07-03 17:32:44.172 E/ActivityManager(  577): ----- Output from /proc/pressure/memory -----
07-03 17:32:44.172 E/ActivityManager(  577): some avg10=0.30 avg60=0.27 avg300=0.39 total=91082690
07-03 17:32:44.172 E/ActivityManager(  577): full avg10=0.00 avg60=0.04 avg300=0.17 total=46179511
07-03 17:32:44.172 E/ActivityManager(  577): ----- End output from /proc/pressure/memory -----
07-03 17:32:44.172 E/ActivityManager(  577): ----- Output from /proc/pressure/cpu -----
07-03 17:32:44.172 E/ActivityManager(  577): some avg10=68.65 avg60=44.25 avg300=28.27 total=1073178236
07-03 17:32:44.172 E/ActivityManager(  577): full avg10=0.00 avg60=0.00 avg300=0.00 total=0
07-03 17:32:44.172 E/ActivityManager(  577): ----- End output from /proc/pressure/cpu -----
07-03 17:32:44.172 E/ActivityManager(  577): ----- Output from /proc/pressure/io -----
07-03 17:32:44.172 E/ActivityManager(  577): some avg10=21.32 avg60=16.03 avg300=9.20 total=360122856
07-03 17:32:44.172 E/ActivityManager(  577): full avg10=4.78 avg60=2.13 avg300=1.55 total=127623335
07-03 17:32:44.172 E/ActivityManager(  577): ----- End output from /proc/pressure/io -----
07-03 17:32:44.172 E/ActivityManager(  577): 
07-03 17:32:44.172 E/ActivityManager(  577): CPU usage from 893ms to -24240ms ago (2026-07-03 17:32:18.899 to 2026-07-03 17:32:44.032):
07-03 17:32:44.172 E/ActivityManager(  577):   50% 406/android.hardware.graphics.composer3-service.ranchu: 0% user + 50% kernel / faults: 2 minor 1 major
07-03 17:32:44.172 E/ActivityManager(  577):   39% 8271/ai.elizaos.app: 36% user + 3.7% kernel / faults: 7523 minor 81 major
07-03 17:32:44.172 E/ActivityManager(  577):   37% 577/system_server: 12% user + 25% kernel / faults: 12874 minor 178 major
07-03 17:32:44.172 E/ActivityManager(  577):   16% 428/surfaceflinger: 2.7% user + 13% kernel / faults: 33 minor 30 major
07-03 17:32:44.172 E/ActivityManager(  577):   10% 160/logd: 1.5% user + 8.4% kernel / faults: 97 minor 5 major
07-03 17:32:44.172 E/ActivityManager(  577):   7.9% 5833/com.google.android.gms.persistent: 5.3% user + 2.5% kernel / faults: 977 minor 7 major
07-03 17:32:44.172 E/ActivityManager(  577):   6.6% 845/com.android.systemui: 3.8% user + 2.7% kernel / faults: 1626 minor 58 major
07-03 17:32:44.172 E/ActivityManager(  577):   6.4% 3424/adbd: 1.8% user + 4.6% kernel / faults: 5203 minor
07-03 17:32:44.172 E/ActivityManager(  577):   5.7% 6660/com.google.android.gms: 3.2% user + 2.4% kernel / faults: 114 minor 120 major
07-03 17:32:44.172 E/ActivityManager(  577):   4.2% 459/logcat: 0.2% user + 3.9% kernel
07-03 17:32:44.172 E/ActivityManager(  577): 88% TOTAL: 17% user + 25% kernel + 5.2% iowait + 36% irq + 3.7% softirq
07-03 17:32:44.172 E/ActivityManager(  577): CPU usage from 1012ms to 9818ms later (2026-07-03 17:32:20.805 to 2026-07-03 17:32:29.610):
07-03 17:32:44.172 E/ActivityManager(  577):   88% 406/android.hardware.graphics.composer3-service.ranchu: 0.1% user + 87% kernel / faults: 2 minor
07-03 17:32:44.172 E/ActivityManager(  577):     87% 406/binder:406_2: 1.9% user + 85% kernel
07-03 17:32:44.172 E/ActivityManager(  577):     0.3% 534/_thread: 0% user + 0.3% kernel
07-03 17:32:44.172 E/ActivityManager(  577):   34% 428/surfaceflinger: 5.1% user + 29% kernel / faults: 8 major
07-03 17:32:44.172 E/ActivityManager(  577):     19% 532/RenderEngine: 0.9% user + 18% kernel
07-03 17:32:44.172 E/ActivityManager(  577):     13% 543/RegionSampling: 0.3% user + 13% kernel
07-03 17:32:44.172 E/ActivityManager(  577):     1.3% 428/surfaceflinger: 0.7% user + 0.5% kernel
07-03 17:32:44.172 E/ActivityManager(  577):     0.3% 1246/binder:428_5: 0% user + 0.3% kernel
07-03 17:32:44.172 E/ActivityManager(  577):     0.1% 528/binder:428_2: 0% user + 0.1% kernel
07-03 17:32:44.172 E/ActivityManager(  577):     0.1% 556/BckgrndExec HP: 0% user + 0.1% kernel
07-03 17:32:44.172 E/ActivityManager(  577):   36% 577/system_server: 13% user + 22% kernel / faults: 2020 minor 20 major
07-03 17:32:44.172 E/ActivityManager(  577):     12% 588/Signal Catcher: 6.9% user + 5.8% kernel
07-03 17:32:44.172 E/ActivityManager(  577):     3% 8616/AnrAuxiliaryTas: 2% user + 1% kernel
07-03 17:32:44.172 E/ActivityManager(  577):     2.8% 678/binder:577_5: 1.8% user + 1% kernel
07-03 17:32:44.172 E/ActivityManager(  577):     2.8% 909/binder:577_8: 2.6% user + 0.2% kernel
07-03 17:32:44.172 E/ActivityManager(  577):     2% 3873/RenderThread: 0% user + 2% kernel
07-03 17:32:44.172 E/ActivityManager(  577):     2% 8615/AnrConsumer: 0% user + 2% kernel
07-03 17:32:44.172 E/ActivityManager(  577):     1% 635/watchdog: 0% user + 1% kernel
07-03 17:32:44.172 E/ActivityManager(  577):     1% 675/binder:577_3: 0.6% user + 0.4% kernel
07-03 17:32:44.172 E/ActivityManager(  577):     0.8% 2076/binder:577_1D: 0% user + 0.8% kernel
07-03 17:32:44.172 E/ActivityManager(  577):     0.6% 1526/binder:577_10: 0.4% user + 0.2% kernel
07-03 17:32:44.172 E/ActivityManager(  577):     0.4% 634/android.anim.lf: 0% user + 0.4% kernel
07-03 17:32:44.172 E/ActivityManager(  577):     0.4% 1983/binder:577_12: 0.4% user + 0% kernel
07-03 17:32:44.172 E/ActivityManager(  577):     0.2% 646/batterystats-ha: 0.2% user + 0% kernel
07-03 17:32:44.172 E/ActivityManager(  577):     0.2% 789/GraphicsStats-d: 0% user + 0.2% kernel
07-03 17:32:44.172 E/ActivityManager(  577):    +0% 8674/pool-105-thread: 0% user + 0% kernel
07-03 17:32:44.172 E/ActivityManager(  577):   25% 160/logd: 4% user + 21% kernel / faults: 3 minor
07-03 17:32:44.172 E/ActivityManager(  577):     22% 3636/logd.reader.per: 2.5% user + 19% kernel
07-03 17:32:44.172 E/ActivityManager(  577):     1.8% 174/logd.writer: 0.3% user + 1.4% kernel
07-03 17:32:44.172 E/ActivityManager(  577):     0.5% 5151/logd.reader.per: 0% user + 0.5% kernel
07-03 17:32:44.172 E/ActivityManager(  577):     0.1% 176/logd.klogd: 0% user + 0.1% kernel
07-03 17:32:44.172 E/ActivityManager(  577):   68% 8643/com.google.android.apps.messaging:rcs: 31% user + 37% kernel / faults: 2565 minor
07-03 17:32:44.172 E/ActivityManager(  577):     68% 8643/s.messaging:rcs: 33% user + 35% kernel
07-03 17:32:44.172 E/ActivityManager(  577):    +0% 8673/Profile Saver: 0% user + 0% kernel
07-03 17:32:44.172 E/ActivityManager(  577):   38% 1492/com.android.emulator.multidisplay: 22% user + 15% kernel / faults: 261 minor
07-03 17:32:44.172 E/ActivityManager(  577):     38% 1493/Signal Catcher: 24% user + 13% kernel
07-03 17:32:44.172 E/ActivityManager(  577):   5.3% 459/logcat: 0.3% user + 5% kernel
07-03 17:32:44.172 E/ActivityManager(  577):   1.8% 16/rcu_preempt: 0% user + 1.8% kernel
07-03 17:32:44.172 E/ActivityManager(  577):   1.4% 309/kworker/u8:8-events_unbound: 0% user + 1.4% kernel
07-03 17:32:44.172 E/ActivityManager(  577):   2.8% 3424/adbd: 0.9% user + 1.9% kernel / faults: 260 minor
07-03 17:32:44.172 E/ActivityManager(  577):     1.9% 3424/adbd: 0% user + 1.9% kernel
07-03 17:32:44.172 E/ActivityManager(  577):   2.8% 3631/logcat: 0% user + 2.8% kernel
07-03 17:32:44.172 E/ActivityManager(  577):   2.9% 5185/kworker/3:0-virtio_vsock: 0% user + 2.9% kernel
07-03 17:32:44.172 E/ActivityManager(  577):   2.9% 7305/kworker/0:2-events: 0% user + 2.9% kernel
07-03 17:32:44.172 E/ActivityManager(  577):   0.3% 382/netd: 0.3% user + 0% kernel
07-03 17:32:44.172 E/ActivityManager(  577):     0.1% 452/netd: 0.1% user + 0% kernel
07-03 17:32:44.172 E/ActivityManager(  577):   0.3% 450/mdnsd: 0% user + 0.3% kernel
07-03 17:32:44.172 E/ActivityManager(  577):   0.4% 486/wificond: 0% user + 0.4% kernel
07-03 17:32:44.172 E/ActivityManager(  577):     0.6% 486/wificond: 0.6% user + 0% kernel
07-03 17:32:44.172 E/ActivityManager(  577):   0.4% 832/wpa_supplicant: 0.4% user + 0% kernel
07-03 17:32:44.172 E/ActivityManager(  577):   0.1% 1/init: 0.1% user + 0% kernel
07-03 17:32:44.172 E/ActivityManager(  577):   0.1% 18/rcu_exp_gp_kthread_worker: 0% user + 0.1% kernel
07-03 17:32:44.172 E/ActivityManager(  577):   0.1% 32/ksoftirqd/2: 0% user + 0.1% kernel
07-03 17:32:44.172 E/ActivityManager(  577):   0.1% 163/servicemanager: 0% user + 0.1% kernel
07-03 17:32:44.172 E/ActivityManager(  577):   0.1% 209/jbd2/dm-44-8: 0% user + 0.1% kernel
07-03 17:32:44.172 E/ActivityManager(  577):   0.1% 311/kworker/1:2H-kblockd: 0% user + 0.1% kernel
07-03 17:32:44.172 E/ActivityManager(  577):   0.1% 397/android.hardware.sensors-service.multihal: 0.1% user + 0% kernel
07-03 17:32:44.172 E/ActivityManager(  577):     0.1% 418/android.hardwar: 0.1% user + 0% kernel
07-03 17:32:44.172 E/ActivityManager(  577):   0.1% 424/audioserver: 0% user + 0.1% kernel / faults: 33 minor 41 major
07-03 17:32:44.172 E/ActivityManager(  577):     0.1% 424/audioserver: 0% user + 0.1% kernel
07-03 17:32:44.172 E/ActivityManager(  577):   0.9% 8271/ai.elizaos.app: 0.9% user + 0% kernel / faults: 94 minor 5 major
07-03 17:32:44.172 E/ActivityManager(  577):     0.9% 8271/ai.elizaos.app: 0% user + 0.9% kernel
07-03 17:32:44.172 E/ActivityManager(  577):     0.9% 8276/Jit thread pool: 0.9% user + 0% kernel
07-03 17:32:44.172 E/ActivityManager(  577):  +0% 8662/crash_dump64: 0% user + 0% kernel
07-03 17:32:44.172 E/ActivityManager(  577): 82% TOTAL: 8.5% user + 23% kernel + 4.2% iowait + 44% irq + 2.4% softirq
07-03 17:33:11.057 W/ActivityManager(  577): Timeout executing service: ServiceRecord{a6c957b u0 ai.elizaos.app/androidx.work.impl.background.systemjob.SystemJobService c:android}
07-03 17:33:11.061 W/ActivityManager(  577): Process ProcessRecord{1990e0b 8760:com.google.android.apps.messaging/u0a142} failed to attach
07-03 17:33:11.061 W/ActivityManager(  577): Unable to launch app com.google.android.apps.messaging/10142 for provider com.google.android.apps.messaging.shared.datamodel.provider.sharedstorage.SharedStorageProvider: launching app became null
07-03 17:33:11.061 I/ActivityManager(  577): Killing 8643:com.google.android.apps.messaging:rcs/u0a142 (adj 200): depends on provider com.google.android.apps.messaging/.shared.datamodel.provider.sharedstorage.SharedStorageProvider in dying proc com.google.android.apps.messaging (adj -10000)
07-03 17:33:11.061 I/ActivityManager(  577): Killing 8760:com.google.android.apps.messaging/u0a142 (adj -10000): start timeout
07-03 17:33:11.062 W/ActivityManager(  577): Timeout executing service: ServiceRecord{df77571 u0 com.google.android.apps.nexuslauncher/com.android.launcher3.notification.NotificationListener c:android}
07-03 17:33:11.171 I/ActivityManager(  577): Collecting stacks for pid 8271 into temporary file temp_anr_8384515579583044691.txt
07-03 17:33:11.183 W/ActivityManager(  577): No pending application record for pid 8760 (IApplicationThread android.app.IApplicationThread$Stub$Proxy@b4296ee); dropping process
07-03 17:33:11.197 I/ActivityManager(  577): dumpStackTraces pids={999=true, 1417=true, 5833=true, 6353=true, 6402=true, 6660=true, 6694=true, 6764=true, 6839=true, 6890=true, 7099=true, 7196=true, 7389=true, 8159=true, 8476=true, 8501=true, 8643=true, 8681=true}
07-03 17:33:11.200 I/ActivityManager(  577): Collecting stacks for pid 8681 into temporary file temp_anr_3373912822494639060.txt
07-03 17:33:11.200 I/ActivityManager(  577): Dumping to /data/anr/anr_2026-07-03-17-33-11-197
07-03 17:33:11.208 I/ai.elizaos.app( 8271): Thread[2,tid=8273,WaitingInMainSignalCatcherLoop,Thread*=0xb4000075dea382c0,peer=0x14001408,"Signal Catcher"]: reacting to signal 3
07-03 17:33:11.208 I/ai.elizaos.app( 8271): 
07-03 17:33:13.464 I/ActivityManager(  577): Process PhantomProcessRecord {4606f26 8787:577:crash_dump64/1000} died
07-03 17:33:13.464 I/ActivityManager(  577): Process PhantomProcessRecord {c511767 8785:577:crash_dump64/1000} died
07-03 17:33:13.464 I/ActivityManager(  577): Process PhantomProcessRecord {4528914 8677:577:crash_dump64/1000} died
07-03 17:33:13.464 I/ActivityManager(  577): Process PhantomProcessRecord {660a5bd 8757:577:system_server/1000} died
07-03 17:33:13.464 I/ActivityManager(  577): Process PhantomProcessRecord {6d457b2 8816:845:crash_dump64/u0a178} died
07-03 17:33:13.464 I/ActivityManager(  577): Process PhantomProcessRecord {cdc303 8829:845:com.android.systemui/u0a178} died
07-03 17:33:15.244 I/ActivityManager(  577): Background started FGS: Allowed [callingPackage: ai.elizaos.app; callingUid: 10208; uidState: TOP ; uidBFSL: [BFSL]; intent: Intent { act=app.eliza.action.START_AGENT cmp=ai.elizaos.app/.ElizaAgentService }; code:PROC_STATE_TOP; tempAllowListReason:<null>; targetSdkVersion:35; callerTargetSdkVersion:35; startForegroundCount:0; bindFromPackage:null: isBindService:false]
07-03 17:33:15.246 W/ActivityManager(  577): Scheduling restart of crashed service com.google.android.apps.messaging/com.google.android.ims.binding.SystemBindingService in 4000ms for connection
07-03 17:33:15.246 W/ActivityManager(  577): Scheduling restart of crashed service com.google.android.apps.messaging/com.google.android.ims.service.JibeService in 43656ms for start-requested
07-03 17:33:15.332 W/ActivityManager(  577): Slow operation: 67ms so far, now at startProcess: returned from zygote!
07-03 17:33:15.332 W/ActivityManager(  577): Slow operation: 67ms so far, now at startProcess: done updating battery stats
07-03 17:33:15.332 W/ActivityManager(  577): Slow operation: 67ms so far, now at startProcess: building log message
07-03 17:33:15.332 I/ActivityManager(  577): Start proc 8885:com.google.android.tts/u0a154 for service {com.google.android.tts/com.google.android.apps.speech.tts.googletts.service.GoogleTtsService}
07-03 17:33:15.332 W/ActivityManager(  577): Slow operation: 67ms so far, now at startProcess: starting to update pids map
07-03 17:33:15.332 W/ActivityManager(  577): Slow operation: 67ms so far, now at startProcess: done updating pids map
07-03 17:33:16.599 I/ActivityManager(  577): Skipping next CPU consuming process, not a java proc: 577
07-03 17:33:16.599 I/ActivityManager(  577): Skipping next CPU consuming process, not a java proc: 397
07-03 17:33:16.599 I/ActivityManager(  577): Skipping next CPU consuming process, not a java proc: 160
07-03 17:33:16.599 I/ActivityManager(  577): Skipping next CPU consuming process, not a java proc: 459
07-03 17:33:16.599 I/ActivityManager(  577): Skipping next CPU consuming process, not a java proc: 8880
07-03 17:33:16.599 I/ActivityManager(  577): Skipping next CPU consuming process, not a java proc: 8883
07-03 17:33:16.599 I/ActivityManager(  577): Skipping next CPU consuming process, not a java proc: 8885
07-03 17:33:26.243 I/ActivityManager(  577): Skip duplicated ANR, pid=8271 Broadcast of Intent { act=android.intent.action.BOOT_COMPLETED flg=0x9000030 pkg=ai.elizaos.app cmp=ai.elizaos.app/com.capacitorjs.plugins.localnotifications.LocalNotificationRestoreReceiver (has extras) }
07-03 17:33:26.374 W/ActivityManager(  577): Process ProcessRecord{965a91a 8885:com.google.android.tts/u0a154} failed to attach
07-03 17:33:26.374 W/ActivityManager(  577): Forcing bringing down service: ServiceRecord{3983bc5 u0 com.google.android.tts/com.google.android.apps.speech.tts.googletts.service.GoogleTtsService c:android}
07-03 17:33:43.332 W/ActivityManager(  577): Copying the first pid timed out
07-03 17:33:43.332 W/ActivityManager(  577): java.util.concurrent.TimeoutException
07-03 17:33:43.332 W/ActivityManager(  577): 	at java.util.concurrent.FutureTask.get(FutureTask.java:204)
07-03 17:33:43.332 W/ActivityManager(  577): 	at com.android.server.am.StackTracesDumpHelper.copyFirstPidTempDump(StackTracesDumpHelper.java:419)
07-03 17:33:43.332 W/ActivityManager(  577): 	at com.android.server.am.StackTracesDumpHelper.dumpStackTraces(StackTracesDumpHelper.java:218)
07-03 17:33:43.332 W/ActivityManager(  577): 	at com.android.server.am.StackTracesDumpHelper.dumpStackTraces(StackTracesDumpHelper.java:170)
07-03 17:33:43.332 W/ActivityManager(  577): 	at com.android.server.am.ProcessErrorStateRecord.appNotResponding(ProcessErrorStateRecord.java:535)
07-03 17:33:43.332 W/ActivityManager(  577): 	at com.android.server.am.AnrHelper$AnrRecord.appNotResponding(AnrHelper.java:308)
07-03 17:33:43.332 W/ActivityManager(  577): 	at com.android.server.am.AnrHelper$AnrConsumerThread.run(AnrHelper.java:241)
07-03 17:33:43.332 E/ActivityManager(  577): Aborting stack trace dump (currently copying primary pid8271); deadline exceeded.
07-03 17:33:45.001 W/ActivityManager(  577): Slow operation: 19826ms so far, now at startProcess: asking zygote to start proc
07-03 17:33:45.012 I/ActivityManager(  577): Killing 8885:com.google.android.tts/u0a154 (adj -10000): start timeout
07-03 17:33:45.399 W/ActivityManager(  577): Slow operation: 20223ms so far, now at startProcess: returned from zygote!
07-03 17:33:45.399 W/ActivityManager(  577): Bringing down service while still waiting for start foreground: ServiceRecord{47b63c2 u0 ai.elizaos.app/.ElizaAgentService c:ai.elizaos.app}
07-03 17:33:45.409 W/ActivityManager(  577): Slow operation: 20234ms so far, now at startProcess: done updating battery stats
07-03 17:33:45.409 W/ActivityManager(  577): Slow operation: 20234ms so far, now at startProcess: building log message
07-03 17:33:45.410 I/ActivityManager(  577): Start proc 8901:com.google.android.apps.messaging:rcs/u0a142 for service {com.google.android.apps.messaging/com.google.android.ims.binding.SystemBindingService}
07-03 17:33:45.410 W/ActivityManager(  577): Slow operation: 20235ms so far, now at startProcess: starting to update pids map
07-03 17:33:45.410 W/ActivityManager(  577): Slow operation: 20235ms so far, now at startProcess: done updating pids map
07-03 17:33:45.600 W/ActivityManager(  577): Dumping Java threads failed, initiating native stack dump.
07-03 17:33:47.365 W/ActivityManager(  577): Slow operation: 259ms so far, now at startProcess: returned from zygote!
07-03 17:33:47.630 W/ActivityManager(  577): Dumping Java threads failed, initiating native stack dump.
07-03 17:33:48.238 W/ActivityManager(  577): Slow operation: 1084ms so far, now at attachApplicationLocked: before bindApplication
07-03 17:33:48.803 W/ActivityManager(  577): Slow operation: 1649ms so far, now at attachApplicationLocked: immediately before bindApplication
07-03 17:33:48.805 W/ActivityManager(  577): Slow operation: 1651ms so far, now at attachApplicationLocked: immediately after bindApplication
07-03 17:33:48.805 W/ActivityManager(  577): Slow operation: 1651ms so far, now at attachApplicationLocked: after updateLruProcessLocked
07-03 17:33:48.825 W/ActivityManager(  577): Slow operation: 1671ms so far, now at attachApplicationLocked: after updateOomAdjLocked
07-03 17:33:51.473 W/ActivityManager(  577): Native stack dump failed!
07-03 17:33:51.473 E/ActivityManager(  577): Aborted stack trace dump (current primary pid=8681); deadline exceeded.
07-03 17:33:53.398 W/ActivityManager(  577): Slow operation: 6292ms so far, now at startProcess: done updating battery stats
07-03 17:33:53.398 W/ActivityManager(  577): Slow operation: 6292ms so far, now at startProcess: building log message
07-03 17:33:53.398 I/ActivityManager(  577): Start proc 8923:com.android.chrome/u0a145 for service {com.android.chrome/org.chromium.chrome.browser.customtabs.CustomTabsConnectionService}
07-03 17:33:53.398 W/ActivityManager(  577): Slow operation: 6292ms so far, now at startProcess: starting to update pids map
07-03 17:33:53.398 W/ActivityManager(  577): Slow operation: 6292ms so far, now at startProcess: done updating pids map
07-03 17:33:53.530 W/ActivityManager(  577): Slow operation: 80ms so far, now at attachApplicationLocked: immediately after bindApplication
07-03 17:33:53.530 W/ActivityManager(  577): Slow operation: 80ms so far, now at attachApplicationLocked: after updateLruProcessLocked
07-03 17:33:54.025 E/ActivityManager(  577): ANR in ai.elizaos.app
07-03 17:33:54.025 E/ActivityManager(  577): PID: 8271
07-03 17:33:54.025 E/ActivityManager(  577): Reason: executing service ai.elizaos.app/androidx.work.impl.background.systemjob.SystemJobService, waited 191555ms
07-03 17:33:54.025 E/ActivityManager(  577): ErrorId: 713b4b56-feef-46ec-83ef-45baa8008741
07-03 17:33:54.025 E/ActivityManager(  577): Frozen: false
07-03 17:33:54.025 E/ActivityManager(  577): Load: 44.76 / 27.51 / 14.61
07-03 17:33:54.025 E/ActivityManager(  577): ----- Output from /proc/pressure/memory -----
07-03 17:33:54.025 E/ActivityManager(  577): some avg10=0.01 avg60=0.23 avg300=0.37 total=91118231
07-03 17:33:54.025 E/ActivityManager(  577): full avg10=0.00 avg60=0.01 avg300=0.14 total=46188154
07-03 17:33:54.025 E/ActivityManager(  577): ----- End output from /proc/pressure/memory -----
07-03 17:33:54.025 E/ActivityManager(  577): ----- Output from /proc/pressure/cpu -----
07-03 17:33:54.025 E/ActivityManager(  577): some avg10=52.39 avg60=48.72 avg300=32.62 total=1102387894
07-03 17:33:54.025 E/ActivityManager(  577): full avg10=0.00 avg60=0.00 avg300=0.00 total=0
07-03 17:33:54.025 E/ActivityManager(  577): ----- End output from /proc/pressure/cpu -----
07-03 17:33:54.025 E/ActivityManager(  577): ----- Output from /proc/pressure/io -----
07-03 17:33:54.025 E/ActivityManager(  577): some avg10=21.79 avg60=19.65 avg300=11.56 total=372491609
07-03 17:33:54.025 E/ActivityManager(  577): full avg10=0.87 avg60=2.07 avg300=1.65 total=128882401
07-03 17:33:54.025 E/ActivityManager(  577): ----- End output from /proc/pressure/io -----
07-03 17:33:54.025 E/ActivityManager(  577): 
07-03 17:33:54.025 E/ActivityManager(  577): CPU usage from 2089ms to 33598ms later (2026-07-03 17:33:13.273 to 2026-07-03 17:33:44.782):
