07-03 17:33:54.025 E/ActivityManager(  577):   37% 577/system_server: 19% user + 17% kernel / faults: 5358 minor 7 major
07-03 17:33:54.025 E/ActivityManager(  577):   26% 428/surfaceflinger: 4.9% user + 21% kernel / faults: 2 major
07-03 17:33:54.025 E/ActivityManager(  577):   20% 160/logd: 3.5% user + 17% kernel / faults: 48 minor 5 major
07-03 17:33:54.025 E/ActivityManager(  577):   19% 8271/ai.elizaos.app: 13% user + 6.4% kernel / faults: 1336 minor 1 major
07-03 17:33:54.025 E/ActivityManager(  577):   13% 406/android.hardware.graphics.composer3-service.ranchu: 1.3% user + 12% kernel
07-03 17:33:54.025 E/ActivityManager(  577):   13% 8681/com.google.android.apps.nexuslauncher: 4.7% user + 9% kernel / faults: 184 minor
07-03 17:33:54.025 E/ActivityManager(  577):   13% 397/android.hardware.sensors-service.multihal: 4.7% user + 8.5% kernel
07-03 17:33:54.025 E/ActivityManager(  577):   12% 5833/com.google.android.gms.persistent: 8% user + 4% kernel / faults: 151 minor 1 major
07-03 17:33:54.025 E/ActivityManager(  577):   5% 18/rcu_exp_gp_kthread_worker: 0% user + 5% kernel
07-03 17:33:54.025 E/ActivityManager(  577):   5.7% 8050/kworker/0:1-virtio_vsock: 0% user + 5.7% kernel
07-03 17:33:54.025 E/ActivityManager(  577): 88% TOTAL: 3.3% user + 4.5% kernel + 2.1% iowait + 67% irq + 11% softirq
07-03 17:33:54.025 E/ActivityManager(  577): CPU usage from 2389ms to 4904ms later (2026-07-03 17:33:13.573 to 2026-07-03 17:33:16.088):
07-03 17:33:54.025 E/ActivityManager(  577):   48% 577/system_server: 34% user + 13% kernel / faults: 1088 minor 4 major
07-03 17:33:54.025 E/ActivityManager(  577):     26% 602/HeapTaskDaemon: 0% user + 26% kernel
07-03 17:33:54.025 E/ActivityManager(  577):     20% 689/SensorService: 3.9% user + 17% kernel
07-03 17:33:54.025 E/ActivityManager(  577):   35% 397/android.hardware.sensors-service.multihal: 12% user + 22% kernel
07-03 17:33:54.025 E/ActivityManager(  577):     53% 418/android.hardwar: 13% user + 40% kernel
07-03 17:33:54.025 E/ActivityManager(  577):   5.8% 5833/com.google.android.gms.persistent: 5% user + 0.7% kernel / faults: 26 minor 1 major
07-03 17:33:54.025 E/ActivityManager(  577):    +0% 8882/lowpool[57]: 0% user + 0% kernel
07-03 17:33:54.025 E/ActivityManager(  577):    +0% 8884/binder:5833_6: 0% user + 0% kernel
07-03 17:33:54.025 E/ActivityManager(  577):   2.9% 160/logd: 0% user + 2.9% kernel / faults: 4 minor
07-03 17:33:54.025 E/ActivityManager(  577):     2.9% 3636/logd.reader.per: 0% user + 2.9% kernel
07-03 17:33:54.025 E/ActivityManager(  577):   0.4% 459/logcat: 0% user + 0.4% kernel
07-03 17:33:54.025 E/ActivityManager(  577):  +0% 8880/sh: 0% user + 0% kernel
07-03 17:33:54.025 E/ActivityManager(  577):  +0% 8883/screencap: 0% user + 0% kernel
07-03 17:33:54.025 E/ActivityManager(  577):  +0% 8885/zygote64: 0% user + 0% kernel
07-03 17:33:54.025 E/ActivityManager(  577): 75% TOTAL: 9.9% user + 15% kernel + 22% irq + 27% softirq
07-03 17:33:56.207 W/ActivityManager(  577): Native stack dump failed!
07-03 17:33:56.207 E/ActivityManager(  577): Aborted stack trace dump (current primary pid=8271); deadline exceeded.
07-03 17:33:57.122 W/ActivityManager(  577): Slow operation: 3672ms so far, now at attachApplicationLocked: after updateOomAdjLocked
07-03 17:33:57.200 I/ActivityManager(  577): dumpStackTraces pids=null
07-03 17:33:57.200 I/ActivityManager(  577): Dumping to /data/anr/anr_2026-07-03-17-33-57-200
07-03 17:33:57.247 I/ActivityManager(  577): Collecting stacks for pid 8271 into temporary file temp_anr_5418084709647152760.txt
07-03 17:33:59.016 I/ActivityManager(  577): dumpStackTraces nativepids=null
07-03 17:33:59.016 I/ActivityManager(  577): dumpStackTraces extraPids=null
07-03 17:33:59.021 I/ActivityManager(  577): Done dumping
07-03 17:33:59.177 I/ai.elizaos.app( 8271): Wrote stack traces to tombstoned
07-03 17:33:59.177 I/ai.elizaos.app( 8271): Thread[2,tid=8273,WaitingInMainSignalCatcherLoop,Thread*=0xb4000075dea382c0,peer=0x14001408,"Signal Catcher"]: reacting to signal 3
07-03 17:33:59.177 I/ai.elizaos.app( 8271): 
07-03 17:33:59.188 I/ActivityManager(  577): Process PhantomProcessRecord {cf6610a 8962:8681:com.google.android.apps.nexuslauncher/u0a170} died
07-03 17:33:59.204 E/ActivityManager(  577): ANR in com.google.android.apps.nexuslauncher
07-03 17:33:59.204 E/ActivityManager(  577): PID: 8681
07-03 17:33:59.204 E/ActivityManager(  577): Reason: executing service com.google.android.apps.nexuslauncher/com.android.launcher3.notification.NotificationListener, waited 33761ms
07-03 17:33:59.204 E/ActivityManager(  577): ErrorId: c15234b8-514e-434f-83f2-f53657519694
07-03 17:33:59.204 E/ActivityManager(  577): Frozen: false
07-03 17:33:59.204 E/ActivityManager(  577): Load: 0.0 / 0.0 / 0.0
07-03 17:33:59.204 E/ActivityManager(  577): ----- Output from /proc/pressure/memory -----
07-03 17:33:59.204 E/ActivityManager(  577): some avg10=0.00 avg60=0.10 avg300=0.31 total=91132789
07-03 17:33:59.204 E/ActivityManager(  577): full avg10=0.00 avg60=0.00 avg300=0.12 total=46188277
07-03 17:33:59.204 E/ActivityManager(  577): ----- End output from /proc/pressure/memory -----
07-03 17:33:59.204 E/ActivityManager(  577): ----- Output from /proc/pressure/cpu -----
07-03 17:33:59.204 E/ActivityManager(  577): some avg10=80.90 avg60=57.34 avg300=37.05 total=1130405857
07-03 17:33:59.204 E/ActivityManager(  577): full avg10=0.00 avg60=0.00 avg300=0.00 total=0
07-03 17:33:59.204 E/ActivityManager(  577): ----- End output from /proc/pressure/cpu -----
07-03 17:33:59.204 E/ActivityManager(  577): ----- Output from /proc/pressure/io -----
07-03 17:33:59.204 E/ActivityManager(  577): some avg10=29.61 avg60=21.05 avg300=12.99 total=381956287
07-03 17:33:59.204 E/ActivityManager(  577): full avg10=0.73 avg60=1.24 avg300=1.47 total=129129383
07-03 17:33:59.204 E/ActivityManager(  577): ----- End output from /proc/pressure/io -----
07-03 17:33:59.204 E/ActivityManager(  577): 
07-03 17:33:59.204 E/ActivityManager(  577): CPU usage from 12393ms to -26ms ago (2026-07-03 17:33:44.782 to 2026-07-03 17:33:57.201):
07-03 17:33:59.204 E/ActivityManager(  577):   69% 406/android.hardware.graphics.composer3-service.ranchu: 1.4% user + 68% kernel
07-03 17:33:59.204 E/ActivityManager(  577):   59% 577/system_server: 35% user + 24% kernel / faults: 5674 minor 94 major
07-03 17:33:59.204 E/ActivityManager(  577):   30% 428/surfaceflinger: 6.3% user + 24% kernel / faults: 23 minor 2 major
07-03 17:33:59.204 E/ActivityManager(  577):   28% 8883/screencap: 28% user + 0% kernel / faults: 2218 minor
07-03 17:33:59.204 E/ActivityManager(  577):   20% 8271/ai.elizaos.app: 9.3% user + 10% kernel / faults: 3567 minor 5 major
07-03 17:33:59.204 E/ActivityManager(  577):   9.3% 6839/com.google.android.googlequicksearchbox:interactor: 7.5% user + 1.8% kernel / faults: 468 minor
07-03 17:33:59.204 E/ActivityManager(  577):   6.1% 5833/com.google.android.gms.persistent: 4.4% user + 1.6% kernel / faults: 182 minor 2 major
07-03 17:33:59.204 E/ActivityManager(  577):   3.6% 8807/audioserver: 1.6% user + 2% kernel / faults: 737 minor 1 major
07-03 17:33:59.204 E/ActivityManager(  577):   0.9% 309/kworker/u8:8-loop35: 0% user + 0.9% kernel
07-03 17:33:59.204 E/ActivityManager(  577):   3.3% 8681/com.google.android.apps.nexuslauncher: 0% user + 3.3% kernel / faults: 179 minor
07-03 17:33:59.204 E/ActivityManager(  577): 87% TOTAL: 17% user + 25% kernel + 6% iowait + 37% irq + 0.9% softirq
07-03 17:33:59.204 E/ActivityManager(  577): CPU usage from 4964964ms to 4964964ms ago (1969-12-31 19:00:00.000 to 1969-12-31 19:00:00.000) with 0% awake:
07-03 17:33:59.204 E/ActivityManager(  577): 0% TOTAL: 0% user + 0% kernel
07-03 17:33:59.219 I/ActivityManager(  577): Process PhantomProcessRecord {b6e11b0 8928:8681:crash_dump64/u0a170} died
07-03 17:33:59.238 I/ActivityManager(  577): Killing 8681:com.google.android.apps.nexuslauncher/u0a170 (adj 0): bg anr
07-03 17:34:11.055 I/ActivityManager(  577): Process PhantomProcessRecord {8cb6fd4 8934:8681:crash_dump64/u0a170} died
07-03 17:34:11.055 I/ActivityManager(  577): Process PhantomProcessRecord {ca9657d 8965:8681:com.google.android.apps.nexuslauncher/u0a170} died
07-03 17:34:11.169 I/ActivityManager(  577): Extending process start timeout by 12427ms for ProcessRecord{ff4a389 8923:com.android.chrome/u0a145}
07-03 17:34:11.299 W/ActivityManager(  577): Slow operation: 11415ms so far, now at finishAttachApplicationInner: after mServices.attachApplicationLocked
07-03 17:34:11.299 W/ActivityManager(  577): Slow operation: 11421ms so far, now at finishAttachApplicationInner: after dispatching broadcasts
07-03 17:34:15.605 I/ActivityManager(  577): Skipping duplicate ANR: com.android.server.am.ProcessErrorStateRecord@63d0903 Context.startForegroundService() did not then call Service.startForeground(): ServiceRecord{47b63c2 u0 ai.elizaos.app/.ElizaAgentService c:ai.elizaos.app}
07-03 17:34:20.481 W/ActivityManager(  577): pid 577 system sent binder code 12 with flags 1 to frozen apps and got error -32
07-03 17:34:20.482 W/ActivityManager(  577): Exception when unbinding service com.google.android.apps.nexuslauncher/com.android.quickstep.TouchInteractionService
07-03 17:34:20.482 W/ActivityManager(  577): android.os.DeadObjectException
07-03 17:34:20.482 W/ActivityManager(  577): 	at android.os.BinderProxy.transactNative(Native Method)
07-03 17:34:20.482 W/ActivityManager(  577): 	at android.os.BinderProxy.transact(BinderProxy.java:586)
07-03 17:34:20.482 W/ActivityManager(  577): 	at android.app.IApplicationThread$Stub$Proxy.scheduleUnbindService(IApplicationThread.java:1463)
07-03 17:34:20.482 W/ActivityManager(  577): 	at com.android.server.am.ActiveServices.removeConnectionLocked(ActiveServices.java:6646)
07-03 17:34:20.482 W/ActivityManager(  577): 	at com.android.server.am.ActiveServices.unbindServiceLocked(ActiveServices.java:4564)
07-03 17:34:20.482 W/ActivityManager(  577): 	at com.android.server.am.ActivityManagerService.unbindService(ActivityManagerService.java:14253)
07-03 17:34:20.482 W/ActivityManager(  577): 	at android.app.IActivityManager$Stub.onTransact(IActivityManager.java:3096)
07-03 17:34:20.482 W/ActivityManager(  577): 	at com.android.server.am.ActivityManagerService.onTransact(ActivityManagerService.java:2812)
07-03 17:34:20.482 W/ActivityManager(  577): 	at android.os.Binder.execTransactInternal(Binder.java:1505)
07-03 17:34:20.482 W/ActivityManager(  577): 	at android.os.Binder.execTransact(Binder.java:1444)
07-03 17:34:20.482 W/ActivityManager(  577): pid 577 system sent binder code 4 with flags 1 to frozen apps and got error -32
07-03 17:34:21.197 W/ActivityManager(  577): Exception when destroying service com.google.android.apps.nexuslauncher/com.android.quickstep.TouchInteractionService
07-03 17:34:21.197 W/ActivityManager(  577): android.os.DeadObjectException
07-03 17:34:21.197 W/ActivityManager(  577): 	at android.os.BinderProxy.transactNative(Native Method)
07-03 17:34:21.197 W/ActivityManager(  577): 	at android.os.BinderProxy.transact(BinderProxy.java:586)
07-03 17:34:21.197 W/ActivityManager(  577): 	at android.app.IApplicationThread$Stub$Proxy.scheduleStopService(IApplicationThread.java:1336)
07-03 17:34:21.197 W/ActivityManager(  577): 	at com.android.server.am.ActiveServices.bringDownServiceLocked(ActiveServices.java:6478)
07-03 17:34:21.197 W/ActivityManager(  577): 	at com.android.server.am.ActiveServices.bringDownServiceIfNeededLocked(ActiveServices.java:6267)
07-03 17:34:21.197 W/ActivityManager(  577): 	at com.android.server.am.ActiveServices.removeConnectionLocked(ActiveServices.java:6670)
07-03 17:34:21.197 W/ActivityManager(  577): 	at com.android.server.am.ActiveServices.unbindServiceLocked(ActiveServices.java:4564)
07-03 17:34:21.197 W/ActivityManager(  577): 	at com.android.server.am.ActivityManagerService.unbindService(ActivityManagerService.java:14253)
07-03 17:34:21.197 W/ActivityManager(  577): 	at android.app.IActivityManager$Stub.onTransact(IActivityManager.java:3096)
07-03 17:34:21.197 W/ActivityManager(  577): 	at com.android.server.am.ActivityManagerService.onTransact(ActivityManagerService.java:2812)
07-03 17:34:21.197 W/ActivityManager(  577): 	at android.os.Binder.execTransactInternal(Binder.java:1505)
07-03 17:34:21.197 W/ActivityManager(  577): 	at android.os.Binder.execTransact(Binder.java:1444)
07-03 17:34:22.208 W/ActivityManager(  577): Scheduling restart of crashed service com.google.android.apps.nexuslauncher/com.android.launcher3.notification.NotificationListener in 1000ms for connection
07-03 17:34:22.712 I/ActivityManager(  577): Process PhantomProcessRecord {6fc1d82 8947:8271:crash_dump64/u0a208} died
07-03 17:34:29.992 I/ActivityManager(  577): Process PhantomProcessRecord {4cc2eef 8961:8271:ai.elizaos.app/u0a208} died
07-03 17:34:32.452 W/ActivityManager(  577): Slow operation: 292ms so far, now at startProcess: done creating new process record
07-03 17:34:32.452 W/ActivityManager(  577): Slow operation: 2811ms so far, now at startProcess: stepping in to startProcess
07-03 17:34:32.458 W/ActivityManager(  577): Slow operation: 2817ms so far, now at startProcess: done starting proc!
07-03 17:34:32.459 I/ActivityManager(  577): Collecting stacks for pid 8923 into temporary file temp_anr_8553684416682565355.txt
07-03 17:34:33.936 W/ActivityManager(  577): Slow operation: 1484ms so far, now at startProcess: returned from zygote!
07-03 17:34:33.936 W/ActivityManager(  577): Slow operation: 1484ms so far, now at startProcess: done updating battery stats
07-03 17:34:33.942 W/ActivityManager(  577): Slow operation: 1490ms so far, now at startProcess: building log message
07-03 17:34:33.942 I/ActivityManager(  577): Start proc 9018:com.google.android.apps.nexuslauncher/u0a170 for service {com.google.android.apps.nexuslauncher/com.android.launcher3.notification.NotificationListener}
07-03 17:34:33.942 W/ActivityManager(  577): Slow operation: 1490ms so far, now at startProcess: starting to update pids map
07-03 17:34:33.942 W/ActivityManager(  577): Slow operation: 1490ms so far, now at startProcess: done updating pids map
07-03 17:34:37.179 I/ActivityManager(  577): dumpStackTraces pids=null
07-03 17:34:37.192 I/ActivityManager(  577): Dumping to /data/anr/anr_2026-07-03-17-34-37-191
07-03 17:34:40.321 I/ActivityManager(  577): dumpStackTraces nativepids=null
07-03 17:34:40.321 I/ActivityManager(  577): dumpStackTraces extraPids=null
07-03 17:34:40.321 I/ActivityManager(  577): Done dumping
07-03 17:34:40.576 E/ActivityManager(  577): ANR in com.android.chrome
07-03 17:34:40.576 E/ActivityManager(  577): PID: 8923
07-03 17:34:40.576 E/ActivityManager(  577): Reason: Process ProcessRecord{ff4a389 8923:com.android.chrome/u0a145} failed to complete startup
07-03 17:34:40.576 E/ActivityManager(  577): ErrorId: d3ff286a-5d1a-44e4-8632-015407b5c073
07-03 17:34:40.576 E/ActivityManager(  577): Frozen: false
07-03 17:34:40.576 E/ActivityManager(  577): Load: 0.0 / 0.0 / 0.0
07-03 17:34:40.576 E/ActivityManager(  577): ----- Output from /proc/pressure/memory -----
07-03 17:34:40.576 E/ActivityManager(  577): some avg10=1.18 avg60=1.73 avg300=0.77 total=92914563
07-03 17:34:40.576 E/ActivityManager(  577): full avg10=0.18 avg60=0.27 avg300=0.18 total=46459669
07-03 17:34:40.576 E/ActivityManager(  577): ----- End output from /proc/pressure/memory -----
07-03 17:34:40.576 E/ActivityManager(  577): ----- Output from /proc/pressure/cpu -----
07-03 17:34:40.576 E/ActivityManager(  577): some avg10=64.25 avg60=58.23 avg300=39.72 total=1157776513
07-03 17:34:40.576 E/ActivityManager(  577): full avg10=0.00 avg60=0.00 avg300=0.00 total=0
07-03 17:34:40.576 E/ActivityManager(  577): ----- End output from /proc/pressure/cpu -----
07-03 17:34:40.576 E/ActivityManager(  577): ----- Output from /proc/pressure/io -----
07-03 17:34:40.576 E/ActivityManager(  577): some avg10=28.26 avg60=22.63 avg300=14.30 total=391091201
07-03 17:34:40.576 E/ActivityManager(  577): full avg10=0.21 avg60=0.93 avg300=1.37 total=129565684
07-03 17:34:40.576 E/ActivityManager(  577): ----- End output from /proc/pressure/io -----
07-03 17:34:40.576 E/ActivityManager(  577): 
07-03 17:34:40.576 E/ActivityManager(  577): CPU usage from 0ms to 7858ms later (2026-07-03 17:34:32.463 to 2026-07-03 17:34:40.321):
07-03 17:34:40.576 E/ActivityManager(  577):   59% 577/system_server: 27% user + 32% kernel / faults: 314 minor 4 major
07-03 17:34:40.576 E/ActivityManager(  577):   49% 406/android.hardware.graphics.composer3-service.ranchu: 1.2% user + 48% kernel / faults: 1 minor 1 major
07-03 17:34:40.576 E/ActivityManager(  577):   41% 8271/ai.elizaos.app: 29% user + 11% kernel / faults: 1103 minor 7 major
07-03 17:34:40.576 E/ActivityManager(  577):   38% 845/com.android.systemui: 19% user + 19% kernel / faults: 463 minor 14 major
07-03 17:34:40.576 E/ActivityManager(  577):   24% 8501/com.google.android.webview:sandboxed_process0:org.chromium.content.app.SandboxedProcessService0:0: 7.7% user + 16% kernel / faults: 136 minor 35 major
07-03 17:34:40.576 E/ActivityManager(  577):   20% 8901/com.google.android.apps.messaging:rcs: 16% user + 4.4% kernel / faults: 706 minor
07-03 17:34:40.576 E/ActivityManager(  577):   19% 5833/com.google.android.gms.persistent: 12% user + 6.6% kernel / faults: 240 minor
07-03 17:34:40.576 E/ActivityManager(  577):   8.9% 1/init: 1.6% user + 7.2% kernel
07-03 17:34:40.576 E/ActivityManager(  577):   6.2% 8923/com.android.chrome: 6.2% user + 0% kernel / faults: 2649 minor 9 major
07-03 17:34:40.576 E/ActivityManager(  577):   5.1% 160/logd: 0.1% user + 5% kernel / faults: 51 minor 4 major
07-03 17:34:40.576 E/ActivityManager(  577): 84% TOTAL: 12% user + 20% kernel + 0.5% iowait + 46% irq + 3.5% softirq
07-03 17:34:40.576 E/ActivityManager(  577): CPU usage from 5000252ms to 5000252ms ago (1969-12-31 19:00:00.000 to 1969-12-31 19:00:00.000) with 0% awake:
07-03 17:34:40.576 E/ActivityManager(  577): 0% TOTAL: 0% user + 0% kernel
07-03 17:34:41.690 W/ActivityManager(  577): Slow operation: 347ms so far, now at startProcess: returned from zygote!
07-03 17:34:41.697 W/ActivityManager(  577): Slow operation: 354ms so far, now at startProcess: done updating battery stats
07-03 17:34:41.697 W/ActivityManager(  577): Slow operation: 354ms so far, now at startProcess: building log message
07-03 17:34:41.697 I/ActivityManager(  577): Start proc 9052:com.google.android.apps.messaging/u0a142 for content provider {com.google.android.apps.messaging/com.google.android.apps.messaging.shared.datamodel.provider.sharedstorage.SharedStorageProvider}
07-03 17:34:41.697 W/ActivityManager(  577): Slow operation: 354ms so far, now at startProcess: starting to update pids map
07-03 17:34:41.697 W/ActivityManager(  577): Slow operation: 354ms so far, now at startProcess: done updating pids map
07-03 17:34:41.699 I/ActivityManager(  577): Killing 8923:com.android.chrome/u0a145 (adj 0): bg anr
07-03 17:34:42.061 W/ElizaAgent( 8271): Historical process exit: pid=6809 process=ai.elizaos.app reason=USER_REQUESTED status=0 importance=125 pssKb=0 rssKb=0 description=[FORCE STOP] stop ai.elizaos.app due to from pid 6831
07-03 17:34:42.063 W/ElizaAgent( 8271): Historical process exit: pid=6354 process=ai.elizaos.app reason=LOW_MEMORY status=0 importance=125 pssKb=0 rssKb=0
07-03 17:34:42.935 I/ai.elizaos.app( 8271): Wrote stack traces to tombstoned
07-03 17:34:43.852 W/ai.elizaos.app( 8271): Verification of void androidx.profileinstaller.ProfileVerifier$Cache.writeOnFile(java.io.File) took 110.101ms (426.88 bytecodes/s) (3208B approximate peak alloc)
07-03 17:34:46.534 I/ActivityManager(  577): Process ai.elizaos.app (pid 8271) has died: fg  SVC 
07-03 17:34:46.916 I/ActivityManager(  577): Killing 8501:com.google.android.webview:sandboxed_process0:org.chromium.content.app.SandboxedProcessService0:0/u0a208i2 (adj 0): isolated not needed
07-03 17:34:47.997 W/ActivityManager(  577): Slow operation: 1060ms so far, now at finishAttachApplicationInner: after mServices.attachApplicationLocked
07-03 17:34:48.005 W/ActivityManager(  577): Slow operation: 1075ms so far, now at finishAttachApplicationInner: after dispatching broadcasts
07-03 17:34:48.196 W/ActivityManager(  577): setHasOverlayUi called on unknown pid: 8271
07-03 17:34:53.894 W/chromium( 6694): [0703/173453.894839:WARNING:dns_config_service_android.cc(81)] Failed to read DnsConfig.
07-03 17:35:26.497 W/ActivityManager(  577): SLOW OOM ADJ: 253ms for pid 6890 = 0
07-03 17:35:29.273 W/ActivityManager(  577): Slow operation: 327ms so far, now at startProcess: returned from zygote!
07-03 17:35:29.273 W/ActivityManager(  577): Slow operation: 327ms so far, now at startProcess: done updating battery stats
07-03 17:35:29.273 W/ActivityManager(  577): Slow operation: 327ms so far, now at startProcess: building log message
07-03 17:35:29.273 I/ActivityManager(  577): Start proc 9279:com.google.android.apps.wallpaper/u0a169 for content provider {com.google.android.apps.wallpaper/com.google.android.apps.wallpaper.provider.RecentWallpapersProvider}
07-03 17:35:29.273 W/ActivityManager(  577): Slow operation: 327ms so far, now at startProcess: starting to update pids map
07-03 17:35:29.273 W/ActivityManager(  577): Slow operation: 327ms so far, now at startProcess: done updating pids map
07-03 17:35:39.555 W/ActivityManager(  577): Slow operation: 64ms so far, now at startProcess: asking zygote to start proc
07-03 17:35:39.563 W/ActivityManager(  577): Slow operation: 72ms so far, now at startProcess: returned from zygote!
07-03 17:35:39.563 W/ActivityManager(  577): Slow operation: 72ms so far, now at startProcess: done updating battery stats
07-03 17:35:39.563 W/ActivityManager(  577): Slow operation: 72ms so far, now at startProcess: building log message
07-03 17:35:39.563 I/ActivityManager(  577): Start proc 9306:com.google.android.apps.wellbeing/u0a140 for content provider {com.google.android.apps.wellbeing/com.google.android.apps.wellbeing.api.impl.WellbeingSettingsProvider}
07-03 17:35:39.563 W/ActivityManager(  577): Slow operation: 72ms so far, now at startProcess: starting to update pids map
07-03 17:35:39.563 W/ActivityManager(  577): Slow operation: 72ms so far, now at startProcess: done updating pids map
07-03 17:35:41.813 W/ActivityManager(  577): Slow operation: 313ms so far, now at attachApplicationLocked: immediately after bindApplication
07-03 17:35:41.813 W/ActivityManager(  577): Slow operation: 313ms so far, now at attachApplicationLocked: after updateLruProcessLocked
07-03 17:35:41.813 W/ActivityManager(  577): Slow operation: 313ms so far, now at attachApplicationLocked: after updateOomAdjLocked
07-03 17:35:54.519 W/ActivityManager(  577): Slow operation: 74ms so far, now at finishAttachApplicationInner: after updateOomAdjLocked
07-03 17:36:12.301 I/ActivityManager(  577): Force stopping ai.elizaos.app appid=10208 user=0: from pid 9358
07-03 17:36:15.218 W/ActivityManager(  577): Slow operation: 274ms so far, now at startProcess: done starting proc!
07-03 17:36:15.443 W/ActivityManager(  577): Slow operation: 498ms so far, now at startProcess: asking zygote to start proc
07-03 17:36:15.457 W/ActivityManager(  577): Slow operation: 512ms so far, now at startProcess: returned from zygote!
07-03 17:36:15.457 W/ActivityManager(  577): Slow operation: 512ms so far, now at startProcess: done updating battery stats
07-03 17:36:15.457 W/ActivityManager(  577): Slow operation: 512ms so far, now at startProcess: building log message
07-03 17:36:15.457 I/ActivityManager(  577): Start proc 9380:ai.elizaos.app/u0a208 for next-top-activity {ai.elizaos.app/ai.elizaos.app.MainActivity}
07-03 17:36:15.457 W/ActivityManager(  577): Slow operation: 512ms so far, now at startProcess: starting to update pids map
07-03 17:36:15.457 W/ActivityManager(  577): Slow operation: 512ms so far, now at startProcess: done updating pids map
07-03 17:36:15.865 I/ai.elizaos.app( 9380): Late-enabling -Xcheck:jni
07-03 17:36:16.062 I/ai.elizaos.app( 9380): Using CollectorTypeCMC GC.
07-03 17:36:27.656 W/ai.elizaos.app( 9380): Verification of kotlin.Lazy kotlin.LazyKt__LazyJVMKt.lazy(kotlin.LazyThreadSafetyMode, kotlin.jvm.functions.Function0) took 142.327ms (449.67 bytecodes/s) (3928B approximate peak alloc)
07-03 17:36:28.511 W/ai.elizaos.app( 9380): Verification of java.lang.Object kotlinx.coroutines.JobSupportKt.boxIncomplete(java.lang.Object) took 309.559ms (48.46 bytecodes/s) (2456B approximate peak alloc)
07-03 17:36:29.009 W/ai.elizaos.app( 9380): Verification of void okhttp3.internal.platform.android.BouncyCastleSocketAdapter.configureTlsExtensions(javax.net.ssl.SSLSocket, java.lang.String, java.util.List) took 188.474ms (259.98 bytecodes/s) (3272B approximate peak alloc)
07-03 17:36:29.182 I/ActivityManager(  577): Background started FGS: Allowed [callingPackage: ai.elizaos.app; callingUid: 10208; uidState: TOP ; uidBFSL: [BFSL]; intent: Intent { cmp=ai.elizaos.app/.GatewayConnectionService }; code:PROC_STATE_TOP; tempAllowListReason:<null>; targetSdkVersion:35; callerTargetSdkVersion:35; startForegroundCount:0; bindFromPackage:null: isBindService:false]
07-03 17:36:29.197 I/ActivityManager(  577): Background started FGS: Allowed [callingPackage: ai.elizaos.app; callingUid: 10208; uidState: TOP ; uidBFSL: [BFSL]; intent: Intent { act=app.eliza.action.START_AGENT cmp=ai.elizaos.app/.ElizaAgentService }; code:PROC_STATE_TOP; tempAllowListReason:<null>; targetSdkVersion:35; callerTargetSdkVersion:35; startForegroundCount:0; bindFromPackage:null: isBindService:false]
07-03 17:36:29.832 W/ai.elizaos.app( 9380): Verification of android.graphics.drawable.Drawable androidx.appcompat.widget.ResourceManagerInternal.tintDrawable(android.content.Context, int, boolean, android.graphics.drawable.Drawable) took 116.297ms (429.93 bytecodes/s) (3304B approximate peak alloc)
07-03 17:36:29.834 W/ai.elizaos.app( 9380): Verification of void kotlinx.coroutines.flow.internal.SafeCollector_commonKt.checkContext(kotlinx.coroutines.flow.internal.SafeCollector, kotlin.coroutines.CoroutineContext) took 119.029ms (630.10 bytecodes/s) (3520B approximate peak alloc)
07-03 17:36:30.064 W/ai.elizaos.app( 9380): Entry not found
07-03 17:36:30.567 E/chromium( 9380): [0703/173630.567174:ERROR:variations_seed_loader.cc(37)] Seed missing signature.
07-03 17:36:30.658 I/ActivityManager(  577): Start proc 9443:com.google.android.webview:sandboxed_process0:org.chromium.content.app.SandboxedProcessService0:0/u0i3 for  {ai.elizaos.app/org.chromium.content.app.SandboxedProcessService0:0}
07-03 17:36:31.713 W/ai.elizaos.app( 9380): Accessing hidden method Landroid/view/ViewGroup;->makeOptionalFitsSystemWindows()V (unsupported, reflection, allowed)
07-03 17:36:32.191 W/ai.elizaos.app( 9380): Verification of void ai.eliza.plugins.appblocker.AppBlockerPlugin.blockApps(com.getcapacitor.PluginCall) took 102.907ms (2876.38 bytecodes/s) (8424B approximate peak alloc)
07-03 17:36:34.357 W/ai.elizaos.app( 9380): Verification of boolean com.getcapacitor.CapConfig.validateScheme(java.lang.String) took 701.921ms (173.81 bytecodes/s) (3800B approximate peak alloc)
07-03 17:36:34.862 I/ai.elizaos.app( 9380): Background concurrent mark compact GC freed 3803KB AllocSpace bytes, 8(160KB) LOS objects, 49% free, 3822KB/7644KB, paused 1.832ms,2.661ms total 330.386ms
07-03 17:36:34.987 W/ai.elizaos.app( 9380): ApkAssets: Deleting an ApkAssets object '<empty> and /data/app/~~sYPcRkjxaxkfFYQbjvLW9g==/com.google.android.webview-fCGruNoNJXyZJYeMuHvPuw==/WebViewGoogle.apk' with 2 weak references
07-03 17:36:36.269 I/ActivityManager(  577): Start proc 9493:com.google.android.tts/u0a154 for service {com.google.android.tts/com.google.android.apps.speech.tts.googletts.service.GoogleTtsService}
07-03 17:36:36.965 W/ai.elizaos.app( 9380): ApkAssets: Deleting an ApkAssets object '<empty> and /product/app/GoogleTTS/GoogleTTS.apk' with 1 weak references
07-03 17:36:37.147 I/ActivityManager(  577): Start proc 9527:com.android.chrome/u0a145 for service {com.android.chrome/org.chromium.chrome.browser.customtabs.CustomTabsConnectionService}
07-03 17:36:37.149 W/chromium( 9443): [WARNING:runtime_features.cc(694)] SharedStorage for M118+ cannot be enabled in this configuration. Use --enable-features=SharedStorageAPI,SharedStorageAPIM118 in addition.
07-03 17:36:57.150 I/ActivityManager(  577): Extending process start timeout by 9745ms for ProcessRecord{fe26552 9527:com.android.chrome/u0a145}
07-03 17:36:57.426 W/ElizaAgent( 9380): Historical process exit: pid=8501 process=com.google.android.webview:sandboxed_process0:org.chromium.content.app.SandboxedProcessService0:0 reason=EXIT_SELF status=0 importance=300 pssKb=0 rssKb=100552 description=[ISOLATED NOT NEEDED] isolated not needed
07-03 17:36:57.575 W/ElizaAgent( 9380): Historical process exit: pid=8271 process=ai.elizaos.app reason=CRASH status=0 importance=100 pssKb=0 rssKb=243616 description=crash
07-03 17:36:57.729 W/ActivityManager(  577): Timeout executing service: ServiceRecord{97624fd u0 com.google.android.tts/com.google.android.apps.speech.tts.googletts.service.GoogleTtsService c:android}
07-03 17:36:57.749 I/ActivityManager(  577): Collecting stacks for pid 9493 into temporary file temp_anr_7527867401614072695.txt
07-03 17:36:58.290 I/ActivityManager(  577): Background started FGS: Allowed [callingPackage: ai.elizaos.app; callingUid: 10208; uidState: TOP ; uidBFSL: [BFSL]; intent: Intent { act=app.eliza.action.START_AGENT cmp=ai.elizaos.app/.ElizaAgentService }; code:PROC_STATE_TOP; tempAllowListReason:<null>; targetSdkVersion:35; callerTargetSdkVersion:35; startForegroundCount:0; bindFromPackage:null: isBindService:false]; startForegroundDelayMs:29094
07-03 17:36:58.296 I/ActivityManager(  577): dumpStackTraces pids=null
07-03 17:36:58.531 I/ActivityManager(  577): Dumping to /data/anr/anr_2026-07-03-17-36-58-296
07-03 17:37:01.568 W/ai.elizaos.app( 9380): Verification of void androidx.core.app.NotificationManagerCompat.notify(java.lang.String, int, android.app.Notification) took 344.952ms (92.77 bytecodes/s) (3008B approximate peak alloc)
07-03 17:37:03.436 I/ElizaAgent( 9380): libelizainference.so present; exporting ELIZA_INFERENCE_LIBRARY=/data/app/~~wEk3UGj0q9qtZPvDrOENkw==/ai.elizaos.app-Z1EAgm0Ud27PaaEq8fmY8w==/lib/arm64/libelizainference.so
07-03 17:37:03.519 I/ElizaAgent( 9380): inference memory policy: ramClass=CONSTRAINED totalMem=2975MB availMem=1951MB lmkThreshold=216MB nCtx=4096 idleUnloadMs=300000
07-03 17:37:03.519 I/ElizaAgent( 9380): agent/arm64-v8a/libelizainference.so present; enabling native bun:ffi inference (ELIZA_LOCAL_LLAMA=1)
07-03 17:37:03.758 I/ElizaAgent( 9380): Agent launcher started (pid=-1).
07-03 17:37:06.190 I/ActivityManager(  577): dumpStackTraces nativepids=null
07-03 17:37:06.191 I/ActivityManager(  577): dumpStackTraces extraPids=null
07-03 17:37:06.191 I/ActivityManager(  577): Done dumping
07-03 17:37:07.089 E/ActivityManager(  577): ANR in com.google.android.tts
07-03 17:37:07.089 E/ActivityManager(  577): PID: 9493
07-03 17:37:07.089 E/ActivityManager(  577): Reason: executing service com.google.android.tts/com.google.android.apps.speech.tts.googletts.service.GoogleTtsService, waited 21200ms
07-03 17:37:07.089 E/ActivityManager(  577): ErrorId: 02fa1583-63d0-46f0-b965-d4340194edc7
07-03 17:37:07.089 E/ActivityManager(  577): Frozen: false
07-03 17:37:07.089 E/ActivityManager(  577): Load: 0.0 / 0.0 / 0.0
07-03 17:37:07.089 E/ActivityManager(  577): ----- Output from /proc/pressure/memory -----
07-03 17:37:07.089 E/ActivityManager(  577): some avg10=0.00 avg60=0.44 avg300=0.69 total=93768948
07-03 17:37:07.089 E/ActivityManager(  577): full avg10=0.00 avg60=0.03 avg300=0.11 total=46594879
07-03 17:37:07.089 E/ActivityManager(  577): ----- End output from /proc/pressure/memory -----
07-03 17:37:07.089 E/ActivityManager(  577): ----- Output from /proc/pressure/cpu -----
07-03 17:37:07.089 E/ActivityManager(  577): some avg10=41.12 avg60=61.20 avg300=50.59 total=1256833897
07-03 17:37:07.089 E/ActivityManager(  577): full avg10=0.00 avg60=0.00 avg300=0.00 total=0
07-03 17:37:07.089 E/ActivityManager(  577): ----- End output from /proc/pressure/cpu -----
07-03 17:37:07.089 E/ActivityManager(  577): ----- Output from /proc/pressure/io -----
07-03 17:37:07.089 E/ActivityManager(  577): some avg10=8.99 avg60=17.59 avg300=16.53 total=421503591
07-03 17:37:07.089 E/ActivityManager(  577): full avg10=0.80 avg60=3.85 avg300=2.67 total=136886704
07-03 17:37:07.089 E/ActivityManager(  577): ----- End output from /proc/pressure/io -----
07-03 17:37:07.089 E/ActivityManager(  577): 
07-03 17:37:07.089 E/ActivityManager(  577): CPU usage from 4ms to 8435ms later (2026-07-03 17:36:57.760 to 2026-07-03 17:37:06.191):
07-03 17:37:07.089 E/ActivityManager(  577):   79% 9380/ai.elizaos.app: 58% user + 21% kernel / faults: 3061 minor 6 major
07-03 17:37:07.089 E/ActivityManager(  577):   46% 406/android.hardware.graphics.composer3-service.ranchu: 1.3% user + 44% kernel
07-03 17:37:07.089 E/ActivityManager(  577):   33% 845/com.android.systemui: 26% user + 6.2% kernel / faults: 1847 minor 10 major
07-03 17:37:07.089 E/ActivityManager(  577):   24% 9493/com.google.android.tts: 17% user + 7.1% kernel / faults: 2038 minor 62 major
07-03 17:37:07.089 E/ActivityManager(  577):   14% 577/system_server: 0% user + 14% kernel / faults: 583 minor 1 major
07-03 17:37:07.089 E/ActivityManager(  577):   13% 9527/com.android.chrome: 8.5% user + 5% kernel / faults: 2868 minor 77 major
07-03 17:37:07.089 E/ActivityManager(  577):   11% 9443/com.google.android.webview:sandboxed_process0:org.chromium.content.app.SandboxedProcessService0:0: 7% user + 4.1% kernel / faults: 2030 minor 23 major
07-03 17:37:07.089 E/ActivityManager(  577):   9.9% 5833/com.google.android.gms.persistent: 6.5% user + 3.3% kernel / faults: 635 minor
07-03 17:37:07.089 E/ActivityManager(  577):   5.7% 3424/adbd: 1.9% user + 3.8% kernel / faults: 2955 minor
07-03 17:37:07.089 E/ActivityManager(  577):   4.6% 6353/com.google.android.as: 3.4% user + 1.2% kernel / faults: 173 minor 16 major
07-03 17:37:07.089 E/ActivityManager(  577): 82% TOTAL: 17% user + 17% kernel + 6.7% iowait + 38% irq + 2.6% softirq
07-03 17:37:07.089 E/ActivityManager(  577): CPU usage from 5145545ms to 5145545ms ago (1969-12-31 19:00:00.000 to 1969-12-31 19:00:00.000) with 0% awake:
07-03 17:37:07.089 E/ActivityManager(  577): 0% TOTAL: 0% user + 0% kernel
07-03 17:37:07.096 I/ActivityManager(  577): Killing 9493:com.google.android.tts/u0a154 (adj 0): bg anr
07-03 17:37:07.293 I/ActivityManager(  577): Process PhantomProcessRecord {d2de01b 9616:9380:pkill/u0a208} died
07-03 17:37:24.033 I/ActivityManager(  577): Process PhantomProcessRecord {92866ce 9610:9380:sh/u0a208} died
07-03 17:37:24.503 I/ElizaAgent( 9380): Agent launcher exited after detached start (pid=-1 alive=20748ms).
07-03 17:37:25.506 W/ActivityManager(  577): Scheduling restart of crashed service com.google.android.tts/com.google.android.apps.speech.tts.googletts.service.GoogleTtsService in 1000ms for connection
07-03 17:37:27.507 W/ActivityManager(  577): pid 5833 com.google.android.gms.persistent sent binder code 1 with flags 1 to frozen apps and got error -32
07-03 17:37:28.407 I/ActivityManager(  577): Killing 9527:com.android.chrome/u0a145 (adj 900): excessive cpu 13980 during 305711 dur=5173799 limit=2
07-03 17:37:28.917 W/ActivityManager(  577): Slow operation: 385ms so far, now at startProcess: asking zygote to start proc
07-03 17:37:28.921 W/ActivityManager(  577): Scheduling restart of crashed service com.android.chrome/org.chromium.chrome.browser.customtabs.CustomTabsConnectionService in 1000ms for connection
07-03 17:37:28.946 W/ActivityManager(  577): Slow operation: 538ms so far, now at startProcess: returned from zygote!
07-03 17:37:28.946 W/ActivityManager(  577): Slow operation: 538ms so far, now at startProcess: done updating battery stats
07-03 17:37:28.946 W/ActivityManager(  577): Slow operation: 538ms so far, now at startProcess: building log message
07-03 17:37:28.946 I/ActivityManager(  577): Start proc 9671:com.google.android.tts/u0a154 for service {com.google.android.tts/com.google.android.apps.speech.tts.googletts.service.GoogleTtsService}
07-03 17:37:28.947 W/ActivityManager(  577): Slow operation: 538ms so far, now at startProcess: starting to update pids map
07-03 17:37:28.947 W/ActivityManager(  577): Slow operation: 539ms so far, now at startProcess: done updating pids map
07-03 17:37:31.876 W/ActivityManager(  577): Slow operation: 326ms so far, now at startProcess: returned from zygote!
07-03 17:37:31.876 W/ActivityManager(  577): Slow operation: 326ms so far, now at startProcess: done updating battery stats
07-03 17:37:31.876 W/ActivityManager(  577): Slow operation: 326ms so far, now at startProcess: building log message
07-03 17:37:31.876 I/ActivityManager(  577): Start proc 9687:com.android.chrome/u0a145 for service {com.android.chrome/org.chromium.chrome.browser.customtabs.CustomTabsConnectionService}
07-03 17:37:31.876 W/ActivityManager(  577): Slow operation: 326ms so far, now at startProcess: starting to update pids map
07-03 17:37:31.876 W/ActivityManager(  577): Slow operation: 326ms so far, now at startProcess: done updating pids map
07-03 17:37:42.181 W/ActivityManager(  577): Process ProcessRecord{9d84a30 9687:com.android.chrome/u0a145} failed to attach
07-03 17:37:42.181 W/ActivityManager(  577): Forcing bringing down service: ServiceRecord{80de5dd u0 com.android.chrome/org.chromium.chrome.browser.customtabs.CustomTabsConnectionService c:ai.elizaos.app}
07-03 17:37:42.184 I/ActivityManager(  577): Killing 9687:com.android.chrome/u0a145 (adj -10000): start timeout
07-03 17:37:42.723 W/ai.elizaos.app( 9380): Verification of android.graphics.Typeface androidx.core.graphics.TypefaceCompatApi29Impl.createFromFontInfoWithFallback(android.content.Context, android.os.CancellationSignal, java.util.List, int) took 372.987ms (201.08 bytecodes/s) (4112B approximate peak alloc)
07-03 17:37:42.881 I/ElizaAgent( 9380): Service destroyed without a stop request; leaving the agent process running for adoption.
07-03 17:37:43.186 W/ai.elizaos.app( 9380): Long monitor contention with owner ThreadPoolForeg (9457) at java.lang.Object libcore.content.type.MimeMap$MemoizingSupplier.get()(MimeMap.java:475) waiters=0 in java.lang.Object libcore.content.type.MimeMap$MemoizingSupplier.get() for 39.675s
07-03 17:37:43.186 W/ai.elizaos.app( 9380): Long monitor contention with owner ThreadPoolForeg (9457) at java.lang.Object libcore.content.type.MimeMap$MemoizingSupplier.get()(MimeMap.java:475) waiters=1 in java.lang.Object libcore.content.type.MimeMap$MemoizingSupplier.get() for 39.674s
07-03 17:37:43.186 W/ai.elizaos.app( 9380): Long monitor contention with owner ThreadPoolForeg (9457) at java.lang.Object libcore.content.type.MimeMap$MemoizingSupplier.get()(MimeMap.java:475) waiters=2 in java.lang.Object libcore.content.type.MimeMap$MemoizingSupplier.get() for 39.662s
07-03 17:37:43.186 W/ai.elizaos.app( 9380): Long monitor contention with owner ThreadPoolForeg (9457) at java.lang.Object libcore.content.type.MimeMap$MemoizingSupplier.get()(MimeMap.java:475) waiters=3 in java.lang.Object libcore.content.type.MimeMap$MemoizingSupplier.get() for 39.462s
07-03 17:37:43.620 W/ActivityManager(  577): pid 9380 ai.elizaos.app sent binder code 2 with flags 2 to frozen apps and got error -32
07-03 17:37:44.725 W/ai.elizaos.app( 9380): Long monitor contention with owner ThreadPoolForeg (9461) at java.io.InputStream android.content.res.AssetManager.open(java.lang.String, int)(AssetManager.java:991) waiters=0 in java.io.InputStream android.content.res.AssetManager.open(java.lang.String, int) for 260ms
07-03 17:37:45.550 I/ActivityManager(  577): Background started FGS: Allowed [callingPackage: ai.elizaos.app; callingUid: 10208; uidState: TOP ; uidBFSL: [BFSL]; intent: Intent { act=app.eliza.action.START_AGENT cmp=ai.elizaos.app/.ElizaAgentService }; code:PROC_STATE_TOP; tempAllowListReason:<null>; targetSdkVersion:35; callerTargetSdkVersion:35; startForegroundCount:0; bindFromPackage:null: isBindService:false]
07-03 17:37:52.829 W/chromium( 6694): [0703/173752.829068:WARNING:dns_config_service_android.cc(81)] Failed to read DnsConfig.
07-03 17:37:53.149 W/ai.elizaos.app( 9380): Verification of androidx.emoji2.text.flatbuffer.MetadataList androidx.emoji2.text.MetadataListReader.read(android.content.res.AssetManager, java.lang.String) took 261.510ms (99.42 bytecodes/s) (2920B approximate peak alloc)
07-03 17:37:54.750 I/ElizaAgent( 9380): Detached agent still in cold boot (launched 51081ms ago); not relaunching.
