07-03 17:14:21.844 W/ActivityManager(  577): Rescheduling restart of crashed service com.google.android.as/com.google.android.apps.miphone.aiai.common.notification.service.AiAiNotificationListenerService in 260232ms for other
07-03 17:14:21.844 W/ActivityManager(  577): Rescheduling restart of crashed service ai.elizaos.app/.GatewayConnectionService in 300232ms for other
07-03 17:14:21.844 W/ActivityManager(  577): Rescheduling restart of crashed service ai.elizaos.app/.ElizaAgentService in 340232ms for other
07-03 17:14:22.439 I/ActivityManager(  577): Start proc 6059:com.google.android.apps.messaging/u0a142 for content provider {com.google.android.apps.messaging/com.google.android.apps.messaging.shared.datamodel.provider.sharedstorage.SharedStorageProvider}
07-03 17:14:23.990 I/ActivityManager(  577): Start proc 6124:com.google.android.googlequicksearchbox:interactor/u0a143 for service {com.google.android.googlequicksearchbox/com.google.android.apps.gsa.nga.engine.viss.NgaService}
07-03 17:14:24.198 W/ActivityManager(  577): Rescheduling restart of crashed service com.google.android.inputmethod.latin/com.android.inputmethod.latin.LatinIME in 17878ms for other
07-03 17:14:24.198 W/ActivityManager(  577): Rescheduling restart of crashed service com.google.android.as/com.google.android.apps.miphone.aiai.common.notification.service.AiAiNotificationAssistantService in 57878ms for other
07-03 17:14:24.198 W/ActivityManager(  577): Rescheduling restart of crashed service com.google.android.as/com.google.android.apps.miphone.aiai.app.AiAiPredictionService in 97878ms for other
07-03 17:14:24.198 W/ActivityManager(  577): Rescheduling restart of crashed service com.google.android.as/com.google.android.apps.miphone.aiai.captions.SystemCaptionsManagerService in 137878ms for other
07-03 17:14:24.198 W/ActivityManager(  577): Rescheduling restart of crashed service com.google.android.as/com.google.android.apps.miphone.aiai.app.AiAiContentCaptureService in 177878ms for other
07-03 17:14:24.198 W/ActivityManager(  577): Rescheduling restart of crashed service com.google.android.as/com.google.android.apps.miphone.aiai.common.notification.service.AiAiNotificationListenerService in 217878ms for other
07-03 17:14:24.198 W/ActivityManager(  577): Rescheduling restart of crashed service ai.elizaos.app/.GatewayConnectionService in 257878ms for other
07-03 17:14:24.198 W/ActivityManager(  577): Rescheduling restart of crashed service ai.elizaos.app/.ElizaAgentService in 297878ms for other
07-03 17:14:24.379 I/ActivityManager(  577): Test idle failed due to c429d87 6013:com.google.android.apps.wellbeing/u0a140 not runnable because EMPTY
07-03 17:14:26.126 W/ActivityManager(  577): Unable to start service Intent { cmp=com.google.android.apps.tachyon/.clientapi.ClientApiService } U=0: not found
07-03 17:14:27.748 W/chromium( 5802): [0703/171427.745572:WARNING:url_request_context_config.cc(716)] Unrecognized Cronet experimental option "enable_telemetry" with params "true
07-03 17:14:27.748 W/chromium( 5802): 
07-03 17:14:28.037 I/ActivityManager(  577): Start proc 6208:android.process.acore/u0a91 for content provider {com.android.providers.contacts/com.android.providers.contacts.ContactsProvider2}
07-03 17:14:29.379 I/ActivityManager(  577): Test idle passed
07-03 17:14:34.395 I/ActivityManager(  577): Test idle passed
07-03 17:14:36.360 W/ActivityManager(  577): registerReceiverWithFeature: no app for null
07-03 17:14:39.398 I/ActivityManager(  577): Test idle passed
07-03 17:14:42.082 I/ActivityManager(  577): Start proc 6294:com.google.android.inputmethod.latin/u0a161 for service {com.google.android.inputmethod.latin/com.android.inputmethod.latin.LatinIME}
07-03 17:14:42.598 W/ActivityManager(  577): Unable to start service Intent { act=com.google.android.play.core.splitinstall.BIND_SPLIT_INSTALL_SERVICE pkg=com.android.vending } U=0: not found
07-03 17:14:42.599 W/ActivityManager(  577): Unable to start service Intent { act=com.google.android.play.core.splitinstall.BIND_SPLIT_INSTALL_SERVICE pkg=com.android.vending } U=0: not found
07-03 17:14:43.354 W/chromium( 6294): [0703/171443.354518:WARNING:dns_config_service_android.cc(81)] Failed to read DnsConfig.
07-03 17:14:44.460 I/ActivityManager(  577): Test idle failed due to bf98496 6059:com.google.android.apps.messaging/u0a142 runnable at +14ms because NORMAL
07-03 17:14:49.470 I/ActivityManager(  577): Test idle passed
07-03 17:14:53.487 W/ActivityManager(  577): Rescheduling restart of crashed service com.google.android.as/com.google.android.apps.miphone.aiai.common.notification.service.AiAiNotificationAssistantService in 0ms for mem-pressure-event
07-03 17:14:53.488 W/ActivityManager(  577): Rescheduling restart of crashed service com.google.android.as/com.google.android.apps.miphone.aiai.app.AiAiPredictionService in 0ms for mem-pressure-event
07-03 17:14:53.488 W/ActivityManager(  577): Rescheduling restart of crashed service com.google.android.as/com.google.android.apps.miphone.aiai.captions.SystemCaptionsManagerService in 0ms for mem-pressure-event
07-03 17:14:53.488 W/ActivityManager(  577): Rescheduling restart of crashed service com.google.android.as/com.google.android.apps.miphone.aiai.app.AiAiContentCaptureService in 0ms for mem-pressure-event
07-03 17:14:53.488 W/ActivityManager(  577): Rescheduling restart of crashed service com.google.android.as/com.google.android.apps.miphone.aiai.common.notification.service.AiAiNotificationListenerService in 0ms for mem-pressure-event
07-03 17:14:53.488 W/ActivityManager(  577): Rescheduling restart of crashed service ai.elizaos.app/.GatewayConnectionService in 0ms for mem-pressure-event
07-03 17:14:53.489 W/ActivityManager(  577): Rescheduling restart of crashed service ai.elizaos.app/.ElizaAgentService in 0ms for mem-pressure-event
07-03 17:14:53.505 I/ActivityManager(  577): Start proc 6353:com.google.android.as/u0a134 for service {com.google.android.as/com.google.android.apps.miphone.aiai.common.notification.service.AiAiNotificationAssistantService}
07-03 17:14:53.512 I/ActivityManager(  577): Start proc 6354:ai.elizaos.app/u0a208 for service {ai.elizaos.app/ai.elizaos.app.GatewayConnectionService}
07-03 17:14:53.535 I/ai.elizaos.app( 6354): Late-enabling -Xcheck:jni
07-03 17:14:53.555 I/ai.elizaos.app( 6354): Using CollectorTypeCMC GC.
07-03 17:14:54.404 I/ActivityManager(  577): Start proc 6402:com.google.android.as.oss/u0a135 for service {com.google.android.as.oss/com.google.android.apps.miphone.astrea.grpc.AstreaGrpcService}
07-03 17:14:54.474 I/ActivityManager(  577): Test idle passed
07-03 17:14:56.083 I/ActivityManager(  577): Start proc 6455:com.google.android.tts/u0a154 for service {com.google.android.tts/com.google.android.apps.speech.tts.googletts.service.GoogleTtsService}
07-03 17:14:56.244 I/ActivityManager(  577): Background started FGS: Allowed [callingPackage: ai.elizaos.app; callingUid: 10208; uidState: FGS ; uidBFSL: [BFSL]; intent: Intent { cmp=ai.elizaos.app/.GatewayConnectionService }; code:PROC_STATE_FGS; tempAllowListReason:<null>; targetSdkVersion:35; callerTargetSdkVersion:35; startForegroundCount:1; bindFromPackage:null: isBindService:false]
07-03 17:14:56.305 W/ElizaAgent( 6354): Historical process exit: pid=5232 process=ai.elizaos.app reason=LOW_MEMORY status=0 importance=125 pssKb=0 rssKb=278304
07-03 17:14:56.518 I/ElizaAgent( 6354): libelizainference.so present; exporting ELIZA_INFERENCE_LIBRARY=/data/app/~~wEk3UGj0q9qtZPvDrOENkw==/ai.elizaos.app-Z1EAgm0Ud27PaaEq8fmY8w==/lib/arm64/libelizainference.so
07-03 17:14:56.531 I/ElizaAgent( 6354): inference memory policy: ramClass=CONSTRAINED totalMem=2975MB availMem=2003MB lmkThreshold=216MB nCtx=4096 idleUnloadMs=300000
07-03 17:14:56.532 I/ElizaAgent( 6354): agent/arm64-v8a/libelizainference.so present; enabling native bun:ffi inference (ELIZA_LOCAL_LLAMA=1)
07-03 17:14:56.676 I/ElizaAgent( 6354): Agent launcher started (pid=-1).
07-03 17:14:57.860 I/ElizaAgent( 6354): Agent launcher exited after detached start (pid=-1 alive=1193ms).
07-03 17:14:59.480 I/ActivityManager(  577): Test idle passed
07-03 17:15:04.481 I/ActivityManager(  577): Test idle passed
07-03 17:15:09.488 I/ActivityManager(  577): Test idle passed
07-03 17:15:13.610 I/ElizaAgent( 6354): Detached agent health check passed.
07-03 17:15:14.519 I/ActivityManager(  577): Test idle passed
07-03 17:15:19.290 I/ActivityManager(  577): Process com.google.android.settings.intelligence (pid 5984) has died: cch+5 CEM 
07-03 17:15:19.502 I/ActivityManager(  577): Process com.google.android.apps.wellbeing (pid 6013) has died: cch+5 CEM 
07-03 17:15:19.528 I/ActivityManager(  577): Process com.google.android.gms.unstable (pid 5954) has died: cch+5 CEM 
07-03 17:15:19.530 I/ActivityManager(  577): Process com.google.android.gms (pid 5852) has died: cch+5 CEM 
07-03 17:15:19.536 I/ActivityManager(  577): Process com.google.android.apps.messaging (pid 6059) has died: cch+5 CEM 
07-03 17:15:19.551 I/ActivityManager(  577): Process com.google.android.tts (pid 6455) has died: cch+5 CEM 
07-03 17:15:24.557 I/ActivityManager(  577): Test idle passed
07-03 17:15:29.584 I/ActivityManager(  577): Test idle passed
07-03 17:15:29.663 I/ai.elizaos.app( 6354): Background concurrent mark compact GC freed 2453KB AllocSpace bytes, 8(288KB) LOS objects, 49% free, 2538KB/5076KB, paused 1.219ms,5.566ms total 133.662ms
07-03 17:15:33.634 I/ActivityManager(  577): Process com.google.android.googlequicksearchbox:search (pid 5802) has died: cch+5 CEM 
07-03 17:15:37.953 I/ActivityManager(  577): Process com.google.android.inputmethod.latin (pid 6294) has died: prcp IMPB
07-03 17:15:37.986 W/ActivityManager(  577): pid 577 system sent binder code 7 with flags 1 to frozen apps and got error -32
07-03 17:15:38.252 W/ActivityManager(  577): Scheduling restart of crashed service com.google.android.inputmethod.latin/com.android.inputmethod.latin.LatinIME in 71512ms for connection
07-03 17:15:38.423 I/ActivityManager(  577): Process android.process.acore (pid 6208) has died: prev LAST
07-03 17:15:38.424 I/ActivityManager(  577): Process com.google.android.apps.messaging:rcs (pid 5939) has died: prcp BFGS
07-03 17:15:38.426 W/ActivityManager(  577): Scheduling restart of crashed service com.google.android.apps.messaging/com.google.android.ims.binding.SystemBindingService in 1000ms for connection
07-03 17:15:38.426 W/ActivityManager(  577): Scheduling restart of crashed service com.google.android.apps.messaging/com.google.android.ims.service.JibeService in 111335ms for start-requested
07-03 17:15:38.429 I/ActivityManager(  577): Process ai.elizaos.app (pid 6354) has died: prcp FGS 
07-03 17:15:38.431 W/ActivityManager(  577): Scheduling restart of crashed service ai.elizaos.app/.GatewayConnectionService in 151331ms for start-requested
07-03 17:15:38.431 W/ActivityManager(  577): Scheduling restart of crashed service ai.elizaos.app/.ElizaAgentService in 191330ms for start-requested
07-03 17:15:38.473 I/ActivityManager(  577): Process com.google.android.googlequicksearchbox:interactor (pid 6124) has died: vis BFGS
07-03 17:15:38.494 W/ActivityManager(  577): Scheduling restart of crashed service com.google.android.googlequicksearchbox/com.google.android.voiceinteraction.GsaVoiceInteractionService in 231267ms for connection
07-03 17:15:38.773 W/ActivityManager(  577): setHasOverlayUi called on unknown pid: 6294
07-03 17:15:39.549 W/ActivityManager(  577): Slow operation: 56ms so far, now at startProcess: getting gids from package manager
07-03 17:15:39.550 W/ActivityManager(  577): Slow operation: 57ms so far, now at startProcess: building args
07-03 17:15:39.554 W/ActivityManager(  577): Slow operation: 61ms so far, now at startProcess: asking zygote to start proc
07-03 17:15:39.554 W/ActivityManager(  577): Slow operation: 100ms so far, now at startProcess: done starting proc!
07-03 17:15:39.585 W/ActivityManager(  577): Slow operation: 92ms so far, now at startProcess: returned from zygote!
07-03 17:15:39.585 W/ActivityManager(  577): Slow operation: 92ms so far, now at startProcess: done updating battery stats
07-03 17:15:39.944 W/ActivityManager(  577): Slow operation: 451ms so far, now at startProcess: building log message
07-03 17:15:39.944 I/ActivityManager(  577): Start proc 6566:com.google.android.apps.messaging:rcs/u0a142 for service {com.google.android.apps.messaging/com.google.android.ims.binding.SystemBindingService}
07-03 17:15:39.944 W/ActivityManager(  577): Slow operation: 451ms so far, now at startProcess: starting to update pids map
07-03 17:15:39.944 W/ActivityManager(  577): Slow operation: 451ms so far, now at startProcess: done updating pids map
07-03 17:15:41.079 W/ActivityManager(  577): Rescheduling restart of crashed service com.google.android.inputmethod.latin/com.android.inputmethod.latin.LatinIME in 68682ms for other
07-03 17:15:41.079 W/ActivityManager(  577): Rescheduling restart of crashed service ai.elizaos.app/.GatewayConnectionService in 108682ms for other
07-03 17:15:41.079 W/ActivityManager(  577): Rescheduling restart of crashed service ai.elizaos.app/.ElizaAgentService in 148682ms for other
07-03 17:15:41.079 W/ActivityManager(  577): Rescheduling restart of crashed service com.google.android.googlequicksearchbox/com.google.android.voiceinteraction.GsaVoiceInteractionService in 188682ms for other
07-03 17:15:41.309 I/ActivityManager(  577): Start proc 6596:com.google.android.apps.messaging/u0a142 for broadcast {com.google.android.apps.messaging/com.google.android.apps.messaging.rcsprovisioning.RcsProvisioningBroadcastReceiver}
07-03 17:15:43.513 I/ActivityManager(  577): Test idle passed
07-03 17:15:48.520 I/ActivityManager(  577): Test idle passed
07-03 17:15:53.524 I/ActivityManager(  577): Test idle passed
07-03 17:15:57.072 I/ActivityManager(  577): Start proc 6660:com.google.android.gms/u0a144 for service {com.google.android.gms/com.google.android.gms.chimera.GmsBoundBrokerService}
07-03 17:15:58.527 I/ActivityManager(  577): Test idle passed
07-03 17:16:03.529 I/ActivityManager(  577): Test idle passed
07-03 17:16:08.535 I/ActivityManager(  577): Test idle passed
07-03 17:16:13.537 I/ActivityManager(  577): Test idle passed
07-03 17:16:18.542 I/ActivityManager(  577): Test idle passed
07-03 17:16:49.806 I/ActivityManager(  577): Start proc 6694:com.google.android.inputmethod.latin/u0a161 for service {com.google.android.inputmethod.latin/com.android.inputmethod.latin.LatinIME}
07-03 17:16:50.435 W/ActivityManager(  577): Unable to start service Intent { act=com.google.android.play.core.splitinstall.BIND_SPLIT_INSTALL_SERVICE pkg=com.android.vending } U=0: not found
07-03 17:16:50.444 W/ActivityManager(  577): Unable to start service Intent { act=com.google.android.play.core.splitinstall.BIND_SPLIT_INSTALL_SERVICE pkg=com.android.vending } U=0: not found
07-03 17:16:52.329 W/ActivityManager(  577): Slow operation: 56ms so far, now at startProcess: returned from zygote!
07-03 17:16:52.331 W/ActivityManager(  577): Slow operation: 58ms so far, now at startProcess: done updating battery stats
07-03 17:16:52.331 W/ActivityManager(  577): Slow operation: 58ms so far, now at startProcess: building log message
07-03 17:16:52.331 I/ActivityManager(  577): Start proc 6764:android.process.acore/u0a91 for content provider {com.android.providers.userdictionary/com.android.providers.userdictionary.UserDictionaryProvider}
07-03 17:16:52.331 W/ActivityManager(  577): Slow operation: 58ms so far, now at startProcess: starting to update pids map
07-03 17:16:52.331 W/ActivityManager(  577): Slow operation: 58ms so far, now at startProcess: done updating pids map
07-03 17:17:29.839 W/ActivityManager(  577): Slow operation: 58ms so far, now at startProcess: done starting proc!
07-03 17:17:29.872 W/ActivityManager(  577): Slow operation: 56ms so far, now at startProcess: asking zygote to start proc
07-03 17:17:30.252 W/ActivityManager(  577): Slow operation: 346ms so far, now at startProcess: returned from zygote!
07-03 17:17:30.252 W/ActivityManager(  577): Slow operation: 436ms so far, now at startProcess: done updating battery stats
07-03 17:17:30.253 W/ActivityManager(  577): Slow operation: 436ms so far, now at startProcess: building log message
07-03 17:17:30.253 I/ActivityManager(  577): Start proc 6809:ai.elizaos.app/u0a208 for service {ai.elizaos.app/ai.elizaos.app.GatewayConnectionService}
07-03 17:17:30.253 W/ActivityManager(  577): Slow operation: 437ms so far, now at startProcess: starting to update pids map
07-03 17:17:30.253 W/ActivityManager(  577): Slow operation: 437ms so far, now at startProcess: done updating pids map
07-03 17:17:30.299 I/ai.elizaos.app( 6809): Late-enabling -Xcheck:jni
07-03 17:17:30.337 I/ai.elizaos.app( 6809): Using CollectorTypeCMC GC.
07-03 17:17:41.163 W/ai.elizaos.app( 6809): Verification of java.lang.Object kotlinx.coroutines.channels.BufferedChannel.receiveCatchingOnNoWaiterSuspend-GKJJFZk(kotlinx.coroutines.channels.ChannelSegment, int, long, kotlin.coroutines.Continuation) took 200.232ms (2197.44 bytecodes/s) (13872B approximate peak alloc)
07-03 17:17:43.419 W/ai.elizaos.app( 6809): Verification of android.app.Notification androidx.core.app.NotificationCompat$Builder.build() took 322.442ms (31.01 bytecodes/s) (2296B approximate peak alloc)
07-03 17:17:45.163 W/ai.elizaos.app( 6809): Verification of androidx.core.app.NotificationCompat$Builder androidx.core.app.NotificationCompat$Builder.extend(androidx.core.app.NotificationCompat$Extender) took 1.743s (2.29 bytecodes/s) (2088B approximate peak alloc)
07-03 17:17:45.547 W/ai.elizaos.app( 6809): Verification of void kotlinx.coroutines.UndispatchedCoroutine.saveThreadContext(kotlin.coroutines.CoroutineContext, java.lang.Object) took 4.301s (3.02 bytecodes/s) (2392B approximate peak alloc)
07-03 17:17:45.811 W/ai.elizaos.app( 6809): Verification of androidx.core.app.NotificationCompat$BubbleMetadata androidx.core.app.NotificationCompat$BubbleMetadata.fromPlatform(android.app.Notification$BubbleMetadata) took 350.881ms (76.95 bytecodes/s) (2752B approximate peak alloc)
07-03 17:17:46.508 I/ActivityManager(  577): Force stopping ai.elizaos.app appid=10208 user=0: from pid 6831
07-03 17:17:49.010 I/ActivityManager(  577): Killing 6809:ai.elizaos.app/u0a208 (adj 200): stop ai.elizaos.app due to from pid 6831
07-03 17:17:49.280 W/ActivityManager(  577): Rescheduling restart of crashed service com.google.android.googlequicksearchbox/com.google.android.voiceinteraction.GsaVoiceInteractionService in 0ms for mem-pressure-event
07-03 17:17:50.941 W/ActivityManager(  577): Slow operation: 1548ms so far, now at startProcess: done creating new process record
07-03 17:17:50.941 W/ActivityManager(  577): Slow operation: 1548ms so far, now at startProcess: stepping in to startProcess
07-03 17:17:50.948 W/ActivityManager(  577): Slow operation: 1555ms so far, now at startProcess: done starting proc!
07-03 17:17:51.006 W/ActivityManager(  577): Slow operation: 65ms so far, now at startProcess: asking zygote to start proc
07-03 17:17:51.106 W/ActivityManager(  577): Slow operation: 165ms so far, now at startProcess: returned from zygote!
07-03 17:17:51.106 W/ActivityManager(  577): Slow operation: 165ms so far, now at startProcess: done updating battery stats
07-03 17:17:51.107 W/ActivityManager(  577): Slow operation: 166ms so far, now at startProcess: building log message
07-03 17:17:51.107 I/ActivityManager(  577): Start proc 6839:com.google.android.googlequicksearchbox:interactor/u0a143 for service {com.google.android.googlequicksearchbox/com.google.android.voiceinteraction.GsaVoiceInteractionService}
07-03 17:17:51.107 W/ActivityManager(  577): Slow operation: 166ms so far, now at startProcess: starting to update pids map
07-03 17:17:51.107 W/ActivityManager(  577): Slow operation: 166ms so far, now at startProcess: done updating pids map
07-03 17:17:52.803 W/ActivityManager(  577): registerReceiverWithFeature: no app for null
07-03 17:17:53.603 I/ActivityManager(  577): Start proc 6890:com.google.android.googlequicksearchbox:search/u0a143 for service {com.google.android.googlequicksearchbox/com.google.android.apps.gsa.publicsearch.PublicSearchService}
07-03 17:17:55.431 W/chromium( 6890): [0703/171755.420306:WARNING:url_request_context_config.cc(716)] Unrecognized Cronet experimental option "enable_telemetry" with params "true
07-03 17:17:55.431 W/chromium( 6890): 
07-03 17:17:55.733 W/ActivityManager(  577): Unable to start service Intent { cmp=com.google.android.apps.tachyon/.clientapi.ClientApiService } U=0: not found
07-03 17:18:38.325 I/ActivityManager(  577): Start proc 7099:com.google.android.settings.intelligence/u0a130 for service {com.google.android.settings.intelligence/com.google.android.settings.intelligence.modules.routines.impl.SampleCurrentRingerModeJobService}
07-03 17:19:30.808 I/ActivityManager(  577): Start proc 7196:com.google.android.apps.photos/u0a167 for service {com.google.android.apps.photos/com.google.android.apps.photos.dbprocessor.impl.DatabaseProcessorJobService}
07-03 17:22:09.966 I/ActivityManager(  577): Start proc 7389:com.google.android.gms.unstable/u0a144 for service {com.google.android.gms/com.google.android.gms.droidguard.DroidGuardService}
07-03 17:23:23.374 W/chromium( 6890): [0703/172323.374686:WARNING:url_request_context_config.cc(716)] Unrecognized Cronet experimental option "enable_telemetry" with params "true
07-03 17:23:23.374 W/chromium( 6890): 
07-03 17:25:04.311 I/ActivityManager(  577): Force stopping ai.elizaos.app appid=10208 user=0: from pid 7734
07-03 17:25:04.801 W/ActivityManager(  577): registerReceiverWithFeature: no app for null
07-03 17:27:09.513 I/ActivityManager(  577): Force stopping ai.elizaos.app appid=10208 user=0: from pid 8055
07-03 17:27:10.466 W/ActivityManager(  577): registerReceiverWithFeature: no app for null
07-03 17:27:31.613 I/ActivityManager(  577): Start proc 8159:com.google.android.permissioncontroller/u0a200 for service {com.google.android.permissioncontroller/com.android.permissioncontroller.permission.service.v33.SafetyCenterQsTileService}
07-03 17:27:47.192 W/ActivityManager(  577): registerReceiverWithFeature: no app for null
07-03 17:28:07.828 W/ActivityManager(  577): pid 577 system sent binder code 1 with flags 0 to frozen apps and got error -32
07-03 17:28:08.679 W/ActivityManager(  577): Slow operation: 134ms so far, now at startProcess: done creating new process record
07-03 17:28:08.680 W/ActivityManager(  577): Slow operation: 135ms so far, now at startProcess: stepping in to startProcess
07-03 17:28:08.708 W/ActivityManager(  577): Slow operation: 163ms so far, now at startProcess: done starting proc!
07-03 17:28:08.735 W/ActivityManager(  577): Slow operation: 55ms so far, now at startProcess: asking zygote to start proc
07-03 17:28:09.376 W/ActivityManager(  577): Slow operation: 696ms so far, now at startProcess: returned from zygote!
07-03 17:28:09.397 W/ActivityManager(  577): Slow operation: 717ms so far, now at startProcess: done updating battery stats
07-03 17:28:09.398 W/ActivityManager(  577): Slow operation: 718ms so far, now at startProcess: building log message
07-03 17:28:09.407 I/ActivityManager(  577): Start proc 8271:ai.elizaos.app/u0a208 for next-top-activity {ai.elizaos.app/ai.elizaos.app.MainActivity}
07-03 17:28:09.417 W/ActivityManager(  577): Slow operation: 737ms so far, now at startProcess: starting to update pids map
07-03 17:28:09.728 I/ai.elizaos.app( 8271): Late-enabling -Xcheck:jni
07-03 17:28:09.840 W/ActivityManager(  577): Slow operation: 1048ms so far, now at startProcess: done updating pids map
07-03 17:28:10.274 I/ai.elizaos.app( 8271): Using CollectorTypeCMC GC.
07-03 17:28:11.200 W/ActivityManager(  577): Slow operation: 146ms so far, now at attachApplicationLocked: after updateOomAdjLocked
07-03 17:28:19.934 I/ActivityManager(  577): Background started FGS: Allowed [callingPackage: ai.elizaos.app; callingUid: 10208; uidState: TOP ; uidBFSL: [BFSL]; intent: Intent { cmp=ai.elizaos.app/.GatewayConnectionService }; code:PROC_STATE_TOP; tempAllowListReason:<null>; targetSdkVersion:35; callerTargetSdkVersion:35; startForegroundCount:0; bindFromPackage:null: isBindService:false]
07-03 17:28:19.977 I/ActivityManager(  577): Background started FGS: Allowed [callingPackage: ai.elizaos.app; callingUid: 10208; uidState: TOP ; uidBFSL: [BFSL]; intent: Intent { act=app.eliza.action.START_AGENT cmp=ai.elizaos.app/.ElizaAgentService }; code:PROC_STATE_TOP; tempAllowListReason:<null>; targetSdkVersion:35; callerTargetSdkVersion:35; startForegroundCount:0; bindFromPackage:null: isBindService:false]
07-03 17:28:22.232 W/ai.elizaos.app( 8271): Verification of void androidx.work.impl.constraints.controllers.BaseConstraintController$track$1.<init>(androidx.work.impl.constraints.controllers.BaseConstraintController, kotlin.coroutines.Continuation) took 728.143ms (9.61 bytecodes/s) (2392B approximate peak alloc)
07-03 17:28:22.531 W/ai.elizaos.app( 8271): Verification of java.lang.Object kotlinx.coroutines.flow.CallbackFlowBuilder.collectTo(kotlinx.coroutines.channels.ProducerScope, kotlin.coroutines.Continuation) took 298.269ms (315.15 bytecodes/s) (4288B approximate peak alloc)
07-03 17:28:23.693 W/ai.elizaos.app( 8271): Verification of void kotlinx.coroutines.channels.Channel.<clinit>() took 489.304ms (10.22 bytecodes/s) (2152B approximate peak alloc)
07-03 17:28:23.935 W/ai.elizaos.app( 8271): Verification of void androidx.fragment.app.FragmentManager.throwException(java.lang.RuntimeException) took 668.650ms (86.74 bytecodes/s) (3816B approximate peak alloc)
07-03 17:28:26.428 W/ai.elizaos.app( 8271): Entry not found
07-03 17:28:39.945 W/ActivityManager(  577): Timeout executing service: ServiceRecord{9d1b7aa u0 ai.elizaos.app/.GatewayConnectionService c:ai.elizaos.app}
07-03 17:28:40.370 I/ActivityManager(  577): Collecting stacks for pid 8271 into temporary file temp_anr_1345475534863047873.txt
07-03 17:28:40.538 I/ai.elizaos.app( 8271): Thread[2,tid=8273,WaitingInMainSignalCatcherLoop,Thread*=0xb4000075dea382c0,peer=0x140a8020,"Signal Catcher"]: reacting to signal 3
07-03 17:28:40.538 I/ai.elizaos.app( 8271): 
07-03 17:28:40.668 I/ActivityManager(  577): dumpStackTraces pids={999=true, 1305=true, 1417=true, 5833=true, 6353=true, 6402=true, 6566=true, 6596=true, 6660=true, 6694=true, 6764=true, 6839=true, 6890=true, 7099=true, 7196=true, 7389=true, 8159=true}
07-03 17:28:40.671 I/ActivityManager(  577): Dumping to /data/anr/anr_2026-07-03-17-28-40-669
07-03 17:28:42.586 W/chromium( 6694): [0703/172842.586186:WARNING:dns_config_service_android.cc(81)] Failed to read DnsConfig.
07-03 17:28:44.268 I/ActivityManager(  577): Skipping next CPU consuming process, not a java proc: 577
07-03 17:28:44.268 I/ActivityManager(  577): Skipping next CPU consuming process, not a java proc: 406
07-03 17:28:44.268 I/ActivityManager(  577): Skipping next CPU consuming process, not a java proc: 428
07-03 17:28:47.898 W/chromium( 6694): [0703/172847.898565:WARNING:dns_config_service_android.cc(81)] Failed to read DnsConfig.
07-03 17:28:49.937 W/ActivityManager(  577): Bringing down service while still waiting for start foreground: ServiceRecord{9d1b7aa u0 ai.elizaos.app/.GatewayConnectionService c:ai.elizaos.app}
07-03 17:28:49.990 W/ActivityManager(  577): Bringing down service while still waiting for start foreground: ServiceRecord{f0af38 u0 ai.elizaos.app/.ElizaAgentService c:ai.elizaos.app}
07-03 17:28:50.650 W/ActivityManager(  577): Dumping Java threads failed, initiating native stack dump.
07-03 17:28:51.194 E/ActivityManager(  577): Aborted stack trace dump (current primary pid=8271); deadline exceeded.
07-03 17:28:51.200 I/ActivityManager(  577): Collecting stacks for pid 577
07-03 17:28:52.397 I/ActivityManager(  577): Collecting stacks for pid 1492
07-03 17:28:52.681 I/ActivityManager(  577): Collecting stacks for pid 987
07-03 17:28:52.862 I/ActivityManager(  577): Collecting stacks for pid 971
07-03 17:28:52.973 I/ActivityManager(  577): Collecting stacks for pid 944
07-03 17:28:53.093 I/ActivityManager(  577): Collecting stacks for pid 845
07-03 17:28:53.757 I/ActivityManager(  577): dumpStackTraces nativepids=null
07-03 17:28:53.757 I/ActivityManager(  577): dumpStackTraces extraPids=[6596, 6694]
07-03 17:28:53.757 I/ActivityManager(  577): Collecting stacks for extra pid 6596
07-03 17:28:53.928 I/ActivityManager(  577): Collecting stacks for extra pid 6694
07-03 17:28:54.401 I/ActivityManager(  577): Done dumping
07-03 17:28:54.425 E/ActivityManager(  577): ANR in ai.elizaos.app
07-03 17:28:54.425 E/ActivityManager(  577): PID: 8271
07-03 17:28:54.425 E/ActivityManager(  577): Reason: executing service ai.elizaos.app/.GatewayConnectionService, waited 20010ms
07-03 17:28:54.425 E/ActivityManager(  577): ErrorId: 3e281c87-699e-4e18-87b9-7fef43d41d73
07-03 17:28:54.425 E/ActivityManager(  577): Frozen: false
07-03 17:28:54.425 E/ActivityManager(  577): Load: 6.7 / 2.92 / 4.74
07-03 17:28:54.425 E/ActivityManager(  577): ----- Output from /proc/pressure/memory -----
07-03 17:28:54.425 E/ActivityManager(  577): some avg10=0.28 avg60=0.20 avg300=0.51 total=90304300
07-03 17:28:54.425 E/ActivityManager(  577): full avg10=0.00 avg60=0.00 avg300=0.29 total=45905427
07-03 17:28:54.425 E/ActivityManager(  577): ----- End output from /proc/pressure/memory -----
07-03 17:28:54.425 E/ActivityManager(  577): ----- Output from /proc/pressure/cpu -----
07-03 17:28:54.425 E/ActivityManager(  577): some avg10=65.93 avg60=31.22 avg300=14.86 total=990819826
07-03 17:28:54.425 E/ActivityManager(  577): full avg10=0.00 avg60=0.00 avg300=0.00 total=0
07-03 17:28:54.425 E/ActivityManager(  577): ----- End output from /proc/pressure/cpu -----
07-03 17:28:54.425 E/ActivityManager(  577): ----- Output from /proc/pressure/io -----
07-03 17:28:54.425 E/ActivityManager(  577): some avg10=22.53 avg60=9.27 avg300=4.09 total=331124530
07-03 17:28:54.425 E/ActivityManager(  577): full avg10=0.73 avg60=1.60 avg300=1.29 total=122979841
07-03 17:28:54.425 E/ActivityManager(  577): ----- End output from /proc/pressure/io -----
07-03 17:28:54.425 E/ActivityManager(  577): 
07-03 17:28:54.425 E/ActivityManager(  577): CPU usage from 34ms to 14427ms later (2026-07-03 17:28:40.019 to 2026-07-03 17:28:54.412):
07-03 17:28:54.425 E/ActivityManager(  577):   36% 577/system_server: 24% user + 12% kernel / faults: 5649 minor 1031 major
07-03 17:28:54.425 E/ActivityManager(  577):   26% 406/android.hardware.graphics.composer3-service.ranchu: 0.2% user + 26% kernel
07-03 17:28:54.425 E/ActivityManager(  577):   11% 845/com.android.systemui: 3.7% user + 7.4% kernel / faults: 2259 minor 390 major
07-03 17:28:54.425 E/ActivityManager(  577):   10% 6596/com.google.android.apps.messaging: 6.9% user + 3.7% kernel / faults: 1767 minor 2429 major
07-03 17:28:54.425 E/ActivityManager(  577):   7.9% 428/surfaceflinger: 0.2% user + 7.7% kernel / faults: 2 minor 2 major
07-03 17:28:54.425 E/ActivityManager(  577):   1.1% 6694/com.google.android.inputmethod.latin: 0.7% user + 0.4% kernel / faults: 6095 minor
07-03 17:28:54.425 E/ActivityManager(  577):   7.4% 5833/com.google.android.gms.persistent: 5.2% user + 2.2% kernel / faults: 1051 minor 50 major
07-03 17:28:54.425 E/ActivityManager(  577):   5.4% 459/logcat: 0.2% user + 5.2% kernel
07-03 17:28:54.425 E/ActivityManager(  577):   5.4% 8271/ai.elizaos.app: 2.2% user + 3.2% kernel / faults: 10205 minor 57 major
07-03 17:28:54.425 E/ActivityManager(  577):   5.2% 160/logd: 0.5% user + 4.6% kernel / faults: 52 minor 1 major
07-03 17:28:54.425 E/ActivityManager(  577): 62% TOTAL: 13% user + 18% kernel + 8.1% iowait + 20% irq + 2.3% softirq
07-03 17:28:54.425 E/ActivityManager(  577): CPU usage from 741ms to 2711ms later (2026-07-03 17:28:40.726 to 2026-07-03 17:28:42.696):
07-03 17:28:54.425 E/ActivityManager(  577):   39% 6596/com.google.android.apps.messaging: 28% user + 11% kernel / faults: 69 minor 167 major
07-03 17:28:54.425 E/ActivityManager(  577):     20% 8340/Blocking Thread: 6.2% user + 13% kernel
07-03 17:28:54.425 E/ActivityManager(  577):     8.8% 6601/Jit thread pool: 5.8% user + 2.9% kernel
07-03 17:28:54.425 E/ActivityManager(  577):     4.6% 7441/binder:6596_8: 4.6% user + 0% kernel
07-03 17:28:54.425 E/ActivityManager(  577):     4.1% 6634/Lite Thread #0: 3.3% user + 0.8% kernel
07-03 17:28:54.425 E/ActivityManager(  577):     0.8% 6692/binder:6596_6: 0.4% user + 0.4% kernel
07-03 17:28:54.425 E/ActivityManager(  577):     0.4% 6635/Lite Thread #1: 0% user + 0.4% kernel
07-03 17:28:54.425 E/ActivityManager(  577):   55% 577/system_server: 32% user + 23% kernel / faults: 504 minor 12 major
07-03 17:28:54.425 E/ActivityManager(  577):     25% 8332/AnrAuxiliaryTas: 9.7% user + 15% kernel
07-03 17:28:54.425 E/ActivityManager(  577):     7.8% 747/NetworkPolicy: 0% user + 7.8% kernel
07-03 17:28:54.425 E/ActivityManager(  577):     7.2% 902/binder:577_6: 3.6% user + 3.6% kernel
07-03 17:28:54.425 E/ActivityManager(  577):     5.4% 639/ActivityManager: 5.4% user + 0% kernel
07-03 17:28:54.425 E/ActivityManager(  577):     3.6% 756/ConnectivitySer: 3% user + 0.6% kernel
07-03 17:28:54.425 E/ActivityManager(  577):     2.4% 2074/binder:577_1C: 2.4% user + 0% kernel
07-03 17:28:54.425 E/ActivityManager(  577):     1.8% 630/android.ui: 1.8% user + 0% kernel
07-03 17:28:54.425 E/ActivityManager(  577):     1.8% 748/tworkPolicy.uid: 0% user + 1.8% kernel
07-03 17:28:54.425 E/ActivityManager(  577):     1.8% 787/NetworkTimeUpda: 1.2% user + 0.6% kernel
07-03 17:28:54.425 E/ActivityManager(  577):     0.6% 646/batterystats-ha: 0.6% user + 0% kernel
07-03 17:28:54.425 E/ActivityManager(  577):     0.6% 657/PowerManagerSer: 0% user + 0.6% kernel
07-03 17:28:54.425 E/ActivityManager(  577):     0.6% 689/SensorService: 0% user + 0.6% kernel
07-03 17:28:54.425 E/ActivityManager(  577):     0.6% 913/binder:577_C: 0.6% user + 0% kernel
07-03 17:28:54.425 E/ActivityManager(  577):     0.6% 921/binder:577_D: 0% user + 0.6% kernel
07-03 17:28:54.425 E/ActivityManager(  577):     0.6% 1314/binder:577_F: 0.6% user + 0% kernel
07-03 17:28:54.425 E/ActivityManager(  577):     0.6% 2083/binder:577_1F: 0.6% user + 0% kernel
07-03 17:28:54.425 E/ActivityManager(  577):   32% 406/android.hardware.graphics.composer3-service.ranchu: 0% user + 32% kernel
07-03 17:28:54.425 E/ActivityManager(  577):     29% 406/binder:406_2: 1.2% user + 27% kernel
07-03 17:28:54.425 E/ActivityManager(  577):     3.6% 534/_thread: 0.6% user + 3% kernel
07-03 17:28:54.425 E/ActivityManager(  577):   29% 428/surfaceflinger: 0% user + 29% kernel / faults: 2 minor 2 major
07-03 17:28:54.425 E/ActivityManager(  577):     22% 532/RenderEngine: 0.6% user + 22% kernel
07-03 17:28:54.425 E/ActivityManager(  577):     2.4% 543/RegionSampling: 0% user + 2.4% kernel
07-03 17:28:54.425 E/ActivityManager(  577):     1.2% 428/surfaceflinger: 0% user + 1.2% kernel
07-03 17:28:54.425 E/ActivityManager(  577):     1.2% 556/BckgrndExec HP: 0% user + 1.2% kernel
07-03 17:28:54.425 E/ActivityManager(  577):     0.6% 527/binder:428_1: 0.6% user + 0% kernel
07-03 17:28:54.425 E/ActivityManager(  577):     0.6% 1084/binder:428_4: 0% user + 0.6% kernel
07-03 17:28:54.425 E/ActivityManager(  577):   13% 6694/com.google.android.inputmethod.latin: 9.7% user + 3.8% kernel / faults: 377 minor
07-03 17:28:54.425 E/ActivityManager(  577):     5% 6713/sp-control-1: 3.3% user + 1.6% kernel
07-03 17:28:54.425 E/ActivityManager(  577):     4.2% 6698/Jit thread pool: 2.9% user + 1.2% kernel
07-03 17:28:54.425 E/ActivityManager(  577):     1.2% 6694/putmethod.latin: 0.8% user + 0.4% kernel
07-03 17:28:54.425 E/ActivityManager(  577):     0.8% 6735/CronetInit: 0.4% user + 0.4% kernel
07-03 17:28:54.425 E/ActivityManager(  577):    +0% 8347/Back-P10-7: 0% user + 0% kernel
07-03 17:28:54.425 E/ActivityManager(  577):   6.7% 987/com.android.phone: 0% user + 6.7% kernel / faults: 179 minor 14 major
07-03 17:28:54.425 E/ActivityManager(  577):     1.4% 987/m.android.phone: 0% user + 1.4% kernel
07-03 17:28:54.425 E/ActivityManager(  577):     1.4% 1000/binder:987_2: 0% user + 1.4% kernel
07-03 17:28:54.425 E/ActivityManager(  577):     1.4% 1186/binder:987_B: 1.4% user + 0% kernel
07-03 17:28:54.425 E/ActivityManager(  577):     1.1% 993/HeapTaskDaemon: 0% user + 1.1% kernel
07-03 17:28:54.425 E/ActivityManager(  577):     0.7% 1146/binder:987_7: 0.7% user + 0% kernel
07-03 17:28:54.425 E/ActivityManager(  577):     0.3% 992/Jit thread pool: 0.3% user + 0% kernel
07-03 17:28:54.425 E/ActivityManager(  577):     0.3% 1001/binder:987_3: 0.3% user + 0% kernel
07-03 17:28:54.425 E/ActivityManager(  577):   7.5% 6566/com.google.android.apps.messaging:rcs: 5.8% user + 1.6% kernel / faults: 185 minor
07-03 17:28:54.425 E/ActivityManager(  577):     6.2% 6629/RCS Engine Hand: 5.4% user + 0.8% kernel
07-03 17:28:54.425 E/ActivityManager(  577):     0.8% 6570/Jit thread pool: 0.8% user + 0% kernel
07-03 17:28:54.425 E/ActivityManager(  577):     0.4% 6566/s.messaging:rcs: 0.4% user + 0% kernel
07-03 17:28:54.425 E/ActivityManager(  577):     0.4% 6593/ConnectivityThr: 0.4% user + 0% kernel
07-03 17:28:54.425 E/ActivityManager(  577):   10% 397/android.hardware.sensors-service.multihal: 5.4% user + 4.8% kernel
07-03 17:28:54.425 E/ActivityManager(  577):     11% 418/android.hardwar: 4.2% user + 7.2% kernel
07-03 17:28:54.425 E/ActivityManager(  577):   9.6% 160/logd: 0% user + 9.6% kernel / faults: 4 minor
07-03 17:28:54.425 E/ActivityManager(  577):     7.7% 174/logd.writer: 0% user + 7.7% kernel
07-03 17:28:54.425 E/ActivityManager(  577):     1.9% 5151/logd.reader.per: 0% user + 1.9% kernel
07-03 17:28:54.425 E/ActivityManager(  577):   4.8% 5833/com.google.android.gms.persistent: 4% user + 0.8% kernel / faults: 284 minor
07-03 17:28:54.425 E/ActivityManager(  577):     1.6% 5849/Profile Saver: 1.6% user + 0% kernel
07-03 17:28:54.425 E/ActivityManager(  577):     1.2% 7682/lowpool[29]: 0.8% user + 0.4% kernel
07-03 17:28:54.425 E/ActivityManager(  577):     0.4% 5833/.gms.persistent: 0.4% user + 0% kernel
07-03 17:28:54.425 E/ActivityManager(  577):     0.4% 5838/Jit thread pool: 0.4% user + 0% kernel
07-03 17:28:54.425 E/ActivityManager(  577):     0.4% 8105/CMEventHandler: 0% user + 0.4% kernel
07-03 17:28:54.425 E/ActivityManager(  577):   4.8% 845/com.android.systemui: 4.8% user + 0% kernel / faults: 46 minor 48 major
07-03 17:28:54.425 E/ActivityManager(  577):     2.4% 943/SysUiBg: 0% user + 2.4% kernel
07-03 17:28:54.425 E/ActivityManager(  577):     1.4% 1040/RenderThread: 1.4% user + 0% kernel
07-03 17:28:54.425 E/ActivityManager(  577):     0.4% 845/ndroid.systemui: 0.4% user + 0% kernel
07-03 17:28:54.425 E/ActivityManager(  577):     0.4% 5095/binder:845_C: 0% user + 0.4% kernel
07-03 17:28:54.425 E/ActivityManager(  577):   3.6% 944/com.android.networkstack.process: 3.6% user + 0% kernel / faults: 51 minor 3 major
07-03 17:28:54.425 E/ActivityManager(  577):     1.8% 1270/NetworkMonitor/: 1.8% user + 0% kernel
07-03 17:28:54.425 E/ActivityManager(  577):     0.7% 3868/binder:944_8: 0% user + 0.7% kernel
07-03 17:28:54.425 E/ActivityManager(  577):    +0% 8358/Thread-101: 0% user + 0% kernel
07-03 17:28:54.425 E/ActivityManager(  577):    +0% 8359/Thread-102: 0% user + 0% kernel
07-03 17:28:54.425 E/ActivityManager(  577):    +0% 8360/Thread-103: 0% user + 0% kernel
07-03 17:28:54.425 E/ActivityManager(  577):   3.6% 3424/adbd: 1.2% user + 2.4% kernel / faults: 601 minor
07-03 17:28:54.425 E/ActivityManager(  577):     3.6% 3424/adbd: 1.2% user + 2.4% kernel
07-03 17:28:54.425 E/ActivityManager(  577):     0.4% 3632/shell svc 3631: 0% user + 0.4% kernel
07-03 17:28:54.425 E/ActivityManager(  577):   4.2% 459/logcat: 0% user + 4.2% kernel
07-03 17:28:54.425 E/ActivityManager(  577):   3.6% 382/netd: 3% user + 0.6% kernel / faults: 43 minor 37 major
07-03 17:28:54.425 E/ActivityManager(  577):     1.2% 470/netd: 0% user + 1.2% kernel
07-03 17:28:54.425 E/ActivityManager(  577):     1.2% 473/binder:382_4: 0.6% user + 0.6% kernel
07-03 17:28:54.425 E/ActivityManager(  577):   2.6% 7099/com.google.android.settings.intelligence: 1% user + 1.5% kernel / faults: 277 minor 276 major
07-03 17:28:54.425 E/ActivityManager(  577):     2.1% 7102/Jit thread pool: 1% user + 1% kernel
07-03 17:28:54.425 E/ActivityManager(  577):     0.5% 7099/gs.intelligence: 0% user + 0.5% kernel
07-03 17:28:54.425 E/ActivityManager(  577):    +0% 8356/binder:7099_5: 0% user + 0% kernel
07-03 17:28:54.425 E/ActivityManager(  577):    +0% 8357/binder:7099_6: 0% user + 0% kernel
07-03 17:28:54.425 E/ActivityManager(  577):   1.5% 16/rcu_preempt: 0% user + 1.5% kernel
07-03 17:28:54.425 E/ActivityManager(  577):   1.7% 309/kworker/u8:8+writeback: 0% user + 1.7% kernel
07-03 17:28:54.425 E/ActivityManager(  577):   1.8% 390/android.hardware.graphics.allocator@3.0-service.ranchu: 0.6% user + 1.2% kernel
07-03 17:28:54.425 E/ActivityManager(  577):     1.8% 390/allocator@3.0-s: 0.6% user + 1.2% kernel
07-03 17:28:54.425 E/ActivityManager(  577):   0.8% 4772/kworker/3:3-virtio_vsock: 0% user + 0.8% kernel
07-03 17:28:54.425 E/ActivityManager(  577):   0.8% 5636/kworker/1:3-virtio_vsock: 0% user + 0.8% kernel
07-03 17:28:54.425 E/ActivityManager(  577):   1% 7305/kworker/0:2-virtio_vsock: 0% user + 1% kernel
07-03 17:28:54.425 E/ActivityManager(  577):   0.5% 15/ksoftirqd/0: 0% user + 0.5% kernel
07-03 17:28:54.425 E/ActivityManager(  577):   0.6% 153/prng_seeder: 0% user + 0.6% kernel
07-03 17:28:54.425 E/ActivityManager(  577):   0.6% 163/servicemanager: 0.6% user + 0% kernel
07-03 17:28:54.425 E/ActivityManager(  577):   0.6% 320/kworker/0:5H-kverityd: 0% user + 0.6% kernel
07-03 17:28:54.425 E/ActivityManager(  577):   0.6% 381/statsd: 0% user + 0.6% kernel
07-03 17:28:54.425 E/ActivityManager(  577):     0.6% 393/statsd.writer: 0% user + 0.6% kernel
07-03 17:28:54.425 E/ActivityManager(  577):   0.6% 433/iptables-restore: 0% user + 0.6% kernel / faults: 10 major
07-03 17:28:54.425 E/ActivityManager(  577):   0.6% 434/ip6tables-restore: 0.6% user + 0% kernel / faults: 11 major
07-03 17:28:54.425 E/ActivityManager(  577):   0.4% 3631/logcat: 0.4% user + 0% kernel
07-03 17:28:54.425 E/ActivityManager(  577):  +0% 8337/screencap: 0% user + 0% kernel
07-03 17:28:54.425 E/ActivityManager(  577): 91% TOTAL: 20% user + 29% kernel + 5.3% iowait + 31% irq + 4% softirq
07-03 17:29:01.316 I/ActivityManager(  577): Skip ANR being predumped, pid=8271 Context.startForegroundService() did not then call Service.startForeground(): ServiceRecord{f0af38 u0 ai.elizaos.app/.ElizaAgentService c:ai.elizaos.app}
07-03 17:29:02.558 I/ActivityManager(  577): Collecting stacks for pid 8271 into temporary file temp_anr_4124984525125290505.txt
07-03 17:29:28.588 I/ActivityManager(  577): Skipping duplicate ANR: com.android.server.am.ProcessErrorStateRecord@63d0903 Context.startForegroundService() did not then call Service.startForeground(): ServiceRecord{9d1b7aa u0 ai.elizaos.app/.GatewayConnectionService c:ai.elizaos.app}
07-03 17:29:59.159 W/ActivityManager(  577): Dumping Java threads failed, initiating native stack dump.
07-03 17:29:59.681 I/ActivityManager(  577): dumpStackTraces pids={}
07-03 17:29:59.982 I/ActivityManager(  577): Skip ANR being predumped, pid=8271 Broadcast of Intent { act=android.intent.action.LOCKED_BOOT_COMPLETED flg=0x9000030 pkg=ai.elizaos.app cmp=ai.elizaos.app/ai.eliza.plugins.websiteblocker.WebsiteBlockerBootReceiver (has extras) }
07-03 17:30:26.986 W/ActivityManager(  577): Native stack dump failed!
07-03 17:30:26.986 E/ActivityManager(  577): Aborted stack trace dump (current primary pid=8271); deadline exceeded.
07-03 17:30:27.178 I/ActivityManager(  577): Skipping next CPU consuming process, not a java proc: 8448
07-03 17:30:27.178 I/ActivityManager(  577): Skipping next CPU consuming process, not a java proc: 406
07-03 17:30:27.178 I/ActivityManager(  577): Skipping next CPU consuming process, not a java proc: 577
07-03 17:30:27.178 I/ActivityManager(  577): Skipping next CPU consuming process, not a java proc: 3424
07-03 17:30:27.178 I/ActivityManager(  577): Skipping next CPU consuming process, not a java proc: 397
07-03 17:30:27.178 I/ActivityManager(  577): Skipping next CPU consuming process, not a java proc: 3345
07-03 17:30:27.178 I/ActivityManager(  577): Skipping next CPU consuming process, not a java proc: 845
07-03 17:30:27.178 I/ActivityManager(  577): Skipping next CPU consuming process, not a java proc: 6839
07-03 17:30:27.178 I/ActivityManager(  577): Skipping next CPU consuming process, not a java proc: 450
07-03 17:30:27.178 I/ActivityManager(  577): Skipping next CPU consuming process, not a java proc: 8447
07-03 17:30:27.178 I/ActivityManager(  577): Skipping next CPU consuming process, not a java proc: 459
07-03 17:30:27.178 I/ActivityManager(  577): Skipping next CPU consuming process, not a java proc: 486
07-03 17:30:27.178 I/ActivityManager(  577): Skipping next CPU consuming process, not a java proc: 428
07-03 17:30:27.178 I/ActivityManager(  577): Skipping next CPU consuming process, not a java proc: 944
07-03 17:30:27.178 I/ActivityManager(  577): Skipping next CPU consuming process, not a java proc: 5636
07-03 17:30:27.178 I/ActivityManager(  577): Skipping next CPU consuming process, not a java proc: 8050
07-03 17:30:27.180 I/ActivityManager(  577): Dumping to /data/anr/anr_2026-07-03-17-30-27-178
07-03 17:30:27.180 I/ActivityManager(  577): Collecting stacks for pid 577
07-03 17:30:32.349 I/ai.elizaos.app( 8271): Waiting for a blocking GC ClassLinker
07-03 17:30:32.382 I/ai.elizaos.app( 8271): Waiting for a blocking GC ProfileSaver
07-03 17:30:32.996 W/ai.elizaos.app( 8271): Suspending all threads took: 108.730ms
07-03 17:30:33.021 I/ai.elizaos.app( 8271): Wrote stack traces to tombstoned
07-03 17:30:33.021 I/ai.elizaos.app( 8271): Thread[2,tid=8273,WaitingInMainSignalCatcherLoop,Thread*=0xb4000075dea382c0,peer=0x140a8020,"Signal Catcher"]: reacting to signal 3
07-03 17:30:33.021 I/ai.elizaos.app( 8271): Mutator lock exclusive owner tid: 8277
07-03 17:30:33.021 I/ai.elizaos.app( 8271): ThreadList lock owner tid: 0
07-03 17:30:33.021 I/ai.elizaos.app( 8271): ClassLinker classes lock owner tid: 0
07-03 17:30:33.021 I/ai.elizaos.app( 8271): ClassLinker dex lock owner tid: 0
07-03 17:30:33.117 I/ai.elizaos.app( 8271): Background concurrent mark compact GC freed 2397KB AllocSpace bytes, 2(40KB) LOS objects, 49% free, 2900KB/5800KB, paused 109.118ms,23.757ms total 106.884s
07-03 17:30:33.118 I/ai.elizaos.app( 8271): WaitForGcToComplete blocked ProfileSaver on Background for 735.694ms
07-03 17:30:33.227 I/ai.elizaos.app( 8271): WaitForGcToComplete blocked ClassLinker on Background for 878.146ms
07-03 17:30:33.953 I/ai.elizaos.app( 8271): Wrote stack traces to tombstoned
07-03 17:30:35.387 E/chromium( 8271): [ERROR:variations_seed_loader.cc(37)] Seed missing signature.
07-03 17:30:35.646 W/ActivityManager(  577): Slow operation: 76ms so far, now at startProcess: done starting proc!
07-03 17:30:35.900 W/ActivityManager(  577): Slow operation: 286ms so far, now at startProcess: asking zygote to start proc
07-03 17:30:36.089 W/ActivityManager(  577): Slow operation: 475ms so far, now at startProcess: returned from zygote!
07-03 17:30:36.089 W/ActivityManager(  577): Slow operation: 475ms so far, now at startProcess: done updating battery stats
07-03 17:30:36.089 W/ActivityManager(  577): Slow operation: 475ms so far, now at startProcess: building log message
07-03 17:30:36.089 I/ActivityManager(  577): Start proc 8476:com.google.android.webview:webview_service/u0a156 for service {com.google.android.webview/org.chromium.android_webview.services.VariationsSeedServer}
07-03 17:30:36.089 W/ActivityManager(  577): Slow operation: 475ms so far, now at startProcess: starting to update pids map
07-03 17:30:36.089 W/ActivityManager(  577): Slow operation: 475ms so far, now at startProcess: done updating pids map
07-03 17:30:36.424 W/ActivityManager(  577): Slow operation: 63ms so far, now at attachApplicationLocked: after updateOomAdjLocked
07-03 17:30:37.078 I/ActivityManager(  577): Collecting stacks for pid 987
07-03 17:30:38.452 W/chromium( 6694): [0703/173038.452193:WARNING:dns_config_service_android.cc(81)] Failed to read DnsConfig.
07-03 17:30:39.483 W/ActivityManager(  577): Slow operation: 172ms so far, now at startProcess: returned from zygote!
07-03 17:30:39.484 W/ActivityManager(  577): Slow operation: 173ms so far, now at startProcess: done updating battery stats
07-03 17:30:39.484 W/ActivityManager(  577): Slow operation: 173ms so far, now at startProcess: building log message
07-03 17:30:39.484 I/ActivityManager(  577): Start proc 8501:com.google.android.webview:sandboxed_process0:org.chromium.content.app.SandboxedProcessService0:0/u0i2 for  {ai.elizaos.app/org.chromium.content.app.SandboxedProcessService0:0}
07-03 17:30:39.484 W/ActivityManager(  577): Slow operation: 173ms so far, now at startProcess: starting to update pids map
07-03 17:30:39.486 W/ActivityManager(  577): Slow operation: 175ms so far, now at startProcess: done updating pids map
07-03 17:30:40.213 I/ActivityManager(  577): Collecting stacks for pid 1417
07-03 17:30:40.556 W/ActivityManager(  577): Slow operation: 246ms so far, now at finishAttachApplicationInner: after mServices.attachApplicationLocked
07-03 17:30:40.559 W/ActivityManager(  577): Slow operation: 249ms so far, now at finishAttachApplicationInner: after dispatching broadcasts
07-03 17:30:42.622 I/ActivityManager(  577): dumpStackTraces nativepids=[386, 387, 388, 391, 394, 397, 404, 406, 408, 409, 410, 411, 476, 414, 799, 415, 416, 480, 801, 481, 163, 483, 422, 488, 424, 428, 877, 178, 439, 187, 188, 381, 382]
07-03 17:30:42.622 I/ActivityManager(  577): Collecting stacks for native pid 386
