03-11 04:02:27.279 I/AppsFilter( 1676): interaction: PackageSetting{8331a2f com.google.android.microdroid.empty_payload/10404} -> PackageSetting{e6cade1 ai.eliza.plugins.mobileagentbridge.test/10343} BLOCKED
03-11 04:02:27.297 I/ActivityManager( 1676): Start proc 12776:ai.eliza.plugins.mobileagentbridge.test/u0a343 for added application ai.eliza.plugins.mobileagentbridge.test
03-11 04:02:27.320 I/Zygote  (12776): Process 12776 created for ai.eliza.plugins.mobileagentbridge.test
03-11 04:02:27.441 D/nativeloader(12776): Configuring clns-9 for other apk /system/framework/android.test.mock.jar. target_sdk_version=35, uses_libraries=ALL, library_path=/data/app/~~v9OIf9XWMnt_mMPe09tR9w==/ai.eliza.plugins.mobileagentbridge.test-F26VeqdTrNWQCJ2c2ZhpFw==/lib/arm64, permitted_path=/data:/mnt/expand:/data/user/0/ai.eliza.plugins.mobileagentbridge.test
03-11 04:02:27.447 D/nativeloader(12776): Configuring clns-10 for other apk /system/framework/android.test.runner.jar. target_sdk_version=35, uses_libraries=ALL, library_path=/data/app/~~v9OIf9XWMnt_mMPe09tR9w==/ai.eliza.plugins.mobileagentbridge.test-F26VeqdTrNWQCJ2c2ZhpFw==/lib/arm64, permitted_path=/data:/mnt/expand:/data/user/0/ai.eliza.plugins.mobileagentbridge.test
03-11 04:02:27.450 D/LauncherAppsService( 1676): onPackageAdded: user=UserHandle{0}, packageName=ai.eliza.plugins.mobileagentbridge.test
03-11 04:02:27.450 D/LauncherAppsService( 1676): onPackageAdded: triggering onPackageAdded for user=UserHandle{0}, packageName=ai.eliza.plugins.mobileagentbridge.test
03-11 04:02:27.451 D/LauncherAppsService( 1676): onPackageAdded: triggering onPackageAdded for user=UserHandle{0}, packageName=ai.eliza.plugins.mobileagentbridge.test
03-11 04:02:27.451 D/LauncherAppsService( 1676): onPackageAdded: triggering onPackageAdded for user=UserHandle{0}, packageName=ai.eliza.plugins.mobileagentbridge.test
03-11 04:02:27.451 D/LauncherApps( 7158): onPackageAdded 0,ai.eliza.plugins.mobileagentbridge.test
03-11 04:02:27.451 D/LauncherApps( 2086): onPackageAdded 0,ai.eliza.plugins.mobileagentbridge.test
03-11 04:02:27.451 D/LauncherApps( 8018): onPackageAdded 0,ai.eliza.plugins.mobileagentbridge.test
03-11 04:02:27.451 D/LauncherAppsCallbackImpl( 8018): onPackageAdded triggered for packageName=ai.eliza.plugins.mobileagentbridge.test, user=UserHandle{0}
03-11 04:02:27.484 D/BaseIconCache( 8018): Default icon returned for ai.eliza.plugins.mobileagentbridge.test
03-11 04:02:27.621 D/nativeloader(12776): Configuring clns-11 for other apk /data/app/~~v9OIf9XWMnt_mMPe09tR9w==/ai.eliza.plugins.mobileagentbridge.test-F26VeqdTrNWQCJ2c2ZhpFw==/base.apk. target_sdk_version=35, uses_libraries=, library_path=/data/app/~~v9OIf9XWMnt_mMPe09tR9w==/ai.eliza.plugins.mobileagentbridge.test-F26VeqdTrNWQCJ2c2ZhpFw==/lib/arm64, permitted_path=/data:/mnt/expand:/data/user/0/ai.eliza.plugins.mobileagentbridge.test
03-11 04:02:27.631 V/GraphicsEnvironment(12776): ai.eliza.plugins.mobileagentbridge.test is not listed in per-application setting
03-11 04:02:27.698 I/btw     (22041): Handling installed or updated package: ai.eliza.plugins.mobileagentbridge.test
03-11 04:02:27.698 I/clo     (22041): Attempting to classify package: ai.eliza.plugins.mobileagentbridge.test using model: bll_1
03-11 04:02:27.772 I/TestRequestBuilder(12776): Scanning classpath to find tests in paths [/data/app/~~v9OIf9XWMnt_mMPe09tR9w==/ai.eliza.plugins.mobileagentbridge.test-F26VeqdTrNWQCJ2c2ZhpFw==/base.apk]
03-11 04:02:27.816 I/bvb     (22041): BLL finished for package: ai.eliza.plugins.mobileagentbridge.test, score: 11000016, verdict: HARMFUL
03-11 04:02:27.816 I/clo     (22041): Finished new classification for package: ai.eliza.plugins.mobileagentbridge.test, model: bll_1, verdict: HARMFUL, score: 1.1000016E7
03-11 04:02:29.019 I/TestRunner(12776): run started: 5 tests
03-11 04:02:29.019 I/TestRunner(12776): started: normalize_acceptsTheSentinelAndLoopbackEmulatorHttpHosts(ai.eliza.plugins.mobileagentbridge.MobileAgentBridgeUrlsInstrumentedTest)
03-11 04:02:29.034 I/TestRunner(12776): finished: normalize_acceptsTheSentinelAndLoopbackEmulatorHttpHosts(ai.eliza.plugins.mobileagentbridge.MobileAgentBridgeUrlsInstrumentedTest)
03-11 04:02:29.037 I/TestRunner(12776): started: buildRelayUrl_appendsFreshTokenAndDropsStaleAuthButKeepsOtherQuery(ai.eliza.plugins.mobileagentbridge.MobileAgentBridgeUrlsInstrumentedTest)
03-11 04:02:29.041 I/TestRunner(12776): finished: buildRelayUrl_appendsFreshTokenAndDropsStaleAuthButKeepsOtherQuery(ai.eliza.plugins.mobileagentbridge.MobileAgentBridgeUrlsInstrumentedTest)
03-11 04:02:29.042 I/TestRunner(12776): started: normalize_rejectsRemoteHostsHttpsAndGarbage(ai.eliza.plugins.mobileagentbridge.MobileAgentBridgeUrlsInstrumentedTest)
03-11 04:02:29.044 I/TestRunner(12776): finished: normalize_rejectsRemoteHostsHttpsAndGarbage(ai.eliza.plugins.mobileagentbridge.MobileAgentBridgeUrlsInstrumentedTest)
03-11 04:02:29.045 I/TestRunner(12776): started: buildRelayUrl_upgradesSchemeAndInjectsDeviceId(ai.eliza.plugins.mobileagentbridge.MobileAgentBridgeUrlsInstrumentedTest)
03-11 04:02:29.046 I/TestRunner(12776): finished: buildRelayUrl_upgradesSchemeAndInjectsDeviceId(ai.eliza.plugins.mobileagentbridge.MobileAgentBridgeUrlsInstrumentedTest)
03-11 04:02:29.047 I/TestRunner(12776): started: buildRelayUrl_rejectsUnsupportedSchemes(ai.eliza.plugins.mobileagentbridge.MobileAgentBridgeUrlsInstrumentedTest)
03-11 04:02:29.048 I/TestRunner(12776): finished: buildRelayUrl_rejectsUnsupportedSchemes(ai.eliza.plugins.mobileagentbridge.MobileAgentBridgeUrlsInstrumentedTest)
03-11 04:02:29.049 I/TestRunner(12776): run finished: 5 tests, 0 failed, 0 ignored
03-11 04:02:29.053 I/ActivityManager( 1676): Force stopping ai.eliza.plugins.mobileagentbridge.test appid=10343 user=0: finished inst
03-11 04:02:29.055 I/ActivityManager( 1676): Killing 12776:ai.eliza.plugins.mobileagentbridge.test/u0a343 (adj 0): stop ai.eliza.plugins.mobileagentbridge.test due to finished inst
03-11 04:02:29.105 V/ActivityManager( 1676): Got obituary of 12776:ai.eliza.plugins.mobileagentbridge.test
03-11 04:02:29.469 I/ActivityManager( 1676): Force stopping ai.eliza.plugins.mobileagentbridge.test appid=10343 user=-1: deletePackageX
03-11 04:02:29.470 I/AppsFilter( 1676): interaction: PackageSetting{26cf2f ai.elizaos.app/10323} -> PackageSetting{5a1053c ai.eliza.plugins.mobileagentbridge.test/10343} BLOCKED
03-11 04:02:29.470 I/AppsFilter( 1676): interaction: PackageSetting{79a8967 app.eliza/10324} -> PackageSetting{5a1053c ai.eliza.plugins.mobileagentbridge.test/10343} BLOCKED
03-11 04:02:29.470 I/AppsFilter( 1676): interaction: PackageSetting{52050ee com.google.android.microdroid.empty_payload/10404} -> PackageSetting{5a1053c ai.eliza.plugins.mobileagentbridge.test/10343} BLOCKED
03-11 04:02:29.578 D/BackgroundInstallControlService( 1676): handlePackageRemove: removing ai.eliza.plugins.mobileagentbridge.test from 0
03-11 04:02:29.586 I/ActivityManager( 1676): Force stopping ai.eliza.plugins.mobileagentbridge.test appid=10343 user=0: pkg removed
03-11 04:02:29.599 V/StorageManagerService( 1676): Package ai.eliza.plugins.mobileagentbridge.test does not have legacy storage
03-11 04:02:29.602 D/CarrierSvcBindHelper( 2466): onPackageRemoved: ai.eliza.plugins.mobileagentbridge.test
03-11 04:02:29.606 W/WifiService( 1676): Couldn't get PackageInfo for package:ai.eliza.plugins.mobileagentbridge.test
03-11 04:02:29.606 D/WifiService( 1676): Remove settings for package:ai.eliza.plugins.mobileagentbridge.test
03-11 04:02:29.606 D/WifiConfigManager( 1676): Remove all networks for app ApplicationInfo{25c327e ai.eliza.plugins.mobileagentbridge.test}
03-11 04:02:29.606 V/WifiScanRequestProxy( 1676): Clearing scan request timestamps for uid=10343, packageName=ai.eliza.plugins.mobileagentbridge.test
03-11 04:02:29.607 I/PasspointManager( 1676): No app ops listener found for ai.eliza.plugins.mobileagentbridge.test
03-11 04:02:29.610 D/ShortcutService( 1676): removing package: ai.eliza.plugins.mobileagentbridge.test userId=0
03-11 04:02:29.610 I/SatelliteAppTracker( 2466): onPackageRemoved : ai.eliza.plugins.mobileagentbridge.test
03-11 04:02:29.620 I/RollbackManager( 1676): broadcast=ACTION_PACKAGE_FULLY_REMOVED pkg=ai.eliza.plugins.mobileagentbridge.test
03-11 04:02:29.626 W/WifiService( 1676): Couldn't get PackageInfo for package:ai.eliza.plugins.mobileagentbridge.test
03-11 04:02:29.626 D/WifiService( 1676): Remove settings for package:ai.eliza.plugins.mobileagentbridge.test
03-11 04:02:29.626 D/WifiConfigManager( 1676): Remove all networks for app ApplicationInfo{4a71653 ai.eliza.plugins.mobileagentbridge.test}
03-11 04:02:29.626 V/WifiScanRequestProxy( 1676): Clearing scan request timestamps for uid=10343, packageName=ai.eliza.plugins.mobileagentbridge.test
03-11 04:02:29.626 I/PasspointManager( 1676): No app ops listener found for ai.eliza.plugins.mobileagentbridge.test
03-11 04:02:29.628 I/PackageRemovedReceiver( 1676): Package ai.eliza.plugins.mobileagentbridge.test (UID: 10343) fully removed for user UserHandle{0}
03-11 04:02:29.641 D/NfcRegisteredServicesCache( 2388): onReceive: action=android.intent.action.PACKAGE_REMOVED, pkg=ai.eliza.plugins.mobileagentbridge.test
03-11 04:02:29.646 I/Finsky  ( 7317): [2] AIM: AppInfoCacheUpdater -> invalidating apps: [ai.eliza.plugins.mobileagentbridge.test]
03-11 04:02:29.647 I/Finsky  ( 7317): [310] AIM: AppInfoManager-Perf > OnDeviceAppInfo > cacheHitCount=0, cacheMissCount=1. Missed  in cache (limit 10) : [ai.eliza.plugins.mobileagentbridge.test]
03-11 04:02:29.662 I/Telecom ( 1676): CarModeTracker: Package ai.eliza.plugins.mobileagentbridge.test is not tracked.: SSH.oR@LSI
03-11 04:02:29.669 I/AppSearchManagerService( 1676): Handling android.intent.action.PACKAGE_FULLY_REMOVED broadcast on package: ai.eliza.plugins.mobileagentbridge.test
03-11 04:02:29.678 I/ConditionProviders( 1676): Disallowing condition provider ai.eliza.plugins.mobileagentbridge.test (userSet: true)
03-11 04:02:29.684 I/Finsky  ( 7317): [3014] Asset module storage cleared for package ai.eliza.plugins.mobileagentbridge.test.
03-11 04:02:29.690 I/Finsky:background(22071): [2] Package no longer installed: ai.eliza.plugins.mobileagentbridge.test
03-11 04:02:29.696 I/Finsky:background(22071): [2] Package no longer installed: ai.eliza.plugins.mobileagentbridge.test
03-11 04:02:29.701 W/Finsky  ( 7317): [2] STU: Failed to get storage stats for package 'ai.eliza.plugins.mobileagentbridge.test' (1601: Error getting stats: android.content.pm.PackageManager.NameNotFoundException)
03-11 04:02:29.701 I/Finsky:background(22071): [306] IQ:PSL: skipping onPackageRemoved(replacing=false) for untracked package=ai.eliza.plugins.mobileagentbridge.test
03-11 04:02:29.703 I/Finsky:background(22071): [2] Package no longer installed: ai.eliza.plugins.mobileagentbridge.test
03-11 04:02:29.730 D/LauncherAppsService( 1676): onPackageRemoved: triggering onPackageRemoved for user=UserHandle{0}, packageName=ai.eliza.plugins.mobileagentbridge.test
03-11 04:02:29.731 D/LauncherAppsService( 1676): onPackageRemoved: triggering onPackageRemoved for user=UserHandle{0}, packageName=ai.eliza.plugins.mobileagentbridge.test
03-11 04:02:29.731 D/LauncherAppsService( 1676): onPackageRemoved: triggering onPackageRemoved for user=UserHandle{0}, packageName=ai.eliza.plugins.mobileagentbridge.test
03-11 04:02:29.731 D/Bubbles ( 2086): BubbleData.removeBubblesWithPackageName() package=ai.eliza.plugins.mobileagentbridge.test
03-11 04:02:29.747 D/LauncherAppsCallbackImpl( 8018): onPackageRemoved triggered for packageName=ai.eliza.plugins.mobileagentbridge.test, user=UserHandle{0}
03-11 04:02:29.750 D/ModelWriter( 8018): removing items from db []. Reason: [removed because the corresponding package is removed. removedPackages=[ai.eliza.plugins.mobileagentbridge.test]]
03-11 04:02:29.761 E/PackageChangedReceiver(  765): com.google.android.libraries.mediahome.providers.video.broadcastreceivers.PackageChangedReceiver.onReceive:58 Error: package ai.eliza.plugins.mobileagentbridge.test not found
03-11 04:02:29.761 E/PackageChangedReceiver(  765): android.content.pm.PackageManager$NameNotFoundException: ai.eliza.plugins.mobileagentbridge.test
03-11 04:02:29.777 I/ProximityAuth(31410): [RecentAppsMediator] Package removed: (user=UserHandle{0}) ai.eliza.plugins.mobileagentbridge.test
03-11 04:02:29.821 E/PackageAddedReceiver(  765): com.google.android.libraries.mediahome.providers.video.broadcastreceivers.PackageAddedReceiver$1.doInBackground:64 Package not found ai.eliza.plugins.mobileagentbridge.test
03-11 04:02:29.821 E/PackageAddedReceiver(  765): android.content.pm.PackageManager$NameNotFoundException: ai.eliza.plugins.mobileagentbridge.test
03-11 04:02:29.832 W/RWIPackageIntentOps(21736): Registries cleared for package: ai.eliza.plugins.mobileagentbridge.test
03-11 04:02:29.856 I/Icing   (21736): doRemovePackageData ai.eliza.plugins.mobileagentbridge.test
03-11 04:02:29.894 D/MediaProvider( 3648): Deleted 0 Android/media items belonging to ai.eliza.plugins.mobileagentbridge.test on /data/user/0/com.google.android.providers.media.module/databases/external.db
03-11 04:02:29.915 I/FuseDaemon( 3648): Successfully deleted rows in leveldb for owner_id:  and ownerPackageIdentifier: ai.eliza.plugins.mobileagentbridge.test::0
03-11 04:02:29.921 D/MediaGrants( 3648): Removed 0 media_grants for 0 user for [ai.eliza.plugins.mobileagentbridge.test]. Reason: Package orphaned
03-11 04:02:29.923 W/SQLiteLog(21736): (28) double-quoted string literal: "ai.eliza.plugins.mobileagentbridge.test"
03-11 04:02:30.059 I/Finsky  ( 7317): [2] Received an install/uninstall event for package ai.eliza.plugins.mobileagentbridge.test
03-11 04:02:30.148 I/btw     (22041): Ignoring deleted package: ai.eliza.plugins.mobileagentbridge.test
03-11 04:02:30.367 D/PersistedStoragePackageUninstalledReceiver(21998): Received android.intent.action.PACKAGE_FULLY_REMOVED for ai.eliza.plugins.mobileagentbridge.test for u0
