03-11 04:37:17.079 I/AppsFilter( 1676): interaction: PackageSetting{cddc9bd ai.elizaos.app/10323} -> PackageSetting{fe2ae00 ai.eliza.plugins.agent.test/10363} BLOCKED
03-11 04:37:17.080 I/AppsFilter( 1676): interaction: PackageSetting{9c98703 app.eliza/10324} -> PackageSetting{fe2ae00 ai.eliza.plugins.agent.test/10363} BLOCKED
03-11 04:37:17.080 I/AppsFilter( 1676): interaction: PackageSetting{1439680 com.google.android.microdroid.empty_payload/10404} -> PackageSetting{fe2ae00 ai.eliza.plugins.agent.test/10363} BLOCKED
03-11 04:37:17.098 I/ActivityManager( 1676): Start proc 19086:ai.eliza.plugins.agent.test/u0a363 for added application ai.eliza.plugins.agent.test
03-11 04:37:17.110 I/Zygote  (19086): Process 19086 created for ai.eliza.plugins.agent.test
03-11 04:37:17.121 D/LauncherAppsService( 1676): onPackageAdded: user=UserHandle{0}, packageName=ai.eliza.plugins.agent.test
03-11 04:37:17.122 D/LauncherAppsService( 1676): onPackageAdded: triggering onPackageAdded for user=UserHandle{0}, packageName=ai.eliza.plugins.agent.test
03-11 04:37:17.122 D/LauncherAppsService( 1676): onPackageAdded: triggering onPackageAdded for user=UserHandle{0}, packageName=ai.eliza.plugins.agent.test
03-11 04:37:17.122 D/LauncherApps( 2086): onPackageAdded 0,ai.eliza.plugins.agent.test
03-11 04:37:17.122 D/LauncherApps( 7158): onPackageAdded 0,ai.eliza.plugins.agent.test
03-11 04:37:17.133 D/LauncherAppsService( 1676): onPackageAdded: triggering onPackageAdded for user=UserHandle{0}, packageName=ai.eliza.plugins.agent.test
03-11 04:37:17.134 D/LauncherApps( 8018): onPackageAdded 0,ai.eliza.plugins.agent.test
03-11 04:37:17.134 D/LauncherAppsCallbackImpl( 8018): onPackageAdded triggered for packageName=ai.eliza.plugins.agent.test, user=UserHandle{0}
03-11 04:37:17.182 D/BaseIconCache( 8018): Default icon returned for ai.eliza.plugins.agent.test
03-11 04:37:17.315 D/nativeloader(19086): Configuring clns-9 for other apk /system/framework/android.test.mock.jar. target_sdk_version=35, uses_libraries=ALL, library_path=/data/app/~~Pu9I_Oym-doJZIl_WD6fYA==/ai.eliza.plugins.agent.test-H4DAtVQgjCihQbwjbQM3aA==/lib/arm64, permitted_path=/data:/mnt/expand:/data/user/0/ai.eliza.plugins.agent.test
03-11 04:37:17.330 D/nativeloader(19086): Configuring clns-10 for other apk /system/framework/android.test.runner.jar. target_sdk_version=35, uses_libraries=ALL, library_path=/data/app/~~Pu9I_Oym-doJZIl_WD6fYA==/ai.eliza.plugins.agent.test-H4DAtVQgjCihQbwjbQM3aA==/lib/arm64, permitted_path=/data:/mnt/expand:/data/user/0/ai.eliza.plugins.agent.test
03-11 04:37:17.505 I/btw     (22041): Handling installed or updated package: ai.eliza.plugins.agent.test
03-11 04:37:17.505 I/clo     (22041): Attempting to classify package: ai.eliza.plugins.agent.test using model: bll_1
03-11 04:37:17.565 D/nativeloader(19086): Configuring clns-11 for other apk /data/app/~~Pu9I_Oym-doJZIl_WD6fYA==/ai.eliza.plugins.agent.test-H4DAtVQgjCihQbwjbQM3aA==/base.apk. target_sdk_version=35, uses_libraries=, library_path=/data/app/~~Pu9I_Oym-doJZIl_WD6fYA==/ai.eliza.plugins.agent.test-H4DAtVQgjCihQbwjbQM3aA==/lib/arm64, permitted_path=/data:/mnt/expand:/data/user/0/ai.eliza.plugins.agent.test
03-11 04:37:17.582 V/GraphicsEnvironment(19086): ai.eliza.plugins.agent.test is not listed in per-application setting
03-11 04:37:17.650 I/bvb     (22041): BLL finished for package: ai.eliza.plugins.agent.test, score: 11000016, verdict: HARMFUL
03-11 04:37:17.650 I/clo     (22041): Finished new classification for package: ai.eliza.plugins.agent.test, model: bll_1, verdict: HARMFUL, score: 1.1000016E7
03-11 04:37:17.745 I/TestRequestBuilder(19086): Scanning classpath to find tests in paths [/data/app/~~Pu9I_Oym-doJZIl_WD6fYA==/ai.eliza.plugins.agent.test-H4DAtVQgjCihQbwjbQM3aA==/base.apk]
03-11 04:37:18.623 I/TestRunner(19086): run started: 4 tests
03-11 04:37:18.624 I/TestRunner(19086): started: selects_ownPackageServiceWhoseNameEndsInElizaAgentService(ai.eliza.plugins.agent.AgentServiceLocatorInstrumentedTest)
03-11 04:37:18.630 I/TestRunner(19086): finished: selects_ownPackageServiceWhoseNameEndsInElizaAgentService(ai.eliza.plugins.agent.AgentServiceLocatorInstrumentedTest)
03-11 04:37:18.634 I/TestRunner(19086): started: ignores_aSameNamedServiceInADifferentPackage(ai.eliza.plugins.agent.AgentServiceLocatorInstrumentedTest)
03-11 04:37:18.637 I/TestRunner(19086): finished: ignores_aSameNamedServiceInADifferentPackage(ai.eliza.plugins.agent.AgentServiceLocatorInstrumentedTest)
03-11 04:37:18.640 I/TestRunner(19086): started: returnsNull_whenThereAreNoServices_soThePluginThrows(ai.eliza.plugins.agent.AgentServiceLocatorInstrumentedTest)
03-11 04:37:18.643 I/TestRunner(19086): finished: returnsNull_whenThereAreNoServices_soThePluginThrows(ai.eliza.plugins.agent.AgentServiceLocatorInstrumentedTest)
03-11 04:37:18.645 I/TestRunner(19086): started: ignores_ownPackageServiceWithADifferentName(ai.eliza.plugins.agent.AgentServiceLocatorInstrumentedTest)
03-11 04:37:18.646 I/TestRunner(19086): finished: ignores_ownPackageServiceWithADifferentName(ai.eliza.plugins.agent.AgentServiceLocatorInstrumentedTest)
03-11 04:37:18.648 I/TestRunner(19086): run finished: 4 tests, 0 failed, 0 ignored
03-11 04:37:18.654 I/ActivityManager( 1676): Force stopping ai.eliza.plugins.agent.test appid=10363 user=0: finished inst
03-11 04:37:18.655 I/ActivityManager( 1676): Killing 19086:ai.eliza.plugins.agent.test/u0a363 (adj 0): stop ai.eliza.plugins.agent.test due to finished inst
03-11 04:37:18.717 V/ActivityManager( 1676): Got obituary of 19086:ai.eliza.plugins.agent.test
03-11 04:37:19.098 I/ActivityManager( 1676): Force stopping ai.eliza.plugins.agent.test appid=10363 user=-1: deletePackageX
03-11 04:37:19.098 I/AppsFilter( 1676): interaction: PackageSetting{26cf2f ai.elizaos.app/10323} -> PackageSetting{1737d00 ai.eliza.plugins.agent.test/10363} BLOCKED
03-11 04:37:19.098 I/AppsFilter( 1676): interaction: PackageSetting{79a8967 app.eliza/10324} -> PackageSetting{1737d00 ai.eliza.plugins.agent.test/10363} BLOCKED
03-11 04:37:19.098 I/AppsFilter( 1676): interaction: PackageSetting{52050ee com.google.android.microdroid.empty_payload/10404} -> PackageSetting{1737d00 ai.eliza.plugins.agent.test/10363} BLOCKED
03-11 04:37:19.178 D/BackgroundInstallControlService( 1676): handlePackageRemove: removing ai.eliza.plugins.agent.test from 0
03-11 04:37:19.188 I/ActivityManager( 1676): Force stopping ai.eliza.plugins.agent.test appid=10363 user=0: pkg removed
03-11 04:37:19.199 V/StorageManagerService( 1676): Package ai.eliza.plugins.agent.test does not have legacy storage
03-11 04:37:19.204 D/ShortcutService( 1676): removing package: ai.eliza.plugins.agent.test userId=0
03-11 04:37:19.204 D/CarrierSvcBindHelper( 2466): onPackageRemoved: ai.eliza.plugins.agent.test
03-11 04:37:19.204 I/SatelliteAppTracker( 2466): onPackageRemoved : ai.eliza.plugins.agent.test
03-11 04:37:19.206 W/WifiService( 1676): Couldn't get PackageInfo for package:ai.eliza.plugins.agent.test
03-11 04:37:19.206 D/WifiService( 1676): Remove settings for package:ai.eliza.plugins.agent.test
03-11 04:37:19.206 D/WifiConfigManager( 1676): Remove all networks for app ApplicationInfo{66aa14f ai.eliza.plugins.agent.test}
03-11 04:37:19.206 V/WifiScanRequestProxy( 1676): Clearing scan request timestamps for uid=10363, packageName=ai.eliza.plugins.agent.test
03-11 04:37:19.207 I/PasspointManager( 1676): No app ops listener found for ai.eliza.plugins.agent.test
03-11 04:37:19.217 I/RollbackManager( 1676): broadcast=ACTION_PACKAGE_FULLY_REMOVED pkg=ai.eliza.plugins.agent.test
03-11 04:37:19.219 I/PackageRemovedReceiver( 1676): Package ai.eliza.plugins.agent.test (UID: 10363) fully removed for user UserHandle{0}
03-11 04:37:19.220 W/WifiService( 1676): Couldn't get PackageInfo for package:ai.eliza.plugins.agent.test
03-11 04:37:19.220 D/WifiService( 1676): Remove settings for package:ai.eliza.plugins.agent.test
03-11 04:37:19.220 D/WifiConfigManager( 1676): Remove all networks for app ApplicationInfo{8a40d3c ai.eliza.plugins.agent.test}
03-11 04:37:19.220 V/WifiScanRequestProxy( 1676): Clearing scan request timestamps for uid=10363, packageName=ai.eliza.plugins.agent.test
03-11 04:37:19.220 I/PasspointManager( 1676): No app ops listener found for ai.eliza.plugins.agent.test
03-11 04:37:19.238 I/Finsky  ( 7317): [2] AIM: AppInfoCacheUpdater -> invalidating apps: [ai.eliza.plugins.agent.test]
03-11 04:37:19.241 I/Finsky  ( 7317): [311] AIM: AppInfoManager-Perf > OnDeviceAppInfo > cacheHitCount=0, cacheMissCount=1. Missed  in cache (limit 10) : [ai.eliza.plugins.agent.test]
03-11 04:37:19.243 I/Telecom ( 1676): CarModeTracker: Package ai.eliza.plugins.agent.test is not tracked.: SSH.oR@Lcg
03-11 04:37:19.254 I/Finsky:background(22071): [2] Package no longer installed: ai.eliza.plugins.agent.test
03-11 04:37:19.268 I/Finsky:background(22071): [2] Package no longer installed: ai.eliza.plugins.agent.test
03-11 04:37:19.272 I/Finsky  ( 7317): [3240] Asset module storage cleared for package ai.eliza.plugins.agent.test.
03-11 04:37:19.282 I/Finsky:background(22071): [311] IQ:PSL: skipping onPackageRemoved(replacing=false) for untracked package=ai.eliza.plugins.agent.test
03-11 04:37:19.287 D/LauncherAppsService( 1676): onPackageRemoved: triggering onPackageRemoved for user=UserHandle{0}, packageName=ai.eliza.plugins.agent.test
03-11 04:37:19.287 D/LauncherAppsService( 1676): onPackageRemoved: triggering onPackageRemoved for user=UserHandle{0}, packageName=ai.eliza.plugins.agent.test
03-11 04:37:19.287 D/NfcRegisteredServicesCache( 2388): onReceive: action=android.intent.action.PACKAGE_REMOVED, pkg=ai.eliza.plugins.agent.test
03-11 04:37:19.288 D/Bubbles ( 2086): BubbleData.removeBubblesWithPackageName() package=ai.eliza.plugins.agent.test
03-11 04:37:19.289 D/LauncherAppsService( 1676): onPackageRemoved: triggering onPackageRemoved for user=UserHandle{0}, packageName=ai.eliza.plugins.agent.test
03-11 04:37:19.293 I/AppSearchManagerService( 1676): Handling android.intent.action.PACKAGE_FULLY_REMOVED broadcast on package: ai.eliza.plugins.agent.test
03-11 04:37:19.294 I/Finsky:background(22071): [2] Package no longer installed: ai.eliza.plugins.agent.test
03-11 04:37:19.295 D/LauncherAppsCallbackImpl( 8018): onPackageRemoved triggered for packageName=ai.eliza.plugins.agent.test, user=UserHandle{0}
03-11 04:37:19.298 I/ConditionProviders( 1676): Disallowing condition provider ai.eliza.plugins.agent.test (userSet: true)
03-11 04:37:19.299 D/ModelWriter( 8018): removing items from db []. Reason: [removed because the corresponding package is removed. removedPackages=[ai.eliza.plugins.agent.test]]
03-11 04:37:19.300 W/Finsky  ( 7317): [2] STU: Failed to get storage stats for package 'ai.eliza.plugins.agent.test' (1601: Error getting stats: android.content.pm.PackageManager.NameNotFoundException)
03-11 04:37:19.365 I/ProximityAuth(31410): [RecentAppsMediator] Package removed: (user=UserHandle{0}) ai.eliza.plugins.agent.test
03-11 04:37:19.374 E/PackageChangedReceiver(  765): com.google.android.libraries.mediahome.providers.video.broadcastreceivers.PackageChangedReceiver.onReceive:58 Error: package ai.eliza.plugins.agent.test not found
03-11 04:37:19.374 E/PackageChangedReceiver(  765): android.content.pm.PackageManager$NameNotFoundException: ai.eliza.plugins.agent.test
03-11 04:37:19.406 E/PackageAddedReceiver(  765): com.google.android.libraries.mediahome.providers.video.broadcastreceivers.PackageAddedReceiver$1.doInBackground:64 Package not found ai.eliza.plugins.agent.test
03-11 04:37:19.406 E/PackageAddedReceiver(  765): android.content.pm.PackageManager$NameNotFoundException: ai.eliza.plugins.agent.test
03-11 04:37:19.409 W/RWIPackageIntentOps(21736): Registries cleared for package: ai.eliza.plugins.agent.test
03-11 04:37:19.442 I/Icing   (21736): doRemovePackageData ai.eliza.plugins.agent.test
03-11 04:37:19.445 D/MediaProvider( 3648): Deleted 0 Android/media items belonging to ai.eliza.plugins.agent.test on /data/user/0/com.google.android.providers.media.module/databases/external.db
03-11 04:37:19.472 I/FuseDaemon( 3648): Successfully deleted rows in leveldb for owner_id:  and ownerPackageIdentifier: ai.eliza.plugins.agent.test::0
03-11 04:37:19.475 W/SQLiteLog(21736): (28) double-quoted string literal: "ai.eliza.plugins.agent.test"
03-11 04:37:19.476 D/MediaGrants( 3648): Removed 0 media_grants for 0 user for [ai.eliza.plugins.agent.test]. Reason: Package orphaned
03-11 04:37:19.549 I/Finsky  ( 7317): [2] Received an install/uninstall event for package ai.eliza.plugins.agent.test
03-11 04:37:19.552 I/btw     (22041): Ignoring deleted package: ai.eliza.plugins.agent.test
03-11 04:37:19.946 D/PersistedStoragePackageUninstalledReceiver(21998): Received android.intent.action.PACKAGE_FULLY_REMOVED for ai.eliza.plugins.agent.test for u0
