03-11 01:23:04.808  2741  2741 D wpa_supplicant: wlan0: BSS: Add new id 6497 BSSID 7e:ac:b9:ce:0c:e4 SSID '' freq 5660
03-11 01:23:04.808  2741  2741 D wpa_supplicant: wlan0: BSS: Add new id 6498 BSSID 7a:ac:b9:ce:0c:e4 SSID '' freq 5660
03-11 01:23:04.809  2741  2741 D wpa_supplicant: wlan0: BSS: Add new id 6499 BSSID 74:ac:b9:ce:0c:e4 SSID 'The School' freq 5660
03-11 01:23:04.809  2741  2741 D wpa_supplicant: wlan0: BSS: Add new id 6500 BSSID 7a:ac:b9:ce:0a:a1 SSID '' freq 5500
03-11 01:23:04.809  2741  2741 D wpa_supplicant: wlan0: BSS: Add new id 6501 BSSID 7e:ac:b9:ce:0a:a1 SSID '' freq 5500
03-11 01:23:04.809  2741  2741 D wpa_supplicant: wlan0: BSS: Add new id 6502 BSSID 4a:a6:b8:a3:cc:34 SSID 'SNS/AhwBBgACAUimuKPMNAE=' freq 2437
03-11 01:23:04.809  2741  2741 D wpa_supplicant: wlan0: BSS: Add new id 6503 BSSID d8:3a:dd:7e:4c:98 SSID 'Volumio-5107B' freq 2427
03-11 01:23:04.809  2741  2741 D wpa_supplicant: BSS: last_scan_res_used=48/128
03-11 01:23:04.809  2741  2741 D wpa_supplicant: wlan0: New scan results available (own=0 ext=1)
03-11 01:23:04.809  2741  2741 D wpa_supplicant: wlan0: Do not use results from externally requested scan operation for network selection
03-11 01:23:04.810  1676  1976 D WifiNl80211Manager: get 48 scan results from wificond
03-11 01:23:04.813  1676  1976 D WifiNative: get 48 scan results from nl80211
03-11 01:23:04.817  1676  1976 I WifiScanningService: singleScanResults: ClientInfo[uid=1000, package=null, attributionTag=null, com.android.server.wifi.scanner.WifiScannerInternal$ScanListener@68cc6a6],results=48
03-11 01:23:04.817  1676  1976 I WifiScanningService: singleScanResults listener: ClientInfo[uid=1000, package=android, attributionTag=null, com.android.server.wifi.scanner.WifiScannerInternal$ScanListener@a3517ac],results=48
03-11 01:23:04.817  1676  1976 I WifiScanningService: singleScanResults listener: ClientInfo[uid=1000, package=android, attributionTag=null, com.android.server.wifi.scanner.WifiScannerInternal$ScanListener@17d2922],results=48
03-11 01:23:04.817  1676  1976 I WifiScanningService: singleScanResults listener: ClientInfo[uid=1000, package=android, attributionTag=null, com.android.server.wifi.scanner.WifiScannerInternal$ScanListener@cc76f41],results=48
03-11 01:23:04.817  1676  1976 I WifiScanningService: singleScanResults listener: ClientInfo[uid=10141, package=com.google.android.gms, attributionTag=network_location_provider, android.net.wifi.IWifiScannerListener$Stub$Proxy@59f330a],results=48
03-11 01:23:04.818  1676  1969 D WifiScanRequestProxy: Scan results received
03-11 01:23:04.818  1676  1969 D WifiScanRequestProxy: Received 48 scan results
03-11 01:23:04.818  1676  1976 I WifiScanningService: singleScanResults listener: ClientInfo[uid=10141, package=com.google.android.gms, attributionTag=fused_location_provider, android.net.wifi.IWifiScannerListener$Stub$Proxy@a86739b],results=48
03-11 01:23:04.818  1676  1969 D WifiHealthMonitor:  2G scanResult count: 22, Above2g scanResult count: 26
03-11 01:23:04.819 31410 31998 I WifiScanner: onFullResults
03-11 01:23:04.819  1676  1976 I WifiScanningService: Unregistering listener= com.android.server.wifi.scanner.WifiScannerInternal$ScanListener@68cc6a6 uid=1000 packageName=null workSource=WorkSource{1000}
03-11 01:23:04.819  1676  5176 I WifiService: getScanResults uid=10208
03-11 01:23:04.819  1676  2889 I WifiService: getScanResults uid=10208
03-11 01:23:04.820 31410 31926 I WifiScanner: onFullResults
03-11 01:23:04.820  1044  1044 I WifiHAL : Creating message to get link statistics; iface = 47
03-11 01:23:04.866  1676  1969 D WifiChannelUtilization:  freq: 2412 onTime: 252429 busyTime: 62158 onTimeDiff: 250373 busyTimeDiff: 61724 utilization: 62 utilization t0: 62
03-11 01:23:04.866  1676  1969 D WifiChannelUtilization:  freq: 2417 onTime: 30337 busyTime: 2674 onTimeDiff: 29799 busyTimeDiff: 2651 utilization: 22 utilization t0: 22
03-11 01:23:04.866  1676  1969 D WifiChannelUtilization:  freq: 2422 onTime: 30092 busyTime: 1213 onTimeDiff: 29565 busyTimeDiff: 1196 utilization: 10 utilization t0: 10
03-11 01:23:04.866  1676  1969 D WifiChannelUtilization:  freq: 2427 onTime: 29809 busyTime: 1621 onTimeDiff: 29288 busyTimeDiff: 1607 utilization: 13 utilization t0: 13
03-11 01:23:04.866  1676  1969 D WifiChannelUtilization:  freq: 2432 onTime: 30171 busyTime: 3239 onTimeDiff: 29644 busyTimeDiff: 3171 utilization: 27 utilization t0: 27
03-11 01:23:04.866  1676  1969 D WifiChannelUtilization:  freq: 2437 onTime: 59319 busyTime: 24863 onTimeDiff: 56768 busyTimeDiff: 23742 utilization: 106 utilization t0: 106
03-11 01:23:04.866  1676  1969 D WifiChannelUtilization:  freq: 2442 onTime: 20050 busyTime: 2518 onTimeDiff: 19868 busyTimeDiff: 2501 utilization: 32 utilization t0: 32
03-11 01:23:04.866  1676  1969 D WifiChannelUtilization:  freq: 2447 onTime: 29844 busyTime: 981 onTimeDiff: 29317 busyTimeDiff: 960 utilization: 8 utilization t0: 8
03-11 01:23:04.866  1676  1969 D WifiChannelUtilization:  freq: 2452 onTime: 29592 busyTime: 731 onTimeDiff: 29061 busyTimeDiff: 701 utilization: 6 utilization t0: 6
03-11 01:23:04.866  1676  1969 D WifiChannelUtilization:  freq: 2457 onTime: 29463 busyTime: 2105 onTimeDiff: 28953 busyTimeDiff: 2066 utilization: 18 utilization t0: 18
03-11 01:23:04.866  1676  1969 D WifiChannelUtilization:  freq: 2462 onTime: 48443 busyTime: 17544 onTimeDiff: 47919 busyTimeDiff: 17374 utilization: 92 utilization t0: 92
03-11 01:23:04.866  1676  1969 D WifiChannelUtilization:  freq: 2467 onTime: 47784 busyTime: 7104 onTimeDiff: 47338 busyTimeDiff: 7079 utilization: 38 utilization t0: 37
03-11 01:23:04.866  1676  1969 D WifiChannelUtilization:  freq: 2472 onTime: 49938 busyTime: 767 onTimeDiff: 48105 busyTimeDiff: 748 utilization: 3 utilization t0: 3
03-11 01:23:04.866  1676  1969 D WifiChannelUtilization:  freq: 2484 onTime: 0 busyTime: 0 onTimeDiff: 0 busyTimeDiff: 0 utilization: -1 utilization t0: -1
03-11 01:23:04.866  1676  1969 D WifiChannelUtilization:  freq: 5180 onTime: 39007 busyTime: 3158 onTimeDiff: 37123 busyTimeDiff: 3031 utilization: 20 utilization t0: 20
03-11 01:23:04.866  1676  1969 D WifiChannelUtilization:  freq: 5200 onTime: 30353 busyTime: 2712 onTimeDiff: 29808 busyTimeDiff: 2667 utilization: 22 utilization t0: 22
03-11 01:23:04.866  1676  1969 D WifiChannelUtilization:  freq: 5220 onTime: 30267 busyTime: 1631 onTimeDiff: 29720 busyTimeDiff: 1608 utilization: 13 utilization t0: 13
03-11 01:23:04.866  1676  1969 D WifiChannelUtilization:  freq: 5240 onTime: 30367 busyTime: 1864 onTimeDiff: 29837 busyTimeDiff: 1838 utilization: 15 utilization t0: 15
03-11 01:23:04.866  1676  1969 D WifiChannelUtilization:  freq: 5260 onTime: 26913 busyTime: 2671 onTimeDiff: 26561 busyTimeDiff: 2628 utilization: 25 utilization t0: 25
03-11 01:23:04.867  1676  1969 D WifiChannelUtilization:  freq: 5280 onTime: 30547 busyTime: 2159 onTimeDiff: 30106 busyTimeDiff: 2076 utilization: 17 utilization t0: 18
03-11 01:23:04.867  1676  1969 D WifiChannelUtilization:  freq: 5300 onTime: 30546 busyTime: 1903 onTimeDiff: 30105 busyTimeDiff: 1851 utilization: 15 utilization t0: 15
03-11 01:23:04.867  1676  1969 D WifiChannelUtilization:  freq: 5320 onTime: 30548 busyTime: 1624 onTimeDiff: 30107 busyTimeDiff: 1576 utilization: 13 utilization t0: 13
03-11 01:23:04.867  1676  1969 D WifiChannelUtilization:  freq: 5500 onTime: 24883 busyTime: 442 onTimeDiff: 24554 busyTimeDiff: 438 utilization: 4 utilization t0: 4
03-11 01:23:04.867  1676  1969 D WifiChannelUtilization:  freq: 5520 onTime: 30552 busyTime: 81 onTimeDiff: 30111 busyTimeDiff: 81 utilization: 0 utilization t0: 0
03-11 01:23:04.867  1676  1969 D WifiChannelUtilization:  freq: 5540 onTime: 26439 busyTime: 626 onTimeDiff: 26099 busyTimeDiff: 620 utilization: 6 utilization t0: 6
03-11 01:23:04.867  1676  1969 D WifiChannelUtilization:  freq: 5560 onTime: 30617 busyTime: 146 onTimeDiff: 30176 busyTimeDiff: 146 utilization: 1 utilization t0: 1
03-11 01:23:04.867  1676  1969 D WifiChannelUtilization:  freq: 5580 onTime: 30519 busyTime: 70 onTimeDiff: 30108 busyTimeDiff: 70 utilization: 0 utilization t0: 0
03-11 01:23:04.867  1676  1969 D WifiChannelUtilization:  freq: 5600 onTime: 30137 busyTime: 79 onTimeDiff: 29807 busyTimeDiff: 79 utilization: 0 utilization t0: 0
03-11 01:23:04.867  1676  1969 D WifiChannelUtilization:  freq: 5620 onTime: 30434 busyTime: 50 onTimeDiff: 30104 busyTimeDiff: 50 utilization: 0 utilization t0: 0
03-11 01:23:04.867  1676  1969 D WifiChannelUtilization:  freq: 5640 onTime: 30440 busyTime: 55 onTimeDiff: 30110 busyTimeDiff: 54 utilization: 0 utilization t0: 0
03-11 01:23:04.867  1676  1969 D WifiChannelUtilization:  freq: 5660 onTime: 28927 busyTime: 485 onTimeDiff: 28597 busyTimeDiff: 485 utilization: 4 utilization t0: 4
03-11 01:23:04.867  1676  1969 D WifiChannelUtilization:  freq: 5680 onTime: 34653 busyTime: 289 onTimeDiff: 34323 busyTimeDiff: 288 utilization: 2 utilization t0: 2
03-11 01:23:04.867  1676  1969 D WifiChannelUtilization:  freq: 5700 onTime: 30438 busyTime: 50 onTimeDiff: 30108 busyTimeDiff: 50 utilization: 0 utilization t0: 0
03-11 01:23:04.867  1676  1969 D WifiChannelUtilization:  freq: 5720 onTime: 30437 busyTime: 58 onTimeDiff: 30107 busyTimeDiff: 56 utilization: 0 utilization t0: 0
03-11 01:23:04.867  1676  1969 D WifiChannelUtilization:  freq: 5745 onTime: 29550 busyTime: 1289 onTimeDiff: 29076 busyTimeDiff: 1283 utilization: 11 utilization t0: 11
03-11 01:23:04.867  1676  1969 D WifiChannelUtilization:  freq: 5765 onTime: 29410 busyTime: 1083 onTimeDiff: 28944 busyTimeDiff: 1079 utilization: 9 utilization t0: 9
03-11 01:23:04.867  1676  1969 D WifiChannelUtilization:  freq: 5785 onTime: 29044 busyTime: 1023 onTimeDiff: 28578 busyTimeDiff: 1000 utilization: 8 utilization t0: 8
03-11 01:23:04.867  1676  1969 D WifiChannelUtilization:  freq: 5805 onTime: 28785 busyTime: 814 onTimeDiff: 28306 busyTimeDiff: 811 utilization: 7 utilization t0: 7
03-11 01:23:04.867  1676  1969 D WifiChannelUtilization:  freq: 5825 onTime: 18074 busyTime: 50 onTimeDiff: 17953 busyTimeDiff: 50 utilization: 0 utilization t0: 0
03-11 01:23:04.867  1676  1969 D WifiChannelUtilization:  freq: 5845 onTime: 30437 busyTime: 56 onTimeDiff: 30107 busyTimeDiff: 56 utilization: 0 utilization t0: 0
03-11 01:23:04.867  1676  1969 D WifiChannelUtilization:  freq: 5865 onTime: 30437 busyTime: 74 onTimeDiff: 30107 busyTimeDiff: 73 utilization: 0 utilization t0: 0
03-11 01:23:04.867  1676  1969 D WifiChannelUtilization:  freq: 5885 onTime: 30533 busyTime: 67 onTimeDiff: 30202 busyTimeDiff: 66 utilization: 0 utilization t0: 0
03-11 01:23:04.867  1676  1969 D WifiChannelUtilization:  freq: 5935 onTime: 0 busyTime: 0 onTimeDiff: 0 busyTimeDiff: 0 utilization: -1 utilization t0: -1
03-11 01:23:04.867  1676  1969 D WifiChannelUtilization:  freq: 5955 onTime: 25 busyTime: 0 onTimeDiff: 25 busyTimeDiff: 0 utilization: -1 utilization t0: 0
03-11 01:23:04.867  1676  1969 D WifiChannelUtilization:  freq: 5975 onTime: 6149 busyTime: 10 onTimeDiff: 6073 busyTimeDiff: 10 utilization: 0 utilization t0: 0
03-11 01:23:04.867  1676  1969 D WifiChannelUtilization:  freq: 5995 onTime: 25 busyTime: 0 onTimeDiff: 25 busyTimeDiff: 0 utilization: -1 utilization t0: 0
03-11 01:23:04.867  1676  1969 D WifiChannelUtilization:  freq: 6015 onTime: 25 busyTime: 0 onTimeDiff: 25 busyTimeDiff: 0 utilization: -1 utilization t0: 0
03-11 01:23:04.867  1676  1969 D WifiChannelUtilization:  freq: 6035 onTime: 25 busyTime: 0 onTimeDiff: 25 busyTimeDiff: 0 utilization: -1 utilization t0: 0
03-11 01:23:04.867  1676  1969 D WifiChannelUtilization:  freq: 6055 onTime: 6152 busyTime: 15 onTimeDiff: 6076 busyTimeDiff: 15 utilization: 0 utilization t0: 0
03-11 01:23:04.867  1676  1969 D WifiChannelUtilization:  freq: 6075 onTime: 25 busyTime: 1 onTimeDiff: 25 busyTimeDiff: 1 utilization: -1 utilization t0: 10
03-11 01:23:04.867  1676  1969 D WifiChannelUtilization:  freq: 6095 onTime: 25 busyTime: 0 onTimeDiff: 25 busyTimeDiff: 0 utilization: -1 utilization t0: 0
03-11 01:23:04.867  1676  1969 D WifiChannelUtilization:  freq: 6115 onTime: 25 busyTime: 0 onTimeDiff: 25 busyTimeDiff: 0 utilization: -1 utilization t0: 0
03-11 01:23:04.867  1676  1969 D WifiChannelUtilization:  freq: 6135 onTime: 7962 busyTime: 30 onTimeDiff: 7886 busyTimeDiff: 29 utilization: 0 utilization t0: 0
03-11 01:23:04.867  1676  1969 D WifiChannelUtilization:  freq: 6155 onTime: 25 busyTime: 1 onTimeDiff: 25 busyTimeDiff: 1 utilization: -1 utilization t0: 10
03-11 01:23:04.867  1676  1969 D WifiChannelUtilization:  freq: 6175 onTime: 25 busyTime: 0 onTimeDiff: 25 busyTimeDiff: 0 utilization: -1 utilization t0: 0
03-11 01:23:04.867  1676  1969 D WifiChannelUtilization:  freq: 6195 onTime: 25 busyTime: 0 onTimeDiff: 25 busyTimeDiff: 0 utilization: -1 utilization t0: 0
03-11 01:23:04.867  1676  1969 D WifiChannelUtilization:  freq: 6215 onTime: 6150 busyTime: 13 onTimeDiff: 6074 busyTimeDiff: 13 utilization: 0 utilization t0: 0
03-11 01:23:04.867  1676  1969 D WifiChannelUtilization:  freq: 6235 onTime: 25 busyTime: 0 onTimeDiff: 25 busyTimeDiff: 0 utilization: -1 utilization t0: 0
03-11 01:23:04.867  1676  1969 D WifiChannelUtilization:  freq: 6255 onTime: 25 busyTime: 0 onTimeDiff: 25 busyTimeDiff: 0 utilization: -1 utilization t0: 0
03-11 01:23:04.867  1676  1969 D WifiChannelUtilization:  freq: 6275 onTime: 25 busyTime: 0 onTimeDiff: 25 busyTimeDiff: 0 utilization: -1 utilization t0: 0
03-11 01:23:04.867  1676  1969 D WifiChannelUtilization:  freq: 6295 onTime: 6150 busyTime: 15 onTimeDiff: 6074 busyTimeDiff: 15 utilization: 0 utilization t0: 0
03-11 01:23:04.867  1676  1969 D WifiChannelUtilization:  freq: 6315 onTime: 25 busyTime: 1 onTimeDiff: 25 busyTimeDiff: 1 utilization: -1 utilization t0: 10
03-11 01:23:04.867  1676  1969 D WifiChannelUtilization:  freq: 6335 onTime: 25 busyTime: 0 onTimeDiff: 25 busyTimeDiff: 0 utilization: -1 utilization t0: 0
03-11 01:23:04.867  1676  1969 D WifiChannelUtilization:  freq: 6355 onTime: 25 busyTime: 0 onTimeDiff: 25 busyTimeDiff: 0 utilization: -1 utilization t0: 0
03-11 01:23:04.867  1676  1969 D WifiChannelUtilization:  freq: 6375 onTime: 6149 busyTime: 10 onTimeDiff: 6073 busyTimeDiff: 10 utilization: 0 utilization t0: 0
03-11 01:23:04.867  1676  1969 D WifiChannelUtilization:  freq: 6395 onTime: 25 busyTime: 4 onTimeDiff: 25 busyTimeDiff: 4 utilization: -1 utilization t0: 40
03-11 01:23:04.867  1676  1969 D WifiChannelUtilization:  freq: 6415 onTime: 25 busyTime: 0 onTimeDiff: 25 busyTimeDiff: 0 utilization: -1 utilization t0: 0
03-11 01:23:04.867  1676  1969 D WifiChannelUtilization:  freq: 6435 onTime: 25 busyTime: 0 onTimeDiff: 25 busyTimeDiff: 0 utilization: -1 utilization t0: 0
03-11 01:23:04.867  1676  1969 D WifiChannelUtilization:  freq: 6455 onTime: 6149 busyTime: 22 onTimeDiff: 6073 busyTimeDiff: 22 utilization: 0 utilization t0: 0
03-11 01:23:04.867  1676  1969 D WifiChannelUtilization:  freq: 6475 onTime: 25 busyTime: 0 onTimeDiff: 25 busyTimeDiff: 0 utilization: -1 utilization t0: 0
03-11 01:23:04.867  1676  1969 D WifiChannelUtilization:  freq: 6495 onTime: 25 busyTime: 1 onTimeDiff: 25 busyTimeDiff: 1 utilization: -1 utilization t0: 10
03-11 01:23:04.867  1676  1969 D WifiChannelUtilization:  freq: 6515 onTime: 25 busyTime: 0 onTimeDiff: 25 busyTimeDiff: 0 utilization: -1 utilization t0: 0
03-11 01:23:04.867  1676  1969 D WifiChannelUtilization:  freq: 6535 onTime: 6148 busyTime: 20 onTimeDiff: 6072 busyTimeDiff: 20 utilization: 0 utilization t0: 0
03-11 01:23:04.867  1676  1969 D WifiChannelUtilization:  freq: 6555 onTime: 25 busyTime: 1 onTimeDiff: 25 busyTimeDiff: 1 utilization: -1 utilization t0: 10
03-11 01:23:04.867  1676  1969 D WifiChannelUtilization:  freq: 6575 onTime: 25 busyTime: 0 onTimeDiff: 25 busyTimeDiff: 0 utilization: -1 utilization t0: 0
03-11 01:23:04.867  1676  1969 D WifiChannelUtilization:  freq: 6595 onTime: 25 busyTime: 2 onTimeDiff: 25 busyTimeDiff: 2 utilization: -1 utilization t0: 20
03-11 01:23:04.867  1676  1969 D WifiChannelUtilization:  freq: 6615 onTime: 6148 busyTime: 29 onTimeDiff: 6072 busyTimeDiff: 29 utilization: 1 utilization t0: 1
03-11 01:23:04.867  1676  1969 D WifiChannelUtilization:  freq: 6635 onTime: 25 busyTime: 1 onTimeDiff: 25 busyTimeDiff: 1 utilization: -1 utilization t0: 10
03-11 01:23:04.867  1676  1969 D WifiChannelUtilization:  freq: 6655 onTime: 25 busyTime: 0 onTimeDiff: 25 busyTimeDiff: 0 utilization: -1 utilization t0: 0
03-11 01:23:04.867  1676  1969 D WifiChannelUtilization:  freq: 6675 onTime: 25 busyTime: 2 onTimeDiff: 25 busyTimeDiff: 2 utilization: -1 utilization t0: 20
03-11 01:23:04.867  1676  1969 D WifiChannelUtilization:  freq: 6695 onTime: 6148 busyTime: 26 onTimeDiff: 6072 busyTimeDiff: 26 utilization: 1 utilization t0: 1
03-11 01:23:04.867  1676  1969 D WifiChannelUtilization:  freq: 6715 onTime: 25 busyTime: 2 onTimeDiff: 25 busyTimeDiff: 2 utilization: -1 utilization t0: 20
03-11 01:23:04.867  1676  1969 D WifiChannelUtilization:  freq: 6735 onTime: 25 busyTime: 1 onTimeDiff: 25 busyTimeDiff: 1 utilization: -1 utilization t0: 10
03-11 01:23:04.867  1676  1969 D WifiChannelUtilization:  freq: 6755 onTime: 25 busyTime: 0 onTimeDiff: 25 busyTimeDiff: 0 utilization: -1 utilization t0: 0
03-11 01:23:04.867  1676  1969 D WifiChannelUtilization:  freq: 6775 onTime: 6149 busyTime: 31 onTimeDiff: 6073 busyTimeDiff: 31 utilization: 1 utilization t0: 1
03-11 01:23:04.867  1676  1969 D WifiChannelUtilization:  freq: 6795 onTime: 25 busyTime: 1 onTimeDiff: 25 busyTimeDiff: 1 utilization: -1 utilization t0: 10
03-11 01:23:04.867  1676  1969 D WifiChannelUtilization:  freq: 6815 onTime: 25 busyTime: 1 onTimeDiff: 25 busyTimeDiff: 1 utilization: -1 utilization t0: 10
03-11 01:23:04.867  1676  1969 D WifiChannelUtilization:  freq: 6835 onTime: 25 busyTime: 0 onTimeDiff: 25 busyTimeDiff: 0 utilization: -1 utilization t0: 0
03-11 01:23:04.867  1676  1969 D WifiChannelUtilization:  freq: 6855 onTime: 6151 busyTime: 31 onTimeDiff: 6075 busyTimeDiff: 31 utilization: 1 utilization t0: 1
03-11 01:23:04.867  1676  1969 D WifiChannelUtilization:  freq: 6875 onTime: 25 busyTime: 0 onTimeDiff: 25 busyTimeDiff: 0 utilization: -1 utilization t0: 0
03-11 01:23:04.868  1676  1969 D WifiChannelUtilization:  freq: 6895 onTime: 25 busyTime: 2 onTimeDiff: 25 busyTimeDiff: 2 utilization: -1 utilization t0: 20
03-11 01:23:04.868  1676  1969 D WifiChannelUtilization:  freq: 6915 onTime: 25 busyTime: 1 onTimeDiff: 25 busyTimeDiff: 1 utilization: -1 utilization t0: 10
03-11 01:23:04.868  1676  1969 D WifiChannelUtilization:  freq: 6935 onTime: 6148 busyTime: 88 onTimeDiff: 6072 busyTimeDiff: 88 utilization: 3 utilization t0: 3
03-11 01:23:04.868  1676  1969 D WifiChannelUtilization:  freq: 6955 onTime: 25 busyTime: 0 onTimeDiff: 25 busyTimeDiff: 0 utilization: -1 utilization t0: 0
03-11 01:23:04.868  1676  1969 D WifiChannelUtilization:  freq: 6975 onTime: 25 busyTime: 0 onTimeDiff: 25 busyTimeDiff: 0 utilization: -1 utilization t0: 0
03-11 01:23:04.868  1676  1969 D WifiChannelUtilization:  freq: 6995 onTime: 25 busyTime: 1 onTimeDiff: 25 busyTimeDiff: 1 utilization: -1 utilization t0: 10
03-11 01:23:04.868  1676  1969 D WifiChannelUtilization:  freq: 7015 onTime: 6150 busyTime: 200 onTimeDiff: 6074 busyTimeDiff: 197 utilization: 8 utilization t0: 8
03-11 01:23:04.868  1676  1969 D WifiChannelUtilization:  freq: 7035 onTime: 25 busyTime: 2 onTimeDiff: 25 busyTimeDiff: 2 utilization: -1 utilization t0: 20
03-11 01:23:04.868  1676  1969 D WifiChannelUtilization:  freq: 7055 onTime: 25 busyTime: 2 onTimeDiff: 25 busyTimeDiff: 2 utilization: -1 utilization t0: 20
03-11 01:23:04.868  1676  1969 D WifiChannelUtilization:  freq: 7075 onTime: 0 busyTime: 0 onTimeDiff: 0 busyTimeDiff: 0 utilization: -1 utilization t0: -1
03-11 01:23:04.868  1676  1969 D WifiChannelUtilization:  freq: 7095 onTime: 292 busyTime: 7 onTimeDiff: 292 busyTimeDiff: 7 utilization: 6 utilization t0: 6
03-11 01:23:04.868  1676  1969 D WifiChannelUtilization:  freq: 7115 onTime: 0 busyTime: 0 onTimeDiff: 0 busyTimeDiff: 0 utilization: -1 utilization t0: -1
03-11 01:23:04.874  1044  1044 D WifiHAL : Start debug command: mType GET_FEATURE
03-11 01:23:04.874  1044  1044 I WifiHAL : CreateRequest mType = GET_FEATURE
03-11 01:23:04.874  1044  1044 D WifiHAL : In DebugCommand::handleResponse, mType:GET_FEATURE
03-11 01:23:04.874  1044  1044 D WifiHAL : len = 4, expected len = 4
03-11 01:23:04.875  1676  1969 V WifiConnectivityManager: Clearing blocklist for REASON_FRAMEWORK_DISCONNECT_FAST_RECONNECT
03-11 01:23:04.875  1676  1969 V WifiConnectivityManager: AllSingleScanListener onResults: start network selection
03-11 01:23:04.876  1676  1969 D WifiNetworkSelector: Networks filtered out due to invalid SSID: e6:63:da:eb:4f:27 / ea:63:da:eb:4f:27 / 7a:ac:b9:cd:0b:15 / 82:83:c2:8d:86:f7 / 7e:ac:b9:ce:0b:13 / 82:ac:b9:ce:0b:13 / ea:63:da:eb:31:1c / ee:63:da:eb:31:1c / 7a:ac:b9:cd:0a:a1 / e6:63:da:eb:4f:86 / ea:63:da:eb:4f:86 / 7a:ac:b9:ce:0b:76 / 7a:ac:b9:ce:0c:e4 / 7e:ac:b9:ce:0c:e4 / 7a:ac:b9:ce:0a:a1 / 7e:ac:b9:ce:0a:a1 / 
03-11 01:23:04.876  1676  1969 D WifiNetworkSelector: Networks filtered out due to low signal strength: ARDOR:e0:63:da:eb:31:1c(5GHz)-78 / ARDOR GUEST:e6:63:da:eb:31:1c(5GHz)-78 / SmiirlSetup:18:a5:9c:00:02:6e(2.4GHz)-83 / HVP_48a2e6df41d8-Pairing:48:a2:e6:df:41:d9(2.4GHz)-83 / The School 2G:e0:63:da:ea:4f:86(2.4GHz)-83 / Volumio-5107B:d8:3a:dd:7e:4c:98(2.4GHz)-83 / The School:e0:63:da:eb:4f:86(5GHz)-88 / The School:74:ac:b9:ce:0c:e4(5GHz)-90 / The School:74:ac:b9:ce:0b:76(5GHz)-91 / 
03-11 01:23:04.877  1676  1969 V WifiConfigManager: Clear network candidate scan result for 0
03-11 01:23:04.877  1676  1969 V WifiConfigManager: Clear network candidate scan result for 1
03-11 01:23:04.877  1676  1969 V WifiConfigManager: Clear network candidate scan result for 2
03-11 01:23:04.877  1676  1969 V WifiConfigManager: Clear network candidate scan result for 3
03-11 01:23:04.877  1676  1969 V WifiConfigManager: Clear network candidate scan result for 4
03-11 01:23:04.877  1676  1969 V WifiConfigManager: Clear network candidate scan result for 5
03-11 01:23:04.877  1676  1969 V WifiConfigManager: Clear network candidate scan result for 6
03-11 01:23:04.877  1676  1969 V WifiConfigManager: Clear network candidate scan result for 7
03-11 01:23:04.877  1676  1969 V WifiConfigManager: Clear network candidate scan result for 8
03-11 01:23:04.877  1676  1969 V WifiConfigManager: Clear network candidate scan result for 9
03-11 01:23:04.877  1676  1969 V WifiConfigManager: Clear network candidate scan result for 10
03-11 01:23:04.877  1676  1969 V WifiConfigManager: Clear network candidate scan result for 11
03-11 01:23:04.877  1676  1969 V WifiConfigManager: Clear network candidate scan result for 12
03-11 01:23:04.877  1676  1969 V WifiConfigManager: Clear network candidate scan result for 13
03-11 01:23:04.878  1676  1969 V WifiConfigManager: Clear network candidate scan result for 14
03-11 01:23:04.878  1676  1969 V WifiConfigManager: Clear network candidate scan result for 15
03-11 01:23:04.878  1676  1969 V WifiConfigManager: Clear network candidate scan result for 16
03-11 01:23:04.878  1676  1969 V WifiConfigManager: Clear network candidate scan result for 17
03-11 01:23:04.878  1676  1969 V WifiConfigManager: Clear network candidate scan result for 18
03-11 01:23:04.878  1676  1969 V WifiConfigManager: Clear network candidate scan result for 19
03-11 01:23:04.878  1676  1969 V WifiConfigManager: Clear network candidate scan result for 20
03-11 01:23:04.878  1676  1969 V WifiConfigManager: Clear network candidate scan result for 21
03-11 01:23:04.878  1676  1969 V WifiConfigManager: Clear network candidate scan result for 22
03-11 01:23:04.878  1676  1969 V WifiConfigManager: Clear network candidate scan result for 23
03-11 01:23:04.878  1676  1969 V WifiConfigManager: Clear network candidate scan result for 24
03-11 01:23:04.878  1676  1969 V WifiConfigManager: Clear network candidate scan result for 25
03-11 01:23:04.878  1676  1969 V WifiConfigManager: Clear network candidate scan result for 26
03-11 01:23:04.878  1676  1969 V WifiConfigManager: Clear network candidate scan result for 27
03-11 01:23:04.878  1676  1969 V WifiConfigManager: Clear network candidate scan result for 28
03-11 01:23:04.878  1676  1969 V WifiConfigManager: Clear network candidate scan result for 29
03-11 01:23:04.878  1676  1969 V WifiConfigManager: Clear network candidate scan result for 30
03-11 01:23:04.878  1676  1969 V WifiConfigManager: Clear network candidate scan result for 31
03-11 01:23:04.878  1676  1969 V WifiConfigManager: Clear network candidate scan result for 32
03-11 01:23:04.878  1676  1969 V WifiConfigManager: Clear network candidate scan result for 33
03-11 01:23:04.878  1676  1969 V WifiConfigManager: Clear network candidate scan result for 34
03-11 01:23:04.878  1676  1969 V WifiConfigManager: Clear network candidate scan result for 35
03-11 01:23:04.878  1676  1969 V WifiConfigManager: Clear network candidate scan result for 36
03-11 01:23:04.878  1676  1969 V WifiConfigManager: Clear network candidate scan result for 37
03-11 01:23:04.878  1676  1969 V WifiConfigManager: Clear network candidate scan result for 38
03-11 01:23:04.878  1676  1969 V WifiConfigManager: Clear network candidate scan result for 39
03-11 01:23:04.878  1676  1969 V WifiConfigManager: Clear network candidate scan result for 40
03-11 01:23:04.878  1676  1969 V WifiConfigManager: Clear network candidate scan result for 41
03-11 01:23:04.878  1676  1969 V WifiConfigManager: Clear network candidate scan result for 42
03-11 01:23:04.878  1676  1969 V WifiConfigManager: Clear network candidate scan result for 43
03-11 01:23:04.878  1676  1969 V WifiConfigManager: Clear network candidate scan result for 44
03-11 01:23:04.878  1676  1969 V WifiConfigManager: Clear network candidate scan result for 45
03-11 01:23:04.878  1676  1969 V WifiConfigManager: Clear network candidate scan result for 46
03-11 01:23:04.878  1676  1969 V WifiConfigManager: Clear network candidate scan result for 47
03-11 01:23:04.879  1676  1969 V WifiConfigManager: Clear network candidate scan result for 48
03-11 01:23:04.879  1676  1969 V WifiConfigManager: Clear network candidate scan result for 49
03-11 01:23:04.879  1676  1969 V WifiConfigManager: Clear network candidate scan result for 50
03-11 01:23:04.879  1676  1969 V WifiConfigManager: Clear network candidate scan result for 51
03-11 01:23:04.879  1676  1969 V WifiConfigManager: Clear network candidate scan result for 52
03-11 01:23:04.879  1676  1969 V WifiConfigManager: Clear network candidate scan result for 53
03-11 01:23:04.879  1676  1969 V WifiConfigManager: Clear network candidate scan result for 54
03-11 01:23:04.879  1676  1969 V WifiConfigManager: Clear network candidate scan result for 55
03-11 01:23:04.879  1676  1969 V WifiConfigManager: Clear network candidate scan result for 56
03-11 01:23:04.879  1676  1969 V WifiConfigManager: Clear network candidate scan result for 57
03-11 01:23:04.879  1676  1969 V WifiConfigManager: Clear network candidate scan result for 58
03-11 01:23:04.879  1676  1969 V WifiConfigManager: Clear network candidate scan result for 59
03-11 01:23:04.879  1676  1969 V WifiConfigManager: Clear network candidate scan result for 60
03-11 01:23:04.879  1676  1969 D WifiNetworkSelector: Disabled configured networks:
03-11 01:23:04.879  1676  1969 D WifiNetworkSelector:   "   .@ FreeTRUEWIFI":0 reason=NETWORK_SELECTION_DISABLED_NO_INTERNET_PERMANENT, count=1; 
03-11 01:23:04.879  1676  1969 D WifiNetworkSelector:   "Aer_Lingus_WIFI":5 reason=NETWORK_SELECTION_DISABLED_NO_INTERNET_PERMANENT, count=1; 
03-11 01:23:04.879  1676  1969 D WifiNetworkSelector:   "Cathay Pacific":13 reason=NETWORK_SELECTION_DISABLED_NO_INTERNET_PERMANENT, count=1; 
03-11 01:23:04.879  1676  1969 D WifiNetworkSelector:   "Hillside School":23 reason=NETWORK_SELECTION_DISABLED_BY_WRONG_PASSWORD, count=1; 
03-11 01:23:04.879  1676  1969 D WifiNetworkSelector:   "JSGHOTEL":24 reason=NETWORK_SELECTION_DISABLED_NO_INTERNET_PERMANENT, count=1; 
03-11 01:23:04.879  1676  1969 D WifiNetworkSelector:   "Pi Fi":35 reason=NETWORK_SELECTION_DISABLED_NO_INTERNET_PERMANENT, count=1; 
03-11 01:23:04.879  1676  1969 D WifiNetworkSelector:   "SWISS Connect":38 reason=NETWORK_SELECTION_DISABLED_NO_INTERNET_PERMANENT, count=1; 
03-11 01:23:04.879  1676  1969 D WifiNetworkSelector:   "Turk Telekom WiFi Fly":47 reason=NETWORK_SELECTION_DISABLED_NO_INTERNET_PERMANENT, count=1; 
03-11 01:23:04.879  1676  1969 D WifiNetworkSelector:   "URBN_Hotel":49 reason=NETWORK_SELECTION_DISABLED_NO_INTERNET_PERMANENT, count=1; 
03-11 01:23:04.879  1676  1969 D WifiNetworkSelector:   "Wasteland WiFi":52 reason=NETWORK_SELECTION_DISABLED_NO_INTERNET_PERMANENT, count=1; 
03-11 01:23:04.879  1676  1969 D WifiNetworkSelector:   "mcm":58 reason=NETWORK_SELECTION_DISABLED_BY_WRONG_PASSWORD, count=1; 
03-11 01:23:04.879  1676  1969 D WifiNetworkSelector: 
03-11 01:23:04.879  1676  1969 D WifiNetworkSelector: About to run SavedNetworkNominator :
03-11 01:23:04.880  1676  1969 D WifiNetworkSelector: About to run NetworkSuggestionNominator :
03-11 01:23:04.882  1676  1969 V WifiLastResortWatchdog: updateAvailableNetworks: size = 0
03-11 01:23:04.882  1676  1969 V WifiLastResortWatchdog: mWatchdogFeatureEnabled: true
03-11 01:23:04.882  1676  1969 V WifiLastResortWatchdog: mWatchdogAllowedToTrigger: true
03-11 01:23:04.882  1676  1969 V WifiLastResortWatchdog: mRecentAvailableNetworks: 0
03-11 01:23:04.882  1676  1969 V WifiLastResortWatchdog: mSsidFailureCount:
03-11 01:23:04.883  1676  1969 V WifiConnectivityManager: AllSingleScanListener:  No candidates
03-11 01:23:05.123 26597 26652 D Capacitor: Handling local request: https://localhost/api/apps/runs
03-11 01:23:05.881  2277  2432 D TemperatureStateSource: sequence=8792 actualDelay=10001
03-11 01:23:05.881  2277  2432 D TemperatureStateSource: Reading temperature: sequence=8793
03-11 01:23:05.882  1701  1701 I pixel-thermal: VIRTUAL-SKIN:40.4281 raw data: VIRTUAL-NEUTRAL:40428.1 VIRTUAL-NEUTRAL-SKIN2:39859.8 VIRTUAL-QUIET-NEUTRAL:37192.7 VIRTUAL-SKIN:40428.1 disp_therm:36180 gnss_tcxo_therm:42097 neutral_therm:38361 quiet_therm:36692 skin_therm1:42304 skin_therm2:43357 
03-11 01:23:05.883  2277  2432 D TemperatureStateSource: getDeviceTemperatures: sequence=8793 deviceTemperatureType=3 temperatureSource=0 temperatures=[40.428104]
03-11 01:23:05.883  2277  2432 D BusinessScope: Enqueuing the block
03-11 01:23:05.883  2277  2432 D TemperatureStateSource: sequence=8793 waitTime=10000
03-11 01:23:05.883  2277  3422 D BusinessScope: Start running the #17714 block
03-11 01:23:05.884  1701  1701 I pixel-thermal: VIRTUAL-SKIN:40.4281 raw data: VIRTUAL-SKIN:40428.1 
03-11 01:23:05.885  2277  3422 I TemperatureStateSource: temperature was set
03-11 01:23:05.885  2277  3422 D BusinessScope: Enqueuing the block
03-11 01:23:05.885  2277  3422 D ImpulseStateSource: Notify clients: 8854
03-11 01:23:05.885  2277  3422 D BusinessScope: Finish running the #17714 block
03-11 01:23:05.885  2277  3422 D BusinessScope: Start running the #17715 block
03-11 01:23:05.885  2277  3422 D BusinessScope: Finish running the #17715 block
03-11 01:23:05.890   471 27151 W Turbo.DeviceHealthLeversManagerImpl: applyLeversWithMaintenanceWindow: ignore the same request
03-11 01:23:06.120 26597 26652 D Capacitor: Handling local request: https://localhost/api/vision/capture-requests
03-11 01:23:06.213  1676  1762 I WifiService: isFeatureSupported uid=1000 returns [WIFI_FEATURE_INFRA, WIFI_FEATURE_PASSPOINT, WIFI_FEATURE_P2P, WIFI_FEATURE_MOBILE_HOTSPOT, WIFI_FEATURE_AWARE, WIFI_FEATURE_D2D_RTT, WIFI_FEATURE_D2AP_RTT, WIFI_FEATURE_PNO, WIFI_FEATURE_TDLS, WIFI_FEATURE_AP_STA, WIFI_FEATURE_LINK_LAYER_STATS, WIFI_FEATURE_RSSI_MONITOR, WIFI_FEATURE_MKEEP_ALIVE, WIFI_FEATURE_CONFIG_NDO, WIFI_FEATURE_CONTROL_ROAMING, WIFI_FEATURE_IE_WHITELIST, WIFI_FEATURE_SCAN_RAND, WIFI_FEATURE_TX_POWER_LIMIT, WIFI_FEATURE_WPA3_SAE, WIFI_FEATURE_WPA3_SUITE_B, WIFI_FEATURE_OWE, WIFI_FEATURE_LOW_LATENCY, WIFI_FEATURE_DPP, WIFI_FEATURE_P2P_RAND_MAC, WIFI_FEATURE_CONNECTED_RAND_MAC, WIFI_FEATURE_AP_RAND_MAC, WIFI_FEATURE_MBO, WIFI_FEATURE_OCE, WIFI_FEATURE_FILS_SHA256, WIFI_FEATURE_FILS_SHA384, WIFI_FEATURE_SAE_PK, WIFI_FEATURE_STA_BRIDGED_AP, WIFI_FEATURE_BRIDGED_AP, WIFI_FEATURE_ADDITIONAL_STA_LOCAL_ONLY, WIFI_FEATURE_ADDITIONAL_STA_MBB, WIFI_FEATURE_DPP_ENROLLEE_RESPONDER, WIFI_FEATURE_PASSPOINT_TERMS_AND_CONDITIONS, WIFI_FEATURE_SAE_H2E, WIFI_FEATURE_WFD_R2, WIFI_FEATURE_DECORATED_IDENTITY, WIFI_FEATURE_TRUST_ON_FIRST_USE, WIFI_FEATURE_SET_TLS_MINIMUM_VERSION, WIFI_FEATURE_TLS_V1_3, WIFI_FEATURE_DUAL_BAND_SIMULTANEOUS, WIFI_FEATURE_WEP, WIFI_FEATURE_WPA_PERSONAL]
03-11 01:23:06.213  1676  1762 I WifiService: getWifiActivityEnergyInfoAsync uid=1000
03-11 01:23:06.213  1044  1044 I WifiHAL : Creating message to get link statistics; iface = 47
03-11 01:23:06.311  1012  1012 E android.hardware.power.stats-service.pixel: Failed to read uid_time_in_state for attribution, return default EnergyConsumer
03-11 01:23:06.324   979  1150 I bthal.flowcontrol: HciEventPreProcess: HCI Event 0xe Opcode 0xfd59 Length 22 unhandled by ControllerActivityWatcher
03-11 01:23:06.420  2466  2661 D EuiccConnector: handleMessage: E msg.what=3
03-11 01:23:06.420  2466  2661 D EuiccConnector: processMsg: ConnectedState
03-11 01:23:06.422 22009 22009 I EuiccGoogle: [2] EuiccServiceImpl.onDestroy: onDestroy: EuiccService on destroy.
03-11 01:23:06.424  2466  2661 D EuiccConnector: transitionTo: destState=AvailableState
03-11 01:23:06.424  2466  2661 D EuiccConnector: handleMessage: new destination call exit/enter
03-11 01:23:06.424  2466  2661 D EuiccConnector: setupTempStateStackWithStatesToEnter: X mTempStateStackCount=2,curStateInfo: null
03-11 01:23:06.424  2466  2661 D EuiccConnector: invokeExitMethods: ConnectedState
03-11 01:23:06.424  2466  2661 D EuiccConnector: invokeExitMethods: DisconnectedState
03-11 01:23:06.424  2466  2661 D EuiccConnector: moveTempStackToStateStack: i=1,j=0
03-11 01:23:06.424  2466  2661 D EuiccConnector: moveTempStackToStateStack: i=0,j=1
03-11 01:23:06.424  2466  2661 D EuiccConnector: moveTempStackToStateStack: X mStateStackTop=1,startingIndex=0,Top=AvailableState
03-11 01:23:06.424  2466  2661 D EuiccConnector: invokeEnterMethods: UnavailableState
03-11 01:23:06.424  2466  2661 D EuiccConnector: invokeEnterMethods: AvailableState
03-11 01:23:06.424  2466  2661 D EuiccConnector: handleMessage: X
03-11 01:23:07.119 26597 26652 D Capacitor: Handling local request: https://localhost/api/vision/capture-requests
03-11 01:23:07.362 31410 27169 W jyah    : [{0}] Failed to resolve name. status={1}
03-11 01:23:07.844  7243  7346 D IwlanNetworkService[1]: : reg state REGISTRATION_STATE_NOT_REGISTERED_SEARCHING
03-11 01:23:08.018  1206  1248 D RILClient: [OemClient]IND: (clientId = 0, msgId = 3005, dataLength = 24, channel = 1)
03-11 01:23:08.019  1053  3275 D RILClient: [OemClient]IND: (clientId = 11, msgId = 3005, dataLength = 24, channel = 1)
03-11 01:23:08.020  2412  2412 I SHANNON_IMS: 1865 [NETW] #:PURP:# UNSOL {RILC_UNSOL_IMS_SUPPORT_SERVICE} : VoPS : 0  EMC : 0  SIM_IDX : 1  RAT : 14  REG_STATE : 0  CELL_ID : 21554454  LAC/TAC : 21508  PLMN :   (NetworkAdaptor$AdaptorChannel%onMessage:306)
03-11 01:23:08.020  2412  2412 I SHANNON_IMS: 1866 [CONN] #:ORNG:# supportService [VoPS : 0/ EMC : 0/ RAT_INFO : 14/ REG_STATE : 0/ CELL_ID : 21554454/ LAC-TAC Info : 21508/ PLMN : ]  [SLID:1 ] (ImsConnectivityMgr$RegistrationListener%supportService:2897)
03-11 01:23:08.020  2412  2412 I SHANNON_IMS: 1868 [CONN] update Cell Location Info, slotId: 1 [com.shannon.imsservice.conn.ImsConnectivityMgr$RegistrationListener@6804a73] (ImsConnectivityMgr$RegistrationListener%updateCellLocation:2988)
03-11 01:23:08.020  2412  2412 I SHANNON_IMS: 1869 [CONN] Ignore RAT_UNKNOWN or not connected [com.shannon.imsservice.conn.ImsConnectivityMgr$RegistrationListener@6804a73] (ImsConnectivityMgr$RegistrationListener%updateCellLocation:2991)
03-11 01:23:08.032  2466  2466 D NtnCapabilityResolver: Registered PLMN is empty, skip NTN capability resolution
03-11 01:23:08.032  2466  2466 D NtnCapabilityResolver: Registered PLMN is empty, skip NTN capability resolution
03-11 01:23:08.032  2466  2466 D SatelliteController: registerForSatelliteModemStateChanged: add Listeners for ModemState
03-11 01:23:08.032  2466  2466 E SatelliteController: registerForSatelliteModemStateChanged: mSatelliteSessionController is not initialized yet
03-11 01:23:08.032  2466  2466 E SatelliteController: unregisterForModemStateChanged: mSatelliteSessionController is not initialized yet
03-11 01:23:08.032  2466  2466 D SatelliteController: unregisterForModemStateChanged: remove Listeners for ModemState
03-11 01:23:08.168  1701  1717 I pixel-thermal: cellular-emergency:40.4281 raw data: VIRTUAL-NEUTRAL:40428.1 VIRTUAL-NEUTRAL-SKIN2:39859.8 VIRTUAL-QUIET-NEUTRAL:37192.7 VIRTUAL-SKIN:40428.1 cellular-emergency:40428.1 disp_therm:36180 gnss_tcxo_therm:42097 neutral_therm:38361 quiet_therm:36692 skin_therm1:42304 skin_therm2:43357 
03-11 01:23:08.168  1701  1717 I pixel-thermal: VIRTUAL-SKIN-CPU:40.4281 raw data: VIRTUAL-SKIN:40428.1 VIRTUAL-SKIN-CPU:40428.1 
03-11 01:23:08.168  1701  1717 I pixel-thermal: VIRTUAL-SKIN-CPU power_budget=1328.76 err=0.571896 s_power=800 time_elapsed_ms=7004 p=228.758 i=300 d=-0 dt_per_min=nan compensation=0 budget transient=0 control target=3 excluded power budget=0
03-11 01:23:08.168  1701  1717 I pixel-thermal: VIRTUAL-SKIN-CPU binded power rails: (S2M_VDD_CPUCL2: 20.29 mW)(S4M_VDD_CPUCL0: 459.21 mW)(S3M_VDD_CPUCL1: 737.57 mW)
03-11 01:23:08.168  1701  1717 I pixel-thermal: neutral_therm:38.361 raw data: neutral_therm:38361 
03-11 01:23:08.168  1701  1717 I pixel-thermal: VIRTUAL-SKIN:40.4281 raw data: VIRTUAL-SKIN:40428.1 
03-11 01:23:08.168  1701  1717 I pixel-thermal: VIRTUAL-SKIN-CPU-GPU:40.4281 raw data: VIRTUAL-SKIN:40428.1 VIRTUAL-SKIN-CPU-GPU:40428.1 
03-11 01:23:08.168  1701  1717 I pixel-thermal: VIRTUAL-SKIN-CPU-GPU power_budget=2171.57 err=4.5719 s_power=800 time_elapsed_ms=7004 p=1371.57 i=0 d=-0 dt_per_min=nan compensation=0 budget transient=0 control target=3 excluded power budget=0
03-11 01:23:08.168  1701  1717 I pixel-thermal: VIRTUAL-SKIN-CPU-GPU binded power rails: (S4M_VDD_CPUCL0: 459.21 mW)(S2M_VDD_CPUCL2: 20.29 mW)(S2S_VDD_G3D: 1.79 mW)(S3M_VDD_CPUCL1: 737.57 mW)
03-11 01:23:08.168  1701  1717 I pixel-thermal: VIRTUAL-SKIN-HINT:40.4281 raw data: VIRTUAL-SKIN:40428.1 VIRTUAL-SKIN-HINT:40428.1 
03-11 01:23:08.169  1701  1717 I pixel-thermal: VIRTUAL-SKIN-CHARGE:40.4281 raw data: VIRTUAL-SKIN:40428.1 VIRTUAL-SKIN-CHARGE:40428.1 
03-11 01:23:08.169  1701  1717 I pixel-thermal: VIRTUAL-SKIN-CHARGE's fcc binded power rail POWER_FOR_CHARGING_THROTTLING: power threshold = 500, avg power = 1615.52
03-11 01:23:08.169  1701  1717 I pixel-thermal: Successfully update cdev thermal-cpufreq-1 sysfs to 1
03-11 01:23:08.223  2412  2412 W SHANNON_IMS: 1877 [RULE] isLte: false isHomeSupported: false isRoamingSupported: false isImsPdnConnected: false [CellConnectivity VoPS:0 EMC:0 RAT:RAT_LTE  RSRP:-103 SLID:1 ] (CellConnectivity%isRegStateSupported:444)
03-11 01:23:08.223  2412  2412 W SHANNON_IMS: 1878 [RULE] VOC is NOT ready, isRegStateSupported() is false [CellConnectivity VoPS:0 EMC:0 RAT:RAT_LTE  RSRP:-103 SLID:1 ] (CellConnectivity%isVocReady:371)
03-11 01:23:08.226  2412  2412 W SHANNON_IMS: 1882 [RULE] WiFi connect: false, WiFi button: true (WiFiConnectivity%isWiFiEnabled:213)
03-11 01:23:08.228  2412  2412 W SHANNON_IMS: 1884 [RULE] VOC is NOT ready, isValidConnection() is false [WiFiConnectivity  STATE:falseSLID:1 ] (WiFiConnectivity%isVocReady:97)
03-11 01:23:08.747 26597 26652 D Capacitor: Handling local request: https://localhost/api/vision/capture-requests
03-11 01:23:08.983 26646 26676 E ashmem  : readlink(/proc/self/fd/77) failed: Operation not permitted
03-11 01:23:08.990 26597 26652 D Capacitor: Handling local request: https://localhost/brand/favicons/favicon-16x16.png
03-11 01:23:08.992 26597 26656 D Capacitor: Handling local request: https://localhost/brand/favicons/favicon-32x32.png
03-11 01:23:08.995 26597 26652 D Capacitor: Handling local request: https://localhost/brand/favicons/favicon.ico
03-11 01:23:08.995 26597 26656 D Capacitor: Handling local request: https://localhost/brand/favicons/favicon.svg
03-11 01:23:09.004 26646 26676 E ashmem  : readlink(/proc/self/fd/77) failed: Operation not permitted
03-11 01:23:09.114 26597 26597 I Capacitor/Console: File:  - Line 349 - Msg: [object Object]
03-11 01:23:09.114 26597 26597 I Capacitor/Console: File:  - Line 349 - Msg: [object Object]
03-11 01:23:09.115 26597 26597 V Capacitor/Plugin: To native (Capacitor plugin): callbackId: 89001135, pluginId: Preferences, methodName: set
03-11 01:23:09.115 26597 26597 V Capacitor: callback: 89001135, pluginId: Preferences, methodName: set, methodData: {"key":"eliza:mobile-runtime-mode","value":"remote"}
03-11 01:23:09.116 26597 26597 V Capacitor/Plugin: To native (Capacitor plugin): callbackId: 89001136, pluginId: Preferences, methodName: set
03-11 01:23:09.116 26597 26597 V Capacitor: callback: 89001136, pluginId: Preferences, methodName: set, methodData: {"key":"elizaos:active-server","value":"{\"id\":\"remote:host\",\"kind\":\"remote\",\"label\":\"Host agent\",\"apiBase\":\"http:\/\/127.0.0.1:31337\"}"}
03-11 01:23:09.120 26597 26597 I Capacitor/Console: File:  - Line 333 - Msg: undefined
03-11 01:23:09.131 26597 26597 I Capacitor/Console: File:  - Line 333 - Msg: undefined
03-11 01:23:09.168 26597 26652 D Capacitor: Handling local request: https://localhost/api/apps/runs
03-11 01:23:09.224  2412 27338 W SHANNON_IMS: 1893 [RULE] isLte: false isHomeSupported: false isRoamingSupported: false isImsPdnConnected: false [CellConnectivity VoPS:0 EMC:0 RAT:RAT_LTE  RSRP:-103 SLID:1 ] (CellConnectivity%isRegStateSupported:444)
03-11 01:23:09.224  2412 27338 W SHANNON_IMS: 1894 [RULE] VOC is NOT ready, isRegStateSupported() is false [CellConnectivity VoPS:0 EMC:0 RAT:RAT_LTE  RSRP:-103 SLID:1 ] (CellConnectivity%isVocReady:371)
03-11 01:23:09.231  2412 27338 W SHANNON_IMS: 1898 [RULE] WiFi connect: false, WiFi button: true (WiFiConnectivity%isWiFiEnabled:213)
03-11 01:23:09.232  2412 27338 W SHANNON_IMS: 1900 [RULE] VOC is NOT ready, isValidConnection() is false [WiFiConnectivity  STATE:falseSLID:1 ] (WiFiConnectivity%isVocReady:97)
03-11 01:23:09.337  2086  2086 I LegacyActivityStarterInternalImpl: Invoking dismissKeyguardThenExecute, afterKeyguardGone: false
03-11 01:23:09.337  2086  2086 I PrimaryBouncerInteractor: Show primary bouncer requested, reason: StatusBarKeyguardViewManager#dismissWithAction
03-11 01:23:09.338  2086  2086 D KeyguardViewMediator: KeyguardViewMediator queue processing message: DISMISS
03-11 01:23:09.350 26597 26652 D Capacitor: Handling local request: https://localhost/api/computer-use/approvals
03-11 01:23:09.365  3648 16922 I MediaProvider: Deleted 0 0 0 1 0 0 0 items on external_primary due to com.android.shell
03-11 01:23:09.373 31410 31754 W DeviceStateUtils: Active network is null
03-11 01:23:09.373 31410 31754 W DeviceStateUtils: Active network is null
03-11 01:23:09.373 31410 31754 W DeviceStateUtils: Active network is null
03-11 01:23:09.374 31410 31754 W DeviceStateUtils: Active network is null
03-11 01:23:09.374 31410 31754 W DeviceStateUtils: Active network is null
03-11 01:23:09.386  3648  3859 D WM-SystemJobScheduler: Scheduling work ID ac89f840-cc21-4176-9129-124c1ece95a0Job ID 16531
03-11 01:23:09.390  3648  3859 D WM-GreedyScheduler: Ignoring {WorkSpec: cc1684aa-7f48-4e6e-8ca4-73128af30452}. Requires device idle.
03-11 01:23:09.390  3648  3859 D WM-GreedyScheduler: Ignoring {WorkSpec: 18a44a8b-8fb5-4230-a459-3bf39d09b321}. Requires device idle.
03-11 01:23:09.452  3648 16922 W MediaProvider: isAppCloneUserPair for user 0: false
03-11 01:23:09.455 31410 31754 I UriTaskContentObserver: (REDACTED) Throttling content uri change event for %s
03-11 01:23:09.459 27363 27363 D MediaCodecList: codecHandlesFormat: no format, so no extra checks
03-11 01:23:09.459 27363 27363 D MediaCodecList: codecHandlesFormat: no format, so no extra checks
03-11 01:23:09.461 27363 27368 D CCodec  : allocate(c2.exynos.h264.encoder)
03-11 01:23:09.463 27363 27368 I ApexCodecsLazy: ApexCodecs loaded
03-11 01:23:09.463 27363 27368 I Codec2Client: Available Codec2 services: "default" "default1" "software" "__ApexCodecs__"
03-11 01:23:09.464 27363 27368 I CCodec  : setting up 'default' as default (vendor) store
03-11 01:23:09.466  1032  1127 W ColorUtils: expected specified color aspects (0:0:0:0)
03-11 01:23:09.466  1032  1127 I samsung.hardware.media.c2@1.2-service: missing struct descriptor #Param::CoreIndex(--004) for field values of struct #Param::CoreIndex(F-12004)
03-11 01:23:09.466  1032  1127 I samsung.hardware.media.c2@1.2-service: missing struct descriptor #Param::CoreIndex(--1812) for field values of struct #Param::CoreIndex(F-11812)
03-11 01:23:09.469 27363 27368 I CCodec  : Created component [c2.exynos.h264.encoder] for [c2.exynos.h264.encoder]
03-11 01:23:09.469 27363 27368 D CCodecConfig: read media type: video/avc
03-11 01:23:09.470 27363 27368 D ReflectedParamUpdater: extent() != 1 for single value type: output.subscribed-indices.values
03-11 01:23:09.470 27363 27368 D ReflectedParamUpdater: extent() != 1 for single value type: input.buffers.allocator-ids.values
03-11 01:23:09.470 27363 27368 D ReflectedParamUpdater: extent() != 1 for single value type: output.buffers.allocator-ids.values
03-11 01:23:09.470 27363 27368 D ReflectedParamUpdater: extent() != 1 for single value type: output.buffers.pool-ids.values
03-11 01:23:09.472 27363 27368 D ReflectedParamUpdater: ignored struct field coding.qp.values
03-11 01:23:09.473 27363 27368 D ReflectedParamUpdater: ignored struct field coding.gop.values
03-11 01:23:09.474 27363 27368 D CCodecConfig: ignoring local param raw.color (0xc2001809) as it is already supported
03-11 01:23:09.475 27363 27368 I CCodecConfig: query failed after returning 21 values (BAD_INDEX)
03-11 01:23:09.475 27363 27368 D CCodecConfig: c2 config diff is Dict {
03-11 01:23:09.475 27363 27368 D CCodecConfig:   c2::u32 algo.bitrate-mode.value = 3
03-11 01:23:09.475 27363 27368 D CCodecConfig:   c2::u32 algo.encoding-quality-level.value = 0
03-11 01:23:09.475 27363 27368 D CCodecConfig:   c2::i32 algo.priority.value = 0
03-11 01:23:09.475 27363 27368 D CCodecConfig:   c2::float algo.rate.value = 0
03-11 01:23:09.475 27363 27368 D CCodecConfig:   c2::i32 coded.average-qp.value = 0
03-11 01:23:09.475 27363 27368 D CCodecConfig:   c2::u32 coded.bitrate-mode.value = 1
03-11 01:23:09.475 27363 27368 D CCodecConfig:   c2::u32 coded.bitrate.value = 64000
03-11 01:23:09.475 27363 27368 D CCodecConfig:   c2::float coded.frame-rate.value = 15
03-11 01:23:09.475 27363 27368 D CCodecConfig:   c2::u32 coded.hdr-format.value = 0
03-11 01:23:09.475 27363 27368 D CCodecConfig:   c2::u32 coded.picture-type.value = 0
03-11 01:23:09.475 27363 27368 D CCodecConfig:   c2::u32 coded.pl.level = 20480
03-11 01:23:09.475 27363 27368 D CCodecConfig:   c2::u32 coded.pl.profile = 20484
03-11 01:23:09.475 27363 27368 D CCodecConfig:   c2::u32 coding.intra-refresh.mode = 0
03-11 01:23:09.475 27363 27368 D CCodecConfig:   c2::float coding.intra-refresh.period = 0
03-11 01:23:09.475 27363 27368 D CCodecConfig:   c2::u32 coding.request-sync-frame.value = 0
03-11 01:23:09.475 27363 27368 D CCodecConfig:   c2::i64 coding.sync-frame-interval.value = 1000000
03-11 01:23:09.475 27363 27368 D CCodecConfig:   Buffer coding.temporal-layering = {
03-11 01:23:09.475 27363 27368 D CCodecConfig:     00000000:  10 00 00 00 07 20 01 52  00 00 00 00 00 00 00 00  ..... .R........
03-11 01:23:09.475 27363 27368 D CCodecConfig:   }
03-11 01:23:09.475 27363 27368 D CCodecConfig:   c2::u32 input.delay.value = 0
03-11 01:23:09.475 27363 27368 D CCodecConfig:   string input.media-type.value = "video/raw"
03-11 01:23:09.475 27363 27368 D CCodecConfig:   c2::u32 output.buffers.prepend-header.value = 0
03-11 01:23:09.475 27363 27368 D CCodecConfig:   string output.media-type.value = "video/avc"
03-11 01:23:09.475 27363 27368 D CCodecConfig:   c2::u32 raw.color.matrix = 0
03-11 01:23:09.475 27363 27368 D CCodecConfig:   c2::u32 raw.color.primaries = 0
03-11 01:23:09.475 27363 27368 D CCodecConfig:  
03-11 01:23:09.476 27363 27363 I MediaCodec: media_quality service unavailable, skipping updatePictureProfile
03-11 01:23:09.478 27363 27363 D CodecSeeding: Seed: codec c2.exynos.h264.encoder, mediatype video/avc, overrideable 1
03-11 01:23:09.478 27363 27363 D CodecProperties: setTuningValue(vq-target-bpp,0)
03-11 01:23:09.478 27363 27363 D CodecProperties: setTuningValue(vq-target-bpp-1080p,1.90)
03-11 01:23:09.478 27363 27363 D CodecProperties: setTuningValue(vq-target-bpp-720p,2.25)
03-11 01:23:09.478 27363 27363 D CodecProperties: setTuningValue(vq-target-bpp-540p,2.65)
03-11 01:23:09.478 27363 27363 D CodecProperties: setTuningValue(vq-target-bpp-480p,3.00)
03-11 01:23:09.478 27363 27363 D CodecProperties: setTuningValue(vq-target-bpp-320x240,0)
03-11 01:23:09.478 27363 27363 D CodecProperties: setTuningValue(vq-target-qpmax,-1)
03-11 01:23:09.478 27363 27363 D CodecProperties: setTuningValue(vq-target-qpmax-1080p,45)
03-11 01:23:09.478 27363 27363 D CodecProperties: setTuningValue(vq-target-qpmax-720p,43)
03-11 01:23:09.478 27363 27363 D CodecProperties: setTuningValue(vq-target-qpmax-540p,42)
03-11 01:23:09.478 27363 27363 D CodecProperties: setTuningValue(vq-target-qpmax-480p,38)
03-11 01:23:09.478 27363 27363 D CodecProperties: setTuningValue(vq-bitrate-phaseout,1.75)
03-11 01:23:09.478 27363 27363 D CodecProperties: setTuningValue(vq-boost-missing-qp,0.20)
