--------- beginning of main
03-11 01:22:09.330 26597 26597 E Capacitor/Console: File: https://localhost/ - Line 0 - Msg: EventSource's response has a MIME type ("text/html") that is not "text/event-stream". Aborting the connection.
03-11 01:22:09.331 26597 26656 E Capacitor: Unable to resolve host "ipapi.co": No address associated with hostname
03-11 01:22:09.339 26597 26656 D Capacitor: Handling local request: https://localhost/api/local-inference/hub
03-11 01:22:09.342 26597 26652 D Capacitor: Handling local request: https://localhost/api/catalog/apps
03-11 01:22:09.342 26597 26656 D Capacitor: Handling local request: https://localhost/api/custom-actions
03-11 01:22:09.347 26597 26597 E Capacitor/Console: File: https://localhost/ - Line 0 - Msg: EventSource's response has a MIME type ("text/html") that is not "text/event-stream". Aborting the connection.
03-11 01:22:09.349 26597 26652 D Capacitor: Handling local request: https://localhost/api/local-inference/downloads/stream
03-11 01:22:09.359 26597 26597 E Capacitor/Console: File: https://localhost/ - Line 0 - Msg: EventSource's response has a MIME type ("text/html") that is not "text/event-stream". Aborting the connection.
--------- beginning of system
03-11 01:22:09.500  1676  2043 D BackgroundInstallControlService: Package event received: 0
03-11 01:22:09.501  1676  2889 V GrammaticalInflectionUtils: AttributionSource: android.content.AttributionSource@cddb2242 does not have READ_SYSTEM_GRAMMATICAL_GENDER permission.
03-11 01:22:09.501  1676  2889 D CompatChangeReporter: Compat change id reported: 441041342; UID 10151; state: ENABLED
03-11 01:22:09.504  1676  2043 D BackgroundInstallControlService: Package event received: 0
03-11 01:22:09.519   959   959 D Zygote  : Forked child process 26814
03-11 01:22:09.519  1676  1753 I ActivityManager: Start proc 26814:com.google.android.webview:webview_service/u0a151 for service {com.google.android.webview/org.chromium.android_webview.services.VariationsSeedServer}
03-11 01:22:09.536 26814 26814 I Zygote  : Process 26814 created for com.google.android.webview:webview_service
03-11 01:22:09.536 26814 26814 I webview_service: Using CollectorTypeCMC GC.
03-11 01:22:09.542 26814 26814 D nativeloader: Load libframework-connectivity-tiramisu-jni.so using APEX ns com_android_tethering for caller /apex/com.android.tethering/javalib/framework-connectivity-t.jar: ok
03-11 01:22:09.549 26814 26814 I ActivityThread: Relaunch all activities: onCoreSettingsChange
03-11 01:22:09.553 26814 26814 D ApplicationLoaders: Returning zygote-cached class loader: /system/framework/android.test.base.jar
03-11 01:22:09.553 26814 26814 D ApplicationLoaders: Returning zygote-cached class loader: /system_ext/framework/androidx.window.extensions.jar
03-11 01:22:09.558 26814 26814 D nativeloader: Configuring clns-9 for other apk /data/app/~~DazWWuxZRDR_-hDCmx8OZQ==/com.google.android.webview-fNhnmz95RY9YtYpwMxGS1w==/base.apk. target_sdk_version=36, uses_libraries=, library_path=/data/app/~~DazWWuxZRDR_-hDCmx8OZQ==/com.google.android.webview-fNhnmz95RY9YtYpwMxGS1w==/lib/arm64:/data/app/~~DazWWuxZRDR_-hDCmx8OZQ==/com.google.android.webview-fNhnmz95RY9YtYpwMxGS1w==/base.apk!/lib/arm64-v8a, permitted_path=/data:/mnt/expand:/data/user/0/com.google.android.webview
03-11 01:22:09.563 26814 26814 V GraphicsEnvironment: Currently set values for:
03-11 01:22:09.563 26814 26814 V GraphicsEnvironment:   angle_gl_driver_selection_pkgs=[com.android.angle]
03-11 01:22:09.563 26814 26814 V GraphicsEnvironment:   angle_gl_driver_selection_values=[angle]
03-11 01:22:09.563 26814 26814 V GraphicsEnvironment: com.google.android.webview is not listed in per-application setting
03-11 01:22:09.563 26814 26814 V GraphicsEnvironment: No special selections for ANGLE, returning default driver choice
03-11 01:22:09.563 26814 26814 V GraphicsEnvironment: Neither updatable production driver nor prerelease driver is supported.
03-11 01:22:09.565 26814 26814 I cr_WebViewApkApp: version=148.0.7778.120 (777812003) minSdkVersion=29 processName=com.google.android.webview:webview_service splits=<none>
03-11 01:22:09.587  7221  8616 I esrh    : (REDACTED) HDM. appOpsListener %s %s
03-11 01:22:09.587  7221  8616 I esrh    : (REDACTED) HDM. Ignoring irrelevant audio permission changes for package %s
03-11 01:22:10.123 26597 26652 D Capacitor: Handling local request: https://localhost/api/vision/capture-requests
03-11 01:22:10.788 26800 26800 W libeliza_ld_mus: type=1400 audit(0.0:8269): avc:  denied  { ioctl } for  path="/data/data/ai.elizaos.app/files/agent/agent.log" dev="dm-65" ino=2144072 ioctlcmd=0x5413 scontext=u:r:untrusted_app:s0:c144,c256,c512,c768 tcontext=u:object_r:app_data_file:s0:c144,c256,c512,c768 tclass=file permissive=0 app=ai.elizaos.app
03-11 01:22:10.792 26800 26800 W libeliza_ld_mus: type=1400 audit(0.0:8270): avc:  denied  { ioctl } for  path="/data/data/ai.elizaos.app/files/agent/agent.log" dev="dm-65" ino=2144072 ioctlcmd=0x5413 scontext=u:r:untrusted_app:s0:c144,c256,c512,c768 tcontext=u:object_r:app_data_file:s0:c144,c256,c512,c768 tclass=file permissive=0 app=ai.elizaos.app
03-11 01:22:11.748 26800 26800 W libeliza_ld_mus: type=1400 audit(0.0:8271): avc:  denied  { ioctl } for  path="/data/data/ai.elizaos.app/files/agent/agent.log" dev="dm-65" ino=2144072 ioctlcmd=0x5413 scontext=u:r:untrusted_app:s0:c144,c256,c512,c768 tcontext=u:object_r:app_data_file:s0:c144,c256,c512,c768 tclass=file permissive=0 app=ai.elizaos.app
03-11 01:22:11.752 26800 26800 W libeliza_ld_mus: type=1400 audit(0.0:8272): avc:  denied  { ioctl } for  path="/data/data/ai.elizaos.app/files/agent/agent.log" dev="dm-65" ino=2144072 ioctlcmd=0x5413 scontext=u:r:untrusted_app:s0:c144,c256,c512,c768 tcontext=u:object_r:app_data_file:s0:c144,c256,c512,c768 tclass=file permissive=0 app=ai.elizaos.app
03-11 01:22:11.799  7221  8616 I esrh    : (REDACTED) HDM. appOpsListener %s %s
03-11 01:22:11.800  7221  8616 I esrh    : (REDACTED) HDM. Ignoring irrelevant audio permission changes for package %s
03-11 01:22:12.105  1701  1717 I pixel-thermal: cellular-emergency:40.3514 raw data: VIRTUAL-NEUTRAL:40351.4 VIRTUAL-NEUTRAL-SKIN2:39871.5 VIRTUAL-QUIET-NEUTRAL:37159.4 VIRTUAL-SKIN:40351.4 cellular-emergency:40351.4 disp_therm:36224 gnss_tcxo_therm:41731 neutral_therm:38250 quiet_therm:36692 skin_therm1:42235 skin_therm2:43655 
03-11 01:22:12.105  1701  1717 I pixel-thermal: VIRTUAL-SKIN-CPU:40.3514 raw data: VIRTUAL-SKIN:40351.4 VIRTUAL-SKIN-CPU:40351.4 
03-11 01:22:12.106  1701  1717 I pixel-thermal: VIRTUAL-SKIN-CPU power_budget=1359.46 err=0.648647 s_power=800 time_elapsed_ms=7008 p=259.459 i=300 d=-0 dt_per_min=nan compensation=0 budget transient=0 control target=3 excluded power budget=0
03-11 01:22:12.106  1701  1717 I pixel-thermal: VIRTUAL-SKIN-CPU binded power rails: (S2M_VDD_CPUCL2: 364.93 mW)(S4M_VDD_CPUCL0: 794.68 mW)(S3M_VDD_CPUCL1: 870.81 mW)
03-11 01:22:12.106  1701  1717 I pixel-thermal: neutral_therm:38.25 raw data: neutral_therm:38250 
03-11 01:22:12.106  1701  1717 I pixel-thermal: VIRTUAL-SKIN:40.3514 raw data: VIRTUAL-SKIN:40351.4 
03-11 01:22:12.106  1701  1717 I pixel-thermal: VIRTUAL-SKIN-CPU-GPU:40.3514 raw data: VIRTUAL-SKIN:40351.4 VIRTUAL-SKIN-CPU-GPU:40351.4 
03-11 01:22:12.106  1701  1717 I pixel-thermal: VIRTUAL-SKIN-CPU-GPU power_budget=2194.59 err=4.64865 s_power=800 time_elapsed_ms=7008 p=1394.59 i=0 d=-0 dt_per_min=nan compensation=0 budget transient=0 control target=3 excluded power budget=0
03-11 01:22:12.106  1701  1717 I pixel-thermal: VIRTUAL-SKIN-CPU-GPU binded power rails: (S2M_VDD_CPUCL2: 364.93 mW)(S2S_VDD_G3D: 6.21 mW)(S4M_VDD_CPUCL0: 794.68 mW)(S3M_VDD_CPUCL1: 870.81 mW)
03-11 01:22:12.106  1701  1717 I pixel-thermal: VIRTUAL-SKIN-HINT:40.3514 raw data: VIRTUAL-SKIN:40351.4 VIRTUAL-SKIN-HINT:40351.4 
03-11 01:22:12.106  1701  1717 I pixel-thermal: VIRTUAL-SKIN-CHARGE:40.3514 raw data: VIRTUAL-SKIN:40351.4 VIRTUAL-SKIN-CHARGE:40351.4 
03-11 01:22:12.106  1701  1717 I pixel-thermal: VIRTUAL-SKIN-CHARGE's fcc binded power rail POWER_FOR_CHARGING_THROTTLING: power threshold = 500, avg power = 2546.01
03-11 01:22:12.106  1701  1717 I pixel-thermal: Successfully update cdev thermal-cpufreq-1 sysfs to 1
03-11 01:22:12.106  1701  1717 I pixel-thermal: Successfully update cdev thermal-cpufreq-0 sysfs to 1
03-11 01:22:12.122 26597 26652 D Capacitor: Handling local request: https://localhost/api/vision/capture-requests
03-11 01:22:12.414  1012  1012 E android.hardware.power.stats-service.pixel: Failed to read uid_time_in_state for attribution, return default EnergyConsumer
03-11 01:22:13.122 26597 26652 D Capacitor: Handling local request: https://localhost/api/vision/capture-requests
03-11 01:22:13.164 26597 26880 D ProfileInstaller: Installing profile for ai.elizaos.app
03-11 01:22:13.511  7221  8616 I esrh    : (REDACTED) HDM. appOpsListener %s %s
03-11 01:22:13.511  7221  8616 I esrh    : (REDACTED) HDM. Ignoring irrelevant audio permission changes for package %s
03-11 01:22:13.591  1676  1980 D InetDiagMessage: Destroyed 0 sockets, proto=IPPROTO_TCP, family=AF_INET, states=14
03-11 01:22:13.592  1676  1980 D InetDiagMessage: Destroyed 0 sockets, proto=IPPROTO_TCP, family=AF_INET6, states=14
03-11 01:22:13.592  1676  1980 D InetDiagMessage: Destroyed live tcp sockets for uids={10152} in 2ms
03-11 01:22:13.593  1676  1980 D InetDiagMessage: Destroyed 0 sockets, proto=IPPROTO_TCP, family=AF_INET, states=14
03-11 01:22:13.594  1676  1980 D InetDiagMessage: Destroyed 0 sockets, proto=IPPROTO_TCP, family=AF_INET6, states=14
03-11 01:22:13.594  1676  1980 D InetDiagMessage: Destroyed live tcp sockets for uids={20152} in 2ms
03-11 01:22:14.590  1676  1980 D InetDiagMessage: Destroyed 0 sockets, proto=IPPROTO_TCP, family=AF_INET, states=14
03-11 01:22:14.590  1676  1980 D InetDiagMessage: Destroyed 0 sockets, proto=IPPROTO_TCP, family=AF_INET6, states=14
03-11 01:22:14.590  1676  1980 D InetDiagMessage: Destroyed live tcp sockets for uids={10151} in 1ms
03-11 01:22:14.591  1676  1980 D InetDiagMessage: Destroyed 0 sockets, proto=IPPROTO_TCP, family=AF_INET, states=14
03-11 01:22:14.592  1676  1980 D InetDiagMessage: Destroyed 0 sockets, proto=IPPROTO_TCP, family=AF_INET6, states=14
03-11 01:22:14.592  1676  1980 D InetDiagMessage: Destroyed live tcp sockets for uids={20151} in 2ms
03-11 01:22:15.122 26597 26652 D Capacitor: Handling local request: https://localhost/api/apps/runs
03-11 01:22:15.123 26597 26652 D Capacitor: Handling local request: https://localhost/api/vision/capture-requests
03-11 01:22:15.868  2277  3422 D TemperatureStateSource: sequence=8787 actualDelay=10000
03-11 01:22:15.868  2277  3422 D TemperatureStateSource: Reading temperature: sequence=8788
03-11 01:22:15.870  1701  1701 I pixel-thermal: VIRTUAL-SKIN:40.5533 raw data: VIRTUAL-NEUTRAL:40553.2 VIRTUAL-NEUTRAL-SKIN2:40041.3 VIRTUAL-QUIET-NEUTRAL:37147.7 VIRTUAL-SKIN:40553.2 disp_therm:36202 gnss_tcxo_therm:42029 neutral_therm:38316 quiet_therm:36647 skin_therm1:42533 skin_therm2:44067 
03-11 01:22:15.870  2277  3422 D TemperatureStateSource: getDeviceTemperatures: sequence=8788 deviceTemperatureType=3 temperatureSource=0 temperatures=[40.553253]
03-11 01:22:15.870  2277  3422 D BusinessScope: Enqueuing the block
03-11 01:22:15.870  2277  3422 D TemperatureStateSource: sequence=8788 waitTime=10000
03-11 01:22:15.870  2277  3422 D BusinessScope: Start running the #17704 block
03-11 01:22:15.872  1701  1701 I pixel-thermal: VIRTUAL-SKIN:40.5533 raw data: VIRTUAL-SKIN:40553.2 
03-11 01:22:15.872  2277  3422 I TemperatureStateSource: temperature was set
03-11 01:22:15.872  2277  3422 D BusinessScope: Enqueuing the block
03-11 01:22:15.872  2277  3422 D ImpulseStateSource: Notify clients: 8849
03-11 01:22:15.872  2277  3422 D BusinessScope: Finish running the #17704 block
03-11 01:22:15.872  2277  3422 D BusinessScope: Start running the #17705 block
03-11 01:22:15.872  2277  3422 D ImpulseConnection: bindService: com.google.android.apps.turbo
03-11 01:22:15.875  1676  2043 D BackgroundInstallControlService: Package event received: 0
03-11 01:22:15.875  1676  5176 D ActivityManager: sync unfroze 471 com.google.android.apps.turbo for 6
03-11 01:22:15.878  1676  2043 D BackgroundInstallControlService: Package event received: 0
03-11 01:22:15.879  2277  2277 D ImpulseConnection: onServiceConnected: ComponentInfo{com.google.android.apps.turbo/com.google.android.apps.turbo.adaptiveplatform.impulse.ImpulseClientService} service is null false
03-11 01:22:15.880  2277  2530 D BusinessScope: Finish running the #17705 block
03-11 01:22:15.886   471 26906 W Turbo.DeviceHealthLeversManagerImpl: applyLeversWithMaintenanceWindow: ignore the same request
03-11 01:22:16.122 26597 26652 D Capacitor: Handling local request: https://localhost/api/vision/capture-requests
03-11 01:22:18.120 26597 26652 D Capacitor: Handling local request: https://localhost/api/vision/capture-requests
03-11 01:22:18.270 26597 26602 W ai.elizaos.app: userfaultfd: MOVE ioctl seems unsupported: Connection timed out
03-11 01:22:18.286 26597 26602 I ai.elizaos.app: Background concurrent mark compact GC freed 18MB AllocSpace bytes, 58(2564KB) LOS objects, 82% free, 5346KB/29MB, paused 557us,3.392ms total 165.065ms
03-11 01:22:18.601  1676  1922 D ActivityManager: freezing 22578 com.android.chrome
03-11 01:22:18.603  1676  1980 D InetDiagMessage: Destroyed 0 sockets, proto=IPPROTO_TCP, family=AF_INET, states=14
03-11 01:22:18.603  1676  1980 D InetDiagMessage: Destroyed 0 sockets, proto=IPPROTO_TCP, family=AF_INET6, states=14
03-11 01:22:18.603  1676  1980 D InetDiagMessage: Destroyed live tcp sockets for uids={10152} in 1ms
03-11 01:22:18.689  1676  1922 D ActivityManager: freezing 26749 com.google.android.apps.photos:mediametadataservice
03-11 01:22:19.117  1701  1717 I pixel-thermal: cellular-emergency:40.5533 raw data: VIRTUAL-NEUTRAL:40553.2 VIRTUAL-NEUTRAL-SKIN2:40041.3 VIRTUAL-QUIET-NEUTRAL:37147.7 VIRTUAL-SKIN:40553.2 cellular-emergency:40553.2 disp_therm:36202 gnss_tcxo_therm:42029 neutral_therm:38316 quiet_therm:36647 skin_therm1:42533 skin_therm2:44067 
03-11 01:22:19.117  1701  1717 I pixel-thermal: VIRTUAL-SKIN-CPU:40.5533 raw data: VIRTUAL-SKIN:40553.2 VIRTUAL-SKIN-CPU:40553.2 
03-11 01:22:19.117  1701  1717 I pixel-thermal: VIRTUAL-SKIN-CPU power_budget=1278.7 err=0.446747 s_power=800 time_elapsed_ms=7012 p=178.699 i=300 d=-0 dt_per_min=nan compensation=0 budget transient=0 control target=3 excluded power budget=0
03-11 01:22:19.117  1701  1717 I pixel-thermal: VIRTUAL-SKIN-CPU binded power rails: (S2M_VDD_CPUCL2: 26.14 mW)(S4M_VDD_CPUCL0: 599.16 mW)(S3M_VDD_CPUCL1: 679.21 mW)
03-11 01:22:19.117  1701  1717 I pixel-thermal: neutral_therm:38.316 raw data: neutral_therm:38316 
03-11 01:22:19.117  1701  1717 I pixel-thermal: VIRTUAL-SKIN:40.5533 raw data: VIRTUAL-SKIN:40553.2 
03-11 01:22:19.117  1701  1717 I pixel-thermal: VIRTUAL-SKIN-CPU-GPU:40.5533 raw data: VIRTUAL-SKIN:40553.2 VIRTUAL-SKIN-CPU-GPU:40553.2 
03-11 01:22:19.117  1701  1717 I pixel-thermal: VIRTUAL-SKIN-CPU-GPU power_budget=2134.02 err=4.44675 s_power=800 time_elapsed_ms=7012 p=1334.02 i=0 d=-0 dt_per_min=nan compensation=0 budget transient=0 control target=3 excluded power budget=0
03-11 01:22:19.117  1701  1717 I pixel-thermal: VIRTUAL-SKIN-CPU-GPU binded power rails: (S2M_VDD_CPUCL2: 26.14 mW)(S2S_VDD_G3D: 1.71 mW)(S4M_VDD_CPUCL0: 599.16 mW)(S3M_VDD_CPUCL1: 679.21 mW)
03-11 01:22:19.117  1701  1717 I pixel-thermal: VIRTUAL-SKIN-HINT:40.5533 raw data: VIRTUAL-SKIN:40553.2 VIRTUAL-SKIN-HINT:40553.2 
03-11 01:22:19.117  1701  1717 I pixel-thermal: VIRTUAL-SKIN-CHARGE:40.5533 raw data: VIRTUAL-SKIN:40553.2 VIRTUAL-SKIN-CHARGE:40553.2 
03-11 01:22:19.117  1701  1717 I pixel-thermal: VIRTUAL-SKIN-CHARGE's fcc binded power rail POWER_FOR_CHARGING_THROTTLING: power threshold = 500, avg power = 1674.72
03-11 01:22:19.117  1701  1717 I pixel-thermal: Successfully update cdev thermal-cpufreq-1 sysfs to 2
03-11 01:22:19.120 26597 26652 D Capacitor: Handling local request: https://localhost/api/vision/capture-requests
03-11 01:22:19.589  1676  1922 D ActivityManager: freezing 26814 com.google.android.webview:webview_service
03-11 01:22:19.591  1676  1980 D InetDiagMessage: Destroyed 0 sockets, proto=IPPROTO_TCP, family=AF_INET, states=14
03-11 01:22:19.592  1676  1980 D InetDiagMessage: Destroyed 0 sockets, proto=IPPROTO_TCP, family=AF_INET6, states=14
03-11 01:22:19.592  1676  1980 D InetDiagMessage: Destroyed live tcp sockets for uids={10151} in 1ms
03-11 01:22:20.122 26597 26652 D Capacitor: Handling local request: https://localhost/api/apps/runs
03-11 01:22:21.120 26597 26652 D Capacitor: Handling local request: https://localhost/api/vision/capture-requests
03-11 01:22:21.798  1676  1759 D CompatChangeReporter: Compat change id reported: 313677553; UID 10144; state: ENABLED
03-11 01:22:21.798  1676  1759 W ProcessStats: Tracking association SourceState{57b9c3e ai.elizaos.app/10144 Fgs #135378} whose proc state 3 is better than process ProcessState{49294d5 com.google.android.gms/10141 pkg=com.google.android.gms} proc state 14 (38 skipped)
03-11 01:22:22.120 26597 26652 D Capacitor: Handling local request: https://localhost/api/vision/capture-requests
03-11 01:22:22.757 21736 21736 D BoundBrokerSvc: onUnbind: Intent { act=com.google.android.gms.safetynet.service.START xflg=0x4 pkg=com.google.android.gms }
03-11 01:22:22.758 21736 21736 D BoundBrokerSvc: onUnbind: Intent { act=com.google.android.gms.safebrowsing.SafeBrowsingService.START dat=chimera-action:/... xflg=0x4 cmp=com.google.android.gms/.chimera.GmsBoundBrokerService }
03-11 01:22:23.799  1676  1980 D InetDiagMessage: Destroyed 0 sockets, proto=IPPROTO_TCP, family=AF_INET, states=14
03-11 01:22:23.799  1676  1980 D InetDiagMessage: Destroyed 0 sockets, proto=IPPROTO_TCP, family=AF_INET6, states=14
03-11 01:22:23.799  1676  1980 D InetDiagMessage: Destroyed live tcp sockets for uids={10184} in 1ms
03-11 01:22:23.800  1676  1980 D InetDiagMessage: Destroyed 0 sockets, proto=IPPROTO_TCP, family=AF_INET, states=14
03-11 01:22:23.801  1676  1980 D InetDiagMessage: Destroyed 0 sockets, proto=IPPROTO_TCP, family=AF_INET6, states=14
03-11 01:22:23.801  1676  1980 D InetDiagMessage: Destroyed live tcp sockets for uids={20184} in 2ms
03-11 01:22:24.121 26597 26652 D Capacitor: Handling local request: https://localhost/api/vision/capture-requests
03-11 01:22:25.120 26597 26652 D Capacitor: Handling local request: https://localhost/api/apps/runs
03-11 01:22:25.125 26597 26652 D Capacitor: Handling local request: https://localhost/api/vision/capture-requests
03-11 01:22:25.871  2277  2530 D TemperatureStateSource: sequence=8788 actualDelay=10001
03-11 01:22:25.871  2277  2530 D TemperatureStateSource: Reading temperature: sequence=8789
03-11 01:22:25.872  1701  1701 I pixel-thermal: VIRTUAL-SKIN:40.6134 raw data: VIRTUAL-NEUTRAL:40613.4 VIRTUAL-NEUTRAL-SKIN2:40047.1 VIRTUAL-QUIET-NEUTRAL:37136.3 VIRTUAL-SKIN:40613.4 disp_therm:36180 gnss_tcxo_therm:42258 neutral_therm:38383 quiet_therm:36602 skin_therm1:42601 skin_therm2:43930 
03-11 01:22:25.873  2277  2530 D TemperatureStateSource: getDeviceTemperatures: sequence=8789 deviceTemperatureType=3 temperatureSource=0 temperatures=[40.613354]
03-11 01:22:25.873  2277  2530 D BusinessScope: Enqueuing the block
03-11 01:22:25.873  2277  2530 D TemperatureStateSource: sequence=8789 waitTime=10000
03-11 01:22:25.873  2277  2530 D BusinessScope: Start running the #17706 block
03-11 01:22:25.873  2277  2530 D BusinessScope: Enqueuing the block
03-11 01:22:25.873  2277  2530 D ImpulseStateSource: Notify clients: 8850
03-11 01:22:25.873  2277  2530 D BusinessScope: Finish running the #17706 block
03-11 01:22:25.873  2277  2530 D BusinessScope: Start running the #17707 block
03-11 01:22:25.873  2277  2530 D BusinessScope: Finish running the #17707 block
03-11 01:22:26.124  1701  1717 I pixel-thermal: cellular-emergency:40.6134 raw data: VIRTUAL-SKIN:40613.4 cellular-emergency:40613.4 
03-11 01:22:26.125  1701  1717 I pixel-thermal: VIRTUAL-SKIN-CPU:40.6134 raw data: VIRTUAL-SKIN:40613.4 VIRTUAL-SKIN-CPU:40613.4 
03-11 01:22:26.125  1701  1717 I pixel-thermal: VIRTUAL-SKIN-CPU power_budget=1254.66 err=0.386646 s_power=800 time_elapsed_ms=7008 p=154.659 i=300 d=-0 dt_per_min=nan compensation=0 budget transient=0 control target=3 excluded power budget=0
03-11 01:22:26.125  1701  1717 I pixel-thermal: VIRTUAL-SKIN-CPU binded power rails: (S2M_VDD_CPUCL2: 17.40 mW)(S4M_VDD_CPUCL0: 418.55 mW)(S3M_VDD_CPUCL1: 518.72 mW)
03-11 01:22:26.125  1701  1717 I pixel-thermal: neutral_therm:38.383 raw data: neutral_therm:38383 
03-11 01:22:26.125  1701  1717 I pixel-thermal: VIRTUAL-SKIN:40.6134 raw data: VIRTUAL-SKIN:40613.4 
03-11 01:22:26.125  1701  1717 I pixel-thermal: VIRTUAL-SKIN-CPU-GPU:40.6134 raw data: VIRTUAL-SKIN:40613.4 VIRTUAL-SKIN-CPU-GPU:40613.4 
03-11 01:22:26.125  1701  1717 I pixel-thermal: VIRTUAL-SKIN-CPU-GPU power_budget=2115.99 err=4.38665 s_power=800 time_elapsed_ms=7008 p=1315.99 i=0 d=-0 dt_per_min=nan compensation=0 budget transient=0 control target=3 excluded power budget=0
03-11 01:22:26.125  1701  1717 I pixel-thermal: VIRTUAL-SKIN-CPU-GPU binded power rails: (S4M_VDD_CPUCL0: 418.55 mW)(S2M_VDD_CPUCL2: 17.40 mW)(S3M_VDD_CPUCL1: 518.72 mW)(S2S_VDD_G3D: 1.67 mW)
03-11 01:22:26.125  1701  1717 I pixel-thermal: VIRTUAL-SKIN-HINT:40.6134 raw data: VIRTUAL-SKIN:40613.4 VIRTUAL-SKIN-HINT:40613.4 
03-11 01:22:26.125  1701  1717 I pixel-thermal: VIRTUAL-SKIN-CHARGE:40.6134 raw data: VIRTUAL-SKIN:40613.4 VIRTUAL-SKIN-CHARGE:40613.4 
03-11 01:22:26.125  1701  1717 I pixel-thermal: VIRTUAL-SKIN-CHARGE's fcc binded power rail POWER_FOR_CHARGING_THROTTLING: power threshold = 500, avg power = 1273.76
03-11 01:22:26.125  1701  1717 I pixel-thermal: Successfully update cdev thermal-cpufreq-1 sysfs to 1
03-11 01:22:26.125  1701  1717 I pixel-thermal: Successfully update cdev thermal-cpufreq-0 sysfs to 0
03-11 01:22:27.121 26597 26652 D Capacitor: Handling local request: https://localhost/api/vision/capture-requests
03-11 01:22:28.120 26597 26652 D Capacitor: Handling local request: https://localhost/api/vision/capture-requests
03-11 01:22:28.834  1676  1922 D ActivityManager: freezing 23198 com.google.android.apps.photos
03-11 01:22:28.837  1676  1980 D InetDiagMessage: Destroyed 0 sockets, proto=IPPROTO_TCP, family=AF_INET, states=14
03-11 01:22:28.837  1676  1980 D InetDiagMessage: Destroyed 0 sockets, proto=IPPROTO_TCP, family=AF_INET6, states=14
03-11 01:22:28.837  1676  1980 D InetDiagMessage: Destroyed live tcp sockets for uids={10184} in 1ms
03-11 01:22:30.121 26597 26652 D Capacitor: Handling local request: https://localhost/api/apps/runs
03-11 01:22:30.121 26597 26656 D Capacitor: Handling local request: https://localhost/api/vision/capture-requests
03-11 01:22:31.120 26597 26652 D Capacitor: Handling local request: https://localhost/api/vision/capture-requests
03-11 01:22:31.939 26646 26650 W ocessService0:0: userfaultfd: MOVE ioctl seems unsupported: Connection timed out
03-11 01:22:32.770 26597 27052 I ai.elizaos.app: hiddenapi: Accessing hidden method Ldalvik/system/VMStack;->getStackClass2()Ljava/lang/Class; (runtime_flags=0, domain=core-platform, api=unsupported) from LWV/v7; (domain=app, TargetSdkVersion=35) using reflection: allowed
03-11 01:22:32.774  1676  1922 D ActivityManager: freezing 21736 com.google.android.gms
03-11 01:22:32.781 26597 27052 E FilePhenotypeFlags: Config package com.google.android.gms.clearcut_client#ai.elizaos.app cannot use FILE backing without declarative registration. See go/phenotype-android-integration#phenotype for more information. This will lead to stale flags.
03-11 01:22:32.811 26597 27052 E FilePhenotypeFlags: Config package com.google.android.gms.clearcut_client#ai.elizaos.app cannot use FILE backing without declarative registration. See go/phenotype-android-integration#phenotype for more information. This will lead to stale flags.
03-11 01:22:32.812 26597 27052 E FilePhenotypeFlags: Config package com.google.android.gms.clearcut_client#ai.elizaos.app cannot use FILE backing without declarative registration. See go/phenotype-android-integration#phenotype for more information. This will lead to stale flags.
03-11 01:22:33.120 26597 26652 D Capacitor: Handling local request: https://localhost/api/vision/capture-requests
03-11 01:22:33.136  1701  1717 I pixel-thermal: cellular-emergency:40.5738 raw data: VIRTUAL-NEUTRAL:40573.8 VIRTUAL-NEUTRAL-SKIN2:40018.4 VIRTUAL-QUIET-NEUTRAL:37172.5 VIRTUAL-SKIN:40573.8 cellular-emergency:40573.8 disp_therm:36202 gnss_tcxo_therm:42258 neutral_therm:38450 quiet_therm:36625 skin_therm1:42464 skin_therm2:43678 
03-11 01:22:33.136  1701  1717 I pixel-thermal: VIRTUAL-SKIN-CPU:40.5738 raw data: VIRTUAL-SKIN:40573.8 VIRTUAL-SKIN-CPU:40573.8 
03-11 01:22:33.136  1701  1717 I pixel-thermal: VIRTUAL-SKIN-CPU power_budget=1270.48 err=0.426197 s_power=800 time_elapsed_ms=7010 p=170.479 i=300 d=0 dt_per_min=nan compensation=0 budget transient=0 control target=3 excluded power budget=0
03-11 01:22:33.136  1701  1717 I pixel-thermal: VIRTUAL-SKIN-CPU binded power rails: (S2M_VDD_CPUCL2: 16.79 mW)(S4M_VDD_CPUCL0: 459.47 mW)(S3M_VDD_CPUCL1: 631.01 mW)
03-11 01:22:33.136  1701  1717 I pixel-thermal: neutral_therm:38.45 raw data: neutral_therm:38450 
03-11 01:22:33.136  1701  1717 I pixel-thermal: VIRTUAL-SKIN:40.5738 raw data: VIRTUAL-SKIN:40573.8 
03-11 01:22:33.136  1701  1717 I pixel-thermal: VIRTUAL-SKIN-CPU-GPU:40.5738 raw data: VIRTUAL-SKIN:40573.8 VIRTUAL-SKIN-CPU-GPU:40573.8 
03-11 01:22:33.136  1701  1717 I pixel-thermal: VIRTUAL-SKIN-CPU-GPU power_budget=2127.86 err=4.4262 s_power=800 time_elapsed_ms=7010 p=1327.86 i=0 d=0 dt_per_min=nan compensation=0 budget transient=0 control target=3 excluded power budget=0
03-11 01:22:33.136  1701  1717 I pixel-thermal: VIRTUAL-SKIN-CPU-GPU binded power rails: (S4M_VDD_CPUCL0: 459.47 mW)(S2M_VDD_CPUCL2: 16.79 mW)(S2S_VDD_G3D: 1.72 mW)(S3M_VDD_CPUCL1: 631.01 mW)
03-11 01:22:33.136  1701  1717 I pixel-thermal: VIRTUAL-SKIN-HINT:40.5738 raw data: VIRTUAL-SKIN:40573.8 VIRTUAL-SKIN-HINT:40573.8 
03-11 01:22:33.136  1701  1717 I pixel-thermal: VIRTUAL-SKIN-CHARGE:40.5738 raw data: VIRTUAL-SKIN:40573.8 VIRTUAL-SKIN-CHARGE:40573.8 
03-11 01:22:33.136  1701  1717 I pixel-thermal: VIRTUAL-SKIN-CHARGE's fcc binded power rail POWER_FOR_CHARGING_THROTTLING: power threshold = 500, avg power = 1443.74
03-11 01:22:33.136  1701  1717 I pixel-thermal: Successfully update cdev thermal-cpufreq-1 sysfs to 2
03-11 01:22:34.121 26597 26652 D Capacitor: Handling local request: https://localhost/api/vision/capture-requests
03-11 01:22:35.121 26597 26652 D Capacitor: Handling local request: https://localhost/api/apps/runs
03-11 01:22:35.873  2277  2530 D TemperatureStateSource: sequence=8789 actualDelay=10000
03-11 01:22:35.873  2277  2530 D TemperatureStateSource: Reading temperature: sequence=8790
03-11 01:22:35.874  1701  1701 I pixel-thermal: VIRTUAL-SKIN:40.4804 raw data: VIRTUAL-NEUTRAL:40480.4 VIRTUAL-NEUTRAL-SKIN2:39932.7 VIRTUAL-QUIET-NEUTRAL:37159.3 VIRTUAL-SKIN:40480.4 disp_therm:36202 gnss_tcxo_therm:42143 neutral_therm:38406 quiet_therm:36625 skin_therm1:42326 skin_therm2:43495 
03-11 01:22:35.875  2277  2530 D TemperatureStateSource: getDeviceTemperatures: sequence=8790 deviceTemperatureType=3 temperatureSource=0 temperatures=[40.480354]
03-11 01:22:35.875  2277  2530 D BusinessScope: Enqueuing the block
03-11 01:22:35.875  2277  2530 D TemperatureStateSource: sequence=8790 waitTime=10000
03-11 01:22:35.875  2277  2530 D BusinessScope: Start running the #17708 block
03-11 01:22:35.875  2277  2530 D BusinessScope: Enqueuing the block
03-11 01:22:35.875  2277  2530 D ImpulseStateSource: Notify clients: 8851
03-11 01:22:35.875  2277  2530 D BusinessScope: Finish running the #17708 block
03-11 01:22:35.875  2277  2530 D BusinessScope: Start running the #17709 block
03-11 01:22:35.875  2277  2530 D BusinessScope: Finish running the #17709 block
03-11 01:22:36.120 26597 26652 D Capacitor: Handling local request: https://localhost/api/vision/capture-requests
03-11 01:22:37.121 26597 26652 D Capacitor: Handling local request: https://localhost/api/vision/capture-requests
03-11 01:22:39.121 26597 26652 D Capacitor: Handling local request: https://localhost/api/vision/capture-requests
03-11 01:22:40.121 26597 26652 D Capacitor: Handling local request: https://localhost/api/apps/runs
03-11 01:22:40.121 26597 26656 D Capacitor: Handling local request: https://localhost/api/vision/capture-requests
03-11 01:22:40.144  1701  1717 I pixel-thermal: cellular-emergency:40.4804 raw data: VIRTUAL-NEUTRAL:40480.4 VIRTUAL-NEUTRAL-SKIN2:39932.7 VIRTUAL-QUIET-NEUTRAL:37159.3 VIRTUAL-SKIN:40480.4 cellular-emergency:40480.4 disp_therm:36202 gnss_tcxo_therm:42143 neutral_therm:38406 quiet_therm:36625 skin_therm1:42326 skin_therm2:43495 
03-11 01:22:40.144  1701  1717 I pixel-thermal: VIRTUAL-SKIN-CPU:40.4804 raw data: VIRTUAL-SKIN:40480.4 VIRTUAL-SKIN-CPU:40480.4 
03-11 01:22:40.144  1701  1717 I pixel-thermal: VIRTUAL-SKIN-CPU power_budget=1307.86 err=0.519646 s_power=800 time_elapsed_ms=7008 p=207.858 i=300 d=0 dt_per_min=nan compensation=0 budget transient=0 control target=3 excluded power budget=0
03-11 01:22:40.144  1701  1717 I pixel-thermal: VIRTUAL-SKIN-CPU binded power rails: (S2M_VDD_CPUCL2: 20.25 mW)(S4M_VDD_CPUCL0: 446.55 mW)(S3M_VDD_CPUCL1: 503.25 mW)
03-11 01:22:40.144  1701  1717 I pixel-thermal: neutral_therm:38.406 raw data: neutral_therm:38406 
03-11 01:22:40.144  1701  1717 I pixel-thermal: VIRTUAL-SKIN:40.4804 raw data: VIRTUAL-SKIN:40480.4 
03-11 01:22:40.144  1701  1717 I pixel-thermal: VIRTUAL-SKIN-CPU-GPU:40.4804 raw data: VIRTUAL-SKIN:40480.4 VIRTUAL-SKIN-CPU-GPU:40480.4 
03-11 01:22:40.144  1701  1717 I pixel-thermal: VIRTUAL-SKIN-CPU-GPU power_budget=2155.89 err=4.51965 s_power=800 time_elapsed_ms=7008 p=1355.89 i=0 d=0 dt_per_min=nan compensation=0 budget transient=0 control target=3 excluded power budget=0
03-11 01:22:40.144  1701  1717 I pixel-thermal: VIRTUAL-SKIN-CPU-GPU binded power rails: (S4M_VDD_CPUCL0: 446.55 mW)(S2M_VDD_CPUCL2: 20.25 mW)(S3M_VDD_CPUCL1: 503.25 mW)(S2S_VDD_G3D: 1.71 mW)
03-11 01:22:40.144  1701  1717 I pixel-thermal: VIRTUAL-SKIN-HINT:40.4804 raw data: VIRTUAL-SKIN:40480.4 VIRTUAL-SKIN-HINT:40480.4 
03-11 01:22:40.145  1701  1717 I pixel-thermal: VIRTUAL-SKIN-CHARGE:40.4804 raw data: VIRTUAL-SKIN:40480.4 VIRTUAL-SKIN-CHARGE:40480.4 
03-11 01:22:40.145  1701  1717 I pixel-thermal: VIRTUAL-SKIN-CHARGE's fcc binded power rail POWER_FOR_CHARGING_THROTTLING: power threshold = 500, avg power = 1292.64
03-11 01:22:40.145  1701  1717 I pixel-thermal: Successfully update cdev thermal-cpufreq-1 sysfs to 1
03-11 01:22:42.121 26597 26652 D Capacitor: Handling local request: https://localhost/api/vision/capture-requests
03-11 01:22:43.120 26597 26652 D Capacitor: Handling local request: https://localhost/api/vision/capture-requests
03-11 01:22:45.120 26597 26652 D Capacitor: Handling local request: https://localhost/api/apps/runs
03-11 01:22:45.121 26597 26652 D Capacitor: Handling local request: https://localhost/api/vision/capture-requests
03-11 01:22:45.875  2277  2530 D TemperatureStateSource: sequence=8790 actualDelay=10000
03-11 01:22:45.875  2277  2530 D TemperatureStateSource: Reading temperature: sequence=8791
03-11 01:22:45.877  1701  1701 I pixel-thermal: VIRTUAL-SKIN:40.4107 raw data: VIRTUAL-NEUTRAL:40410.7 VIRTUAL-NEUTRAL-SKIN2:39884.4 VIRTUAL-QUIET-NEUTRAL:37174.7 VIRTUAL-SKIN:40410.7 disp_therm:36157 gnss_tcxo_therm:42052 neutral_therm:38406 quiet_therm:36647 skin_therm1:42212 skin_therm2:43334 
03-11 01:22:45.877  2277  2530 D TemperatureStateSource: getDeviceTemperatures: sequence=8791 deviceTemperatureType=3 temperatureSource=0 temperatures=[40.4107]
03-11 01:22:45.878  2277  2530 D BusinessScope: Enqueuing the block
03-11 01:22:45.878  2277  2530 D TemperatureStateSource: sequence=8791 waitTime=10000
03-11 01:22:45.878  2277  2530 D BusinessScope: Start running the #17710 block
03-11 01:22:45.879  1701  1701 I pixel-thermal: VIRTUAL-SKIN:40.4107 raw data: VIRTUAL-SKIN:40410.7 
03-11 01:22:45.880  2277  2530 I TemperatureStateSource: temperature was set
03-11 01:22:45.880  2277  2530 D BusinessScope: Enqueuing the block
03-11 01:22:45.880  2277  2530 D ImpulseStateSource: Notify clients: 8852
03-11 01:22:45.880  2277  2530 D BusinessScope: Finish running the #17710 block
03-11 01:22:45.880  2277  2530 D BusinessScope: Start running the #17711 block
03-11 01:22:45.880  2277  3422 D ImpulseConnection: timeout happen: com.google.android.apps.turbo
03-11 01:22:45.880  2277  3422 D ImpulseConnection: unbindService for releasing a CONNECTED connection com.google.android.apps.turbo
03-11 01:22:45.883  2277  3422 D ImpulseConnection: bindService: com.google.android.apps.turbo
03-11 01:22:45.886  1676  2043 D BackgroundInstallControlService: Package event received: 0
03-11 01:22:45.887  1676  2043 D BackgroundInstallControlService: Package event received: 0
03-11 01:22:45.889  2277  2277 D ImpulseConnection: onServiceConnected: ComponentInfo{com.google.android.apps.turbo/com.google.android.apps.turbo.adaptiveplatform.impulse.ImpulseClientService} service is null false
03-11 01:22:45.890  2277  2530 D BusinessScope: Finish running the #17711 block
03-11 01:22:45.895   471 26906 W Turbo.DeviceHealthLeversManagerImpl: applyLeversWithMaintenanceWindow: ignore the same request
03-11 01:22:46.120 26597 26652 D Capacitor: Handling local request: https://localhost/api/vision/capture-requests
03-11 01:22:47.152  1701  1717 I pixel-thermal: cellular-emergency:40.4107 raw data: VIRTUAL-SKIN:40410.7 cellular-emergency:40410.7 
03-11 01:22:47.152  1701  1717 I pixel-thermal: VIRTUAL-SKIN-CPU:40.4107 raw data: VIRTUAL-SKIN:40410.7 VIRTUAL-SKIN-CPU:40410.7 
03-11 01:22:47.152  1701  1717 I pixel-thermal: VIRTUAL-SKIN-CPU power_budget=1335.72 err=0.589298 s_power=800 time_elapsed_ms=7007 p=235.719 i=300 d=0 dt_per_min=nan compensation=0 budget transient=0 control target=3 excluded power budget=0
03-11 01:22:47.152  1701  1717 I pixel-thermal: VIRTUAL-SKIN-CPU binded power rails: (S4M_VDD_CPUCL0: 424.51 mW)(S2M_VDD_CPUCL2: 10.81 mW)(S3M_VDD_CPUCL1: 626.42 mW)
03-11 01:22:47.152  1701  1717 I pixel-thermal: neutral_therm:38.406 raw data: neutral_therm:38406 
03-11 01:22:47.152  1701  1717 I pixel-thermal: VIRTUAL-SKIN:40.4107 raw data: VIRTUAL-SKIN:40410.7 
03-11 01:22:47.152  1701  1717 I pixel-thermal: VIRTUAL-SKIN-CPU-GPU:40.4107 raw data: VIRTUAL-SKIN:40410.7 VIRTUAL-SKIN-CPU-GPU:40410.7 
03-11 01:22:47.152  1701  1717 I pixel-thermal: VIRTUAL-SKIN-CPU-GPU power_budget=2176.79 err=4.5893 s_power=800 time_elapsed_ms=7007 p=1376.79 i=0 d=0 dt_per_min=nan compensation=0 budget transient=0 control target=3 excluded power budget=0
03-11 01:22:47.152  1701  1717 I pixel-thermal: VIRTUAL-SKIN-CPU-GPU binded power rails: (S4M_VDD_CPUCL0: 424.51 mW)(S2M_VDD_CPUCL2: 10.81 mW)(S2S_VDD_G3D: 1.72 mW)(S3M_VDD_CPUCL1: 626.42 mW)
03-11 01:22:47.152  1701  1717 I pixel-thermal: VIRTUAL-SKIN-HINT:40.4107 raw data: VIRTUAL-SKIN:40410.7 VIRTUAL-SKIN-HINT:40410.7 
03-11 01:22:47.152  1701  1717 I pixel-thermal: VIRTUAL-SKIN-CHARGE:40.4107 raw data: VIRTUAL-SKIN:40410.7 VIRTUAL-SKIN-CHARGE:40410.7 
03-11 01:22:47.152  1701  1717 I pixel-thermal: VIRTUAL-SKIN-CHARGE's fcc binded power rail POWER_FOR_CHARGING_THROTTLING: power threshold = 500, avg power = 1393.75
03-11 01:22:47.152  1701  1717 I pixel-thermal: Successfully update cdev thermal-cpufreq-1 sysfs to 0
03-11 01:22:47.574 31410 27169 W jyah    : [{0}] Failed to resolve name. status={1}
03-11 01:22:48.120 26597 26652 D Capacitor: Handling local request: https://localhost/api/vision/capture-requests
03-11 01:22:49.120 26597 26652 D Capacitor: Handling local request: https://localhost/api/vision/capture-requests
03-11 01:22:50.121 26597 26652 D Capacitor: Handling local request: https://localhost/api/apps/runs
03-11 01:22:51.120 26597 26652 D Capacitor: Handling local request: https://localhost/api/vision/capture-requests
03-11 01:22:52.121 26597 26652 D Capacitor: Handling local request: https://localhost/api/vision/capture-requests
03-11 01:22:52.560  2246 23856 I BluetoothAdapterProperties: getBondedDevices: length=13
03-11 01:22:52.561  2246 23856 I BluetoothAdapterProperties: getBondedDevices: length=13
03-11 01:22:54.120 26597 26652 D Capacitor: Handling local request: https://localhost/api/vision/capture-requests
03-11 01:22:54.160  1701  1717 I pixel-thermal: cellular-emergency:40.2843 raw data: VIRTUAL-NEUTRAL:40284.3 VIRTUAL-NEUTRAL-SKIN2:39810.2 VIRTUAL-QUIET-NEUTRAL:37139.2 VIRTUAL-SKIN:40284.3 cellular-emergency:40284.3 disp_therm:36180 gnss_tcxo_therm:41800 neutral_therm:38339 quiet_therm:36625 skin_therm1:42006 skin_therm2:43243 
03-11 01:22:54.160  1701  1717 I pixel-thermal: VIRTUAL-SKIN-CPU:40.2843 raw data: VIRTUAL-SKIN:40284.3 VIRTUAL-SKIN-CPU:40284.3 
03-11 01:22:54.160  1701  1717 I pixel-thermal: VIRTUAL-SKIN-CPU power_budget=1386.28 err=0.715698 s_power=800 time_elapsed_ms=7008 p=286.279 i=300 d=0 dt_per_min=nan compensation=0 budget transient=0 control target=3 excluded power budget=0
03-11 01:22:54.160  1701  1717 I pixel-thermal: VIRTUAL-SKIN-CPU binded power rails: (S4M_VDD_CPUCL0: 446.25 mW)(S2M_VDD_CPUCL2: 15.54 mW)(S3M_VDD_CPUCL1: 754.68 mW)
03-11 01:22:54.160  1701  1717 I pixel-thermal: neutral_therm:38.339 raw data: neutral_therm:38339 
03-11 01:22:54.160  1701  1717 I pixel-thermal: VIRTUAL-SKIN:40.2843 raw data: VIRTUAL-SKIN:40284.3 
03-11 01:22:54.161  1701  1717 I pixel-thermal: VIRTUAL-SKIN-CPU-GPU:40.2843 raw data: VIRTUAL-SKIN:40284.3 VIRTUAL-SKIN-CPU-GPU:40284.3 
03-11 01:22:54.161  1701  1717 I pixel-thermal: VIRTUAL-SKIN-CPU-GPU power_budget=2214.71 err=4.7157 s_power=800 time_elapsed_ms=7008 p=1414.71 i=0 d=0 dt_per_min=nan compensation=0 budget transient=0 control target=3 excluded power budget=0
03-11 01:22:54.161  1701  1717 I pixel-thermal: VIRTUAL-SKIN-CPU-GPU binded power rails: (S4M_VDD_CPUCL0: 446.25 mW)(S2M_VDD_CPUCL2: 15.54 mW)(S2S_VDD_G3D: 1.77 mW)(S3M_VDD_CPUCL1: 754.68 mW)
03-11 01:22:54.161  1701  1717 I pixel-thermal: VIRTUAL-SKIN-HINT:40.2843 raw data: VIRTUAL-SKIN:40284.3 VIRTUAL-SKIN-HINT:40284.3 
03-11 01:22:54.161  1701  1717 I pixel-thermal: VIRTUAL-SKIN-CHARGE:40.2843 raw data: VIRTUAL-SKIN:40284.3 VIRTUAL-SKIN-CHARGE:40284.3 
03-11 01:22:54.161  1701  1717 I pixel-thermal: VIRTUAL-SKIN-CHARGE's fcc binded power rail POWER_FOR_CHARGING_THROTTLING: power threshold = 500, avg power = 1616.1
03-11 01:22:55.121 26597 26652 D Capacitor: Handling local request: https://localhost/api/apps/runs
03-11 01:22:55.122 26597 26652 D Capacitor: Handling local request: https://localhost/api/vision/capture-requests
03-11 01:22:55.878  2277  2432 D TemperatureStateSource: sequence=8791 actualDelay=10000
03-11 01:22:55.878  2277  2432 D TemperatureStateSource: Reading temperature: sequence=8792
03-11 01:22:55.880  1701  1701 I pixel-thermal: VIRTUAL-SKIN:40.2843 raw data: VIRTUAL-SKIN:40284.3 
03-11 01:22:55.880  2277  2432 D TemperatureStateSource: getDeviceTemperatures: sequence=8792 deviceTemperatureType=3 temperatureSource=0 temperatures=[40.2843]
03-11 01:22:55.880  2277  2432 D BusinessScope: Enqueuing the block
03-11 01:22:55.880  2277  2432 D TemperatureStateSource: sequence=8792 waitTime=10000
03-11 01:22:55.880  2277  2432 D BusinessScope: Start running the #17712 block
03-11 01:22:55.881  1701  1701 I pixel-thermal: VIRTUAL-SKIN:40.2843 raw data: VIRTUAL-SKIN:40284.3 
03-11 01:22:55.881  2277  2432 I TemperatureStateSource: temperature was set
03-11 01:22:55.881  2277  2432 D BusinessScope: Enqueuing the block
03-11 01:22:55.881  2277  2432 D ImpulseStateSource: Notify clients: 8853
03-11 01:22:55.881  2277  2432 D BusinessScope: Finish running the #17712 block
03-11 01:22:55.881  2277  2432 D BusinessScope: Start running the #17713 block
03-11 01:22:55.882  2277  2432 D BusinessScope: Finish running the #17713 block
03-11 01:22:55.885   471 27151 W Turbo.DeviceHealthLeversManagerImpl: applyLeversWithMaintenanceWindow: ignore the same request
03-11 01:22:57.122 26597 26652 D Capacitor: Handling local request: https://localhost/api/vision/capture-requests
03-11 01:22:58.119 26597 26652 D Capacitor: Handling local request: https://localhost/api/vision/capture-requests
03-11 01:23:00.022   623   679 E hwc-display: [PrimaryDisplay] resetColorMappingInfoForClientComp:: resetColorMappingInfo() idx=1 error(-22)
03-11 01:23:00.022   623   679 E hwc-display: Fail to open file /data/vendor/log/hwc/PrimaryDisplay_hwc_error_log0.txt, error: Permission denied
03-11 01:23:00.022   623   679 E hwc-display: Fail to open file /data/log/PrimaryDisplay_hwc_error_log0.txt, error: No such file or directory
03-11 01:23:00.022   623   679 E hwc-display: Unable to open log file for PrimaryDisplay_hwc_error_log0.txt
03-11 01:23:00.022   623   679 E hwc-display: [PrimaryDisplay] resetColorMappingInfoForClientComp:: resetColorMappingInfo() idx=2 error(-22)
03-11 01:23:00.022   623   679 E hwc-display: Fail to open file /data/vendor/log/hwc/PrimaryDisplay_hwc_error_log0.txt, error: Permission denied
03-11 01:23:00.022   623   679 E hwc-display: Fail to open file /data/log/PrimaryDisplay_hwc_error_log0.txt, error: No such file or directory
03-11 01:23:00.022   623   679 E hwc-display: Unable to open log file for PrimaryDisplay_hwc_error_log0.txt
03-11 01:23:00.020   623   623 W HwBinder:623_2: type=1400 audit(0.0:8273): avc:  denied  { search } for  name="log" dev="dm-65" ino=236 scontext=u:r:hal_graphics_composer_default:s0 tcontext=u:object_r:vendor_log_file:s0 tclass=dir permissive=0
03-11 01:23:00.020   623   623 W HwBinder:623_2: type=1400 audit(0.0:8274): avc:  denied  { search } for  name="log" dev="dm-65" ino=236 scontext=u:r:hal_graphics_composer_default:s0 tcontext=u:object_r:vendor_log_file:s0 tclass=dir permissive=0
03-11 01:23:00.020   623   623 W HwBinder:623_2: type=1400 audit(0.0:8275): avc:  denied  { search } for  name="log" dev="dm-65" ino=236 scontext=u:r:hal_graphics_composer_default:s0 tcontext=u:object_r:vendor_log_file:s0 tclass=dir permissive=0
03-11 01:23:00.020   623   623 W HwBinder:623_2: type=1400 audit(0.0:8276): avc:  denied  { search } for  name="log" dev="dm-65" ino=236 scontext=u:r:hal_graphics_composer_default:s0 tcontext=u:object_r:vendor_log_file:s0 tclass=dir permissive=0
03-11 01:23:00.121 26597 26652 D Capacitor: Handling local request: https://localhost/api/apps/runs
03-11 01:23:00.123 26597 26652 D Capacitor: Handling local request: https://localhost/api/vision/capture-requests
03-11 01:23:00.206  7273  7273 I block_engine.manager: onEvent from com.android.systemui (false)
03-11 01:23:01.044  1701  1717 I pixel-thermal: VIRTUAL-USB-UI:0 raw data: USB2-MINUS-CHG:-10211 VIRTUAL-USB-UI:0 charger_skin_therm:46034 usb_pwr_therm2:35823 
03-11 01:23:01.044  1701  1717 I pixel-thermal: VIRTUAL-USB-THROTTLING:0 raw data: USB2-MINUS-CHG:-10211 VIRTUAL-USB-THROTTLING:0 usb_pwr_therm2:35823 
03-11 01:23:01.044  1701  1717 I pixel-thermal: Power rails total power: 1803.29 mW for 60008 ms
03-11 01:23:01.044  1701  1717 I pixel-thermal: Power rails [L8S_UFS_VCCQ: 19.98 mW] [S2S_VDD_G3D: 2.30 mW] [S10S_VDD2L: 9.56 mW] [S5S_VDDQ_MEM: 23.21 mW] [S4S_VDD2H_MEM: 101.82 mW] [S9S_VDD_AOC: 10.88 mW] 
03-11 01:23:01.044  1701  1717 I pixel-thermal: Power rails [S10M_VDD_TPU: 1.88 mW] [L2S_VDD_AOC_RET: 6.97 mW] [L9S_GNSS_CORE: 7.00 mW] [S1M_VDD_MIF: 218.39 mW] [S5M_VDD_INT: 32.38 mW] [S4M_VDD_CPUCL0: 501.35 mW] 
03-11 01:23:01.044  1701  1717 I pixel-thermal: Power rails [S2M_VDD_CPUCL2: 56.85 mW] [S3M_VDD_CPUCL1: 667.58 mW] [L15M_VDD_SLC_M: 21.14 mW] [VSYS_PWR_DISPLAY: 122.00 mW] 
03-11 01:23:01.044  1701  1717 I pixel-thermal: CDEV log usbc-port state:0 fcc state:6 thermal-cpufreq-1 state:0 tpu_cooling state:2 thermal-gpufreq-0 state:0 thermal-cpufreq-2 state:0 thermal-cpufreq-0 state:0 
03-11 01:23:01.120 26597 26652 D Capacitor: Handling local request: https://localhost/api/vision/capture-requests
03-11 01:23:01.162  1701  1717 I pixel-thermal: cellular-emergency:40.3013 raw data: VIRTUAL-NEUTRAL:40301.3 VIRTUAL-NEUTRAL-SKIN2:39821.4 VIRTUAL-QUIET-NEUTRAL:37163.1 VIRTUAL-SKIN:40301.3 cellular-emergency:40301.3 disp_therm:36202 gnss_tcxo_therm:41800 neutral_therm:38316 quiet_therm:36669 skin_therm1:42052 skin_therm2:43334 
03-11 01:23:01.162  1701  1717 I pixel-thermal: VIRTUAL-SKIN-CPU:40.3013 raw data: VIRTUAL-SKIN:40301.3 VIRTUAL-SKIN-CPU:40301.3 
03-11 01:23:01.162  1701  1717 I pixel-thermal: VIRTUAL-SKIN-CPU power_budget=1379.48 err=0.6987 s_power=800 time_elapsed_ms=7003 p=279.48 i=300 d=-0 dt_per_min=nan compensation=0 budget transient=0 control target=3 excluded power budget=0
03-11 01:23:01.162  1701  1717 I pixel-thermal: VIRTUAL-SKIN-CPU binded power rails: (S4M_VDD_CPUCL0: 445.10 mW)(S2M_VDD_CPUCL2: 14.99 mW)(S3M_VDD_CPUCL1: 707.83 mW)
03-11 01:23:01.162  1701  1717 I pixel-thermal: neutral_therm:38.316 raw data: neutral_therm:38316 
03-11 01:23:01.162  1701  1717 I pixel-thermal: VIRTUAL-SKIN:40.3013 raw data: VIRTUAL-SKIN:40301.3 
03-11 01:23:01.162  1701  1717 I pixel-thermal: VIRTUAL-SKIN-CPU-GPU:40.3013 raw data: VIRTUAL-SKIN:40301.3 VIRTUAL-SKIN-CPU-GPU:40301.3 
03-11 01:23:01.162  1701  1717 I pixel-thermal: VIRTUAL-SKIN-CPU-GPU power_budget=2209.61 err=4.6987 s_power=800 time_elapsed_ms=7003 p=1409.61 i=0 d=-0 dt_per_min=nan compensation=0 budget transient=0 control target=3 excluded power budget=0
03-11 01:23:01.162  1701  1717 I pixel-thermal: VIRTUAL-SKIN-CPU-GPU binded power rails: (S4M_VDD_CPUCL0: 445.10 mW)(S2M_VDD_CPUCL2: 14.99 mW)(S2S_VDD_G3D: 2.19 mW)(S3M_VDD_CPUCL1: 707.83 mW)
03-11 01:23:01.162  1701  1717 I pixel-thermal: VIRTUAL-SKIN-HINT:40.3013 raw data: VIRTUAL-SKIN:40301.3 VIRTUAL-SKIN-HINT:40301.3 
03-11 01:23:01.162  1701  1717 I pixel-thermal: VIRTUAL-SKIN-CHARGE:40.3013 raw data: VIRTUAL-SKIN:40301.3 VIRTUAL-SKIN-CHARGE:40301.3 
03-11 01:23:01.162  1701  1717 I pixel-thermal: VIRTUAL-SKIN-CHARGE's fcc binded power rail POWER_FOR_CHARGING_THROTTLING: power threshold = 500, avg power = 1559.93
03-11 01:23:01.761  1676  1969 E WifiScoringParams: Invalid frequency(-1), using 5G as default rssi array
03-11 01:23:01.762  1676  1976 I WifiScanningService: Registering listener= com.android.server.wifi.scanner.WifiScannerInternal$ScanListener@68cc6a6 uid=1000 packageName=null workSource=WorkSource{1000}
03-11 01:23:01.762  1676  1976 I WifiScanningService: start scan: ClientInfo[uid=1000, package=null, attributionTag=null, com.android.server.wifi.scanner.WifiScannerInternal$ScanListener@68cc6a6] package null AttributionTag null
03-11 01:23:01.762  1676  1969 V WifiConnectivityManager: schedulePeriodicScanTimer intervalMs 160000
03-11 01:23:01.762  1676  1976 I WifiScanningService: addSingleScanRequest: ClientInfo[uid=1000, package=null, attributionTag=null, com.android.server.wifi.scanner.WifiScannerInternal$ScanListener@68cc6a6],WorkSource{1010}, ScanSettings {  type:HIGH ACCURACY band:24Ghz & 5Ghz (DFS incl) & 6Ghz ignoreLocationSettings:false period:0 reportEvents:3 numBssidsPerScan:0 maxScansToCache:0 rnrSetting:1 6GhzPscOnlyEnabled:true channels:[  ]  } 
03-11 01:23:01.762  1676  1976 D WifiScanningService: replySucceeded onSuccess
03-11 01:23:01.866  2741  2741 D wpa_supplicant: nl80211: Drv Event 33 (NL80211_CMD_TRIGGER_SCAN) received for wlan0
03-11 01:23:01.866  2741  2741 D wpa_supplicant: wlan0: nl80211: Scan trigger
03-11 01:23:01.866  2741  2741 D wpa_supplicant: wlan0: Event SCAN_STARTED (47) received
03-11 01:23:01.866  2741  2741 D wpa_supplicant: wlan0: External program started a scan
03-11 01:23:03.122 26597 26652 D Capacitor: Handling local request: https://localhost/api/vision/capture-requests
03-11 01:23:04.120 26597 26652 D Capacitor: Handling local request: https://localhost/api/vision/capture-requests
03-11 01:23:04.806  2741  2741 D wpa_supplicant: nl80211: Drv Event 34 (NL80211_CMD_NEW_SCAN_RESULTS) received for wlan0
03-11 01:23:04.807  1676  5176 D WifiNl80211Manager: Scan result ready event
03-11 01:23:04.807  2741  2741 D wpa_supplicant: wlan0: nl80211: New scan results available
03-11 01:23:04.807  1676  5176 D WifiNative: Scan result ready event
03-11 01:23:04.807  2741  2741 D wpa_supplicant: nl80211: Scan probed for SSID ''
03-11 01:23:04.807  2741  2741 D wpa_supplicant: nl80211: Scan included frequencies: 2412 2417 2422 2427 2432 2437 2442 2447 2452 2457 2462 2467 2472 5180 5200 5220 5240 5260 5280 5300 5320 5500 5520 5540 5560 5580 5600 5620 5640 5660 5680 5700 5720 5745 5765 5785 5805 5825 5845 5865 5885 5975 6055 6135 6215 6295 6375 6455 6535 6615 6695 6775 6855 6935 7015 7095
03-11 01:23:04.807  2741  2741 D wpa_supplicant: wlan0: Event SCAN_RESULTS (3) received
03-11 01:23:04.807  2741  2741 D wpa_supplicant: nl80211: Received scan results (48 BSSes)
03-11 01:23:04.808  2741  2741 D wpa_supplicant: wlan0: BSS: Start scan result update 437
03-11 01:23:04.808  2741  2741 D wpa_supplicant: wlan0: BSS: Add new id 6489 BSSID 7a:ac:b9:cd:0b:15 SSID '' freq 2412
03-11 01:23:04.808  2741  2741 D wpa_supplicant: wlan0: BSS: Add new id 6490 BSSID 82:83:c2:8d:86:f7 SSID '' freq 2462
03-11 01:23:04.808  2741  2741 D wpa_supplicant: wlan0: BSS: Add new id 6491 BSSID ee:63:da:eb:31:1c SSID '' freq 5805
03-11 01:23:04.808  2741  2741 D wpa_supplicant: wlan0: BSS: Add new id 6492 BSSID ea:63:da:eb:31:1c SSID '' freq 5805
03-11 01:23:04.808  2741  2741 D wpa_supplicant: wlan0: BSS: Add new id 6493 BSSID 7a:ac:b9:cd:0a:a1 SSID '' freq 2462
03-11 01:23:04.808  2741  2741 D wpa_supplicant: wlan0: BSS: Add new id 6494 BSSID e0:63:da:eb:4f:86 SSID 'The School' freq 5745
03-11 01:23:04.808  2741  2741 D wpa_supplicant: wlan0: BSS: Add new id 6495 BSSID e6:63:da:eb:4f:86 SSID '' freq 5745
03-11 01:23:04.808  2741  2741 D wpa_supplicant: wlan0: BSS: Add new id 6496 BSSID ea:63:da:eb:4f:86 SSID '' freq 5745
